13:33:11 **** Build of configuration Debug for project FreeRTOS-CMSIS-OS ****
make all 
Building file: ../src/main.c
Invoking: Cross ARM GNU C Compiler
arm-none-eabi-gcc -mcpu=cortex-m0plus -mthumb -O0 -fmessage-length=0 -fsigned-char -ffunction-sections -fdata-sections -ffreestanding -fno-move-loop-invariants  -g3 -DDEBUG -DTRACE -I"../include" -I"../system/include" -I"../system/include/arm" -I"../system/include/cmsis" -I"../system/include/cortexm" -I"../system/include/diag" -I"../system/include/stm32l0xx" -I"../system/include/FreeRTOS" -std=gnu11 -MMD -MP -MF"src/main.d" -MT"src/main.o" -c -o "src/main.o" "../src/main.c"
Finished building: ../src/main.c
 
Building target: FreeRTOS-CMSIS-OS.elf
Invoking: Cross ARM GNU C++ Linker
arm-none-eabi-g++ -mcpu=cortex-m0plus -mthumb -O0 -fmessage-length=0 -fsigned-char -ffunction-sections -fdata-sections -ffreestanding -fno-move-loop-invariants  -g3 -T mem.ld -T libs.ld -T sections.ld -nostartfiles -Xlinker --gc-sections -L"../ldscripts" -Wl,-Map,"FreeRTOS-CMSIS-OS.map" -o "FreeRTOS-CMSIS-OS.elf"  ./system/src/stm32l0xx/stm32l0xx_hal.o ./system/src/stm32l0xx/stm32l0xx_hal_adc.o ./system/src/stm32l0xx/stm32l0xx_hal_adc_ex.o ./system/src/stm32l0xx/stm32l0xx_hal_comp.o ./system/src/stm32l0xx/stm32l0xx_hal_comp_ex.o ./system/src/stm32l0xx/stm32l0xx_hal_cortex.o ./system/src/stm32l0xx/stm32l0xx_hal_crc.o ./system/src/stm32l0xx/stm32l0xx_hal_crc_ex.o ./system/src/stm32l0xx/stm32l0xx_hal_cryp.o ./system/src/stm32l0xx/stm32l0xx_hal_cryp_ex.o ./system/src/stm32l0xx/stm32l0xx_hal_dac.o ./system/src/stm32l0xx/stm32l0xx_hal_dac_ex.o ./system/src/stm32l0xx/stm32l0xx_hal_dma.o ./system/src/stm32l0xx/stm32l0xx_hal_firewall.o ./system/src/stm32l0xx/stm32l0xx_hal_flash.o ./system/src/stm32l0xx/stm32l0xx_hal_flash_ex.o ./system/src/stm32l0xx/stm32l0xx_hal_flash_ramfunc.o ./system/src/stm32l0xx/stm32l0xx_hal_gpio.o ./system/src/stm32l0xx/stm32l0xx_hal_i2c.o ./system/src/stm32l0xx/stm32l0xx_hal_i2c_ex.o ./system/src/stm32l0xx/stm32l0xx_hal_i2s.o ./system/src/stm32l0xx/stm32l0xx_hal_irda.o ./system/src/stm32l0xx/stm32l0xx_hal_iwdg.o ./system/src/stm32l0xx/stm32l0xx_hal_lcd.o ./system/src/stm32l0xx/stm32l0xx_hal_lptim.o ./system/src/stm32l0xx/stm32l0xx_hal_pcd.o ./system/src/stm32l0xx/stm32l0xx_hal_pcd_ex.o ./system/src/stm32l0xx/stm32l0xx_hal_pwr.o ./system/src/stm32l0xx/stm32l0xx_hal_pwr_ex.o ./system/src/stm32l0xx/stm32l0xx_hal_rcc.o ./system/src/stm32l0xx/stm32l0xx_hal_rcc_ex.o ./system/src/stm32l0xx/stm32l0xx_hal_rng.o ./system/src/stm32l0xx/stm32l0xx_hal_rtc.o ./system/src/stm32l0xx/stm32l0xx_hal_rtc_ex.o ./system/src/stm32l0xx/stm32l0xx_hal_smartcard.o ./system/src/stm32l0xx/stm32l0xx_hal_smartcard_ex.o ./system/src/stm32l0xx/stm32l0xx_hal_smbus.o ./system/src/stm32l0xx/stm32l0xx_hal_spi.o ./system/src/stm32l0xx/stm32l0xx_hal_tim.o ./system/src/stm32l0xx/stm32l0xx_hal_tim_ex.o ./system/src/stm32l0xx/stm32l0xx_hal_tsc.o ./system/src/stm32l0xx/stm32l0xx_hal_uart.o ./system/src/stm32l0xx/stm32l0xx_hal_uart_ex.o ./system/src/stm32l0xx/stm32l0xx_hal_usart.o ./system/src/stm32l0xx/stm32l0xx_hal_wwdg.o ./system/src/stm32l0xx/stm32l0xx_ll_adc.o ./system/src/stm32l0xx/stm32l0xx_ll_comp.o ./system/src/stm32l0xx/stm32l0xx_ll_crc.o ./system/src/stm32l0xx/stm32l0xx_ll_crs.o ./system/src/stm32l0xx/stm32l0xx_ll_dac.o ./system/src/stm32l0xx/stm32l0xx_ll_dma.o ./system/src/stm32l0xx/stm32l0xx_ll_exti.o ./system/src/stm32l0xx/stm32l0xx_ll_gpio.o ./system/src/stm32l0xx/stm32l0xx_ll_i2c.o ./system/src/stm32l0xx/stm32l0xx_ll_lptim.o ./system/src/stm32l0xx/stm32l0xx_ll_lpuart.o ./system/src/stm32l0xx/stm32l0xx_ll_pwr.o ./system/src/stm32l0xx/stm32l0xx_ll_rcc.o ./system/src/stm32l0xx/stm32l0xx_ll_rng.o ./system/src/stm32l0xx/stm32l0xx_ll_rtc.o ./system/src/stm32l0xx/stm32l0xx_ll_spi.o ./system/src/stm32l0xx/stm32l0xx_ll_tim.o ./system/src/stm32l0xx/stm32l0xx_ll_usart.o ./system/src/stm32l0xx/stm32l0xx_ll_utils.o  ./system/src/newlib/_cxx.o ./system/src/newlib/_exit.o ./system/src/newlib/_sbrk.o ./system/src/newlib/_startup.o ./system/src/newlib/_syscalls.o ./system/src/newlib/assert.o  ./system/src/diag/Trace.o ./system/src/diag/trace_impl.o  ./system/src/cortexm/_initialize_hardware.o ./system/src/cortexm/_reset_hardware.o ./system/src/cortexm/exception_handlers.o  ./system/src/cmsis/startup_stm32l053xx.o ./system/src/cmsis/system_stm32l0xx.o  ./system/src/FreeRTOS/cmsis_os.o ./system/src/FreeRTOS/croutine.o ./system/src/FreeRTOS/event_groups.o ./system/src/FreeRTOS/heap_2.o ./system/src/FreeRTOS/list.o ./system/src/FreeRTOS/port.o ./system/src/FreeRTOS/queue.o ./system/src/FreeRTOS/tasks.o ./system/src/FreeRTOS/timers.o  ./src/freertos.o ./src/main.o ./src/stm32l0xx_hal_msp.o ./src/stm32l0xx_it.o   
Finished building target: FreeRTOS-CMSIS-OS.elf
 
Invoking: Cross ARM GNU Create Flash Image
arm-none-eabi-objcopy -O ihex "FreeRTOS-CMSIS-OS.elf"  "FreeRTOS-CMSIS-OS.hex"
Finished building: FreeRTOS-CMSIS-OS.hex
 
Invoking: Cross ARM GNU Print Size
arm-none-eabi-size --format=berkeley "FreeRTOS-CMSIS-OS.elf"
   text	   data	    bss	    dec	    hex	filename
  42896	   2544	   4120	  49560	   c198	FreeRTOS-CMSIS-OS.elf
Finished building: FreeRTOS-CMSIS-OS.siz
 

13:33:12 Build Finished (took 1s.6ms)

