11:08:37 **** Incremental Build of configuration Debug for project FreeRTOS-CMSIS-OS ****
make all 
Building file: ../src/main.c
Invoking: Cross ARM GNU C Compiler
arm-none-eabi-gcc -mcpu=cortex-m0plus -mthumb -O0 -fmessage-length=0 -fsigned-char -ffunction-sections -fdata-sections -ffreestanding -fno-move-loop-invariants  -g3 -DDEBUG -DTRACE -I"../include" -I"../system/include" -I"../system/include/arm" -I"../system/include/cmsis" -I"../system/include/cortexm" -I"../system/include/diag" -I"../system/include/stm32l0xx" -I"../system/include/FreeRTOS" -std=gnu11 -MMD -MP -MF"src/main.d" -MT"src/main.o" -c -o "src/main.o" "../src/main.c"
Finished building: ../src/main.c
 
Building target: FreeRTOS-CMSIS-OS.elf
Invoking: Cross ARM GNU C++ Linker
arm-none-eabi-g++ -mcpu=cortex-m0plus -mthumb -O0 -fmessage-length=0 -fsigned-char -ffunction-sections -fdata-sections -ffreestanding -fno-move-loop-invariants  -g3 -T mem.ld -T libs.ld -T sections.ld -nostartfiles -Xlinker --gc-sections -L"../ldscripts" -Wl,-Map,"FreeRTOS-CMSIS-OS.map" -o "FreeRTOS-CMSIS-OS.elf"  ./system/src/stm32l0xx/stm32l0xx_hal.o ./system/src/stm32l0xx/stm32l0xx_hal_adc.o ./system/src/stm32l0xx/stm32l0xx_hal_adc_ex.o ./system/src/stm32l0xx/stm32l0xx_hal_comp.o ./system/src/stm32l0xx/stm32l0xx_hal_comp_ex.o ./system/src/stm32l0xx/stm32l0xx_hal_cortex.o ./system/src/stm32l0xx/stm32l0xx_hal_crc.o ./system/src/stm32l0xx/stm32l0xx_hal_crc_ex.o ./system/src/stm32l0xx/stm32l0xx_hal_cryp.o ./system/src/stm32l0xx/stm32l0xx_hal_cryp_ex.o ./system/src/stm32l0xx/stm32l0xx_hal_dac.o ./system/src/stm32l0xx/stm32l0xx_hal_dac_ex.o ./system/src/stm32l0xx/stm32l0xx_hal_dma.o ./system/src/stm32l0xx/stm32l0xx_hal_firewall.o ./system/src/stm32l0xx/stm32l0xx_hal_flash.o ./system/src/stm32l0xx/stm32l0xx_hal_flash_ex.o ./system/src/stm32l0xx/stm32l0xx_hal_flash_ramfunc.o ./system/src/stm32l0xx/stm32l0xx_hal_gpio.o ./system/src/stm32l0xx/stm32l0xx_hal_i2c.o ./system/src/stm32l0xx/stm32l0xx_hal_i2c_ex.o ./system/src/stm32l0xx/stm32l0xx_hal_i2s.o ./system/src/stm32l0xx/stm32l0xx_hal_irda.o ./system/src/stm32l0xx/stm32l0xx_hal_iwdg.o ./system/src/stm32l0xx/stm32l0xx_hal_lcd.o ./system/src/stm32l0xx/stm32l0xx_hal_lptim.o ./system/src/stm32l0xx/stm32l0xx_hal_pcd.o ./system/src/stm32l0xx/stm32l0xx_hal_pcd_ex.o ./system/src/stm32l0xx/stm32l0xx_hal_pwr.o ./system/src/stm32l0xx/stm32l0xx_hal_pwr_ex.o ./system/src/stm32l0xx/stm32l0xx_hal_rcc.o ./system/src/stm32l0xx/stm32l0xx_hal_rcc_ex.o ./system/src/stm32l0xx/stm32l0xx_hal_rng.o ./system/src/stm32l0xx/stm32l0xx_hal_rtc.o ./system/src/stm32l0xx/stm32l0xx_hal_rtc_ex.o ./system/src/stm32l0xx/stm32l0xx_hal_smartcard.o ./system/src/stm32l0xx/stm32l0xx_hal_smartcard_ex.o ./system/src/stm32l0xx/stm32l0xx_hal_smbus.o ./system/src/stm32l0xx/stm32l0xx_hal_spi.o ./system/src/stm32l0xx/stm32l0xx_hal_tim.o ./system/src/stm32l0xx/stm32l0xx_hal_tim_ex.o ./system/src/stm32l0xx/stm32l0xx_hal_tsc.o ./system/src/stm32l0xx/stm32l0xx_hal_uart.o ./system/src/stm32l0xx/stm32l0xx_hal_uart_ex.o ./system/src/stm32l0xx/stm32l0xx_hal_usart.o ./system/src/stm32l0xx/stm32l0xx_hal_wwdg.o ./system/src/stm32l0xx/stm32l0xx_ll_adc.o ./system/src/stm32l0xx/stm32l0xx_ll_comp.o ./system/src/stm32l0xx/stm32l0xx_ll_crc.o ./system/src/stm32l0xx/stm32l0xx_ll_crs.o ./system/src/stm32l0xx/stm32l0xx_ll_dac.o ./system/src/stm32l0xx/stm32l0xx_ll_dma.o ./system/src/stm32l0xx/stm32l0xx_ll_exti.o ./system/src/stm32l0xx/stm32l0xx_ll_gpio.o ./system/src/stm32l0xx/stm32l0xx_ll_i2c.o ./system/src/stm32l0xx/stm32l0xx_ll_lptim.o ./system/src/stm32l0xx/stm32l0xx_ll_lpuart.o ./system/src/stm32l0xx/stm32l0xx_ll_pwr.o ./system/src/stm32l0xx/stm32l0xx_ll_rcc.o ./system/src/stm32l0xx/stm32l0xx_ll_rng.o ./system/src/stm32l0xx/stm32l0xx_ll_rtc.o ./system/src/stm32l0xx/stm32l0xx_ll_spi.o ./system/src/stm32l0xx/stm32l0xx_ll_tim.o ./system/src/stm32l0xx/stm32l0xx_ll_usart.o ./system/src/stm32l0xx/stm32l0xx_ll_utils.o  ./system/src/newlib/_cxx.o ./system/src/newlib/_exit.o ./system/src/newlib/_sbrk.o ./system/src/newlib/_startup.o ./system/src/newlib/_syscalls.o ./system/src/newlib/assert.o  ./system/src/diag/Trace.o ./system/src/diag/trace_impl.o  ./system/src/cortexm/_initialize_hardware.o ./system/src/cortexm/_reset_hardware.o ./system/src/cortexm/exception_handlers.o  ./system/src/cmsis/startup_stm32l053xx.o ./system/src/cmsis/system_stm32l0xx.o  ./system/src/FreeRTOS/cmsis_os.o ./system/src/FreeRTOS/croutine.o ./system/src/FreeRTOS/event_groups.o ./system/src/FreeRTOS/heap_2.o ./system/src/FreeRTOS/list.o ./system/src/FreeRTOS/port.o ./system/src/FreeRTOS/queue.o ./system/src/FreeRTOS/tasks.o ./system/src/FreeRTOS/timers.o  ./src/freertos.o ./src/main.o ./src/stm32l0xx_hal_msp.o ./src/stm32l0xx_it.o   
Finished building target: FreeRTOS-CMSIS-OS.elf
 
Invoking: Cross ARM GNU Create Flash Image
arm-none-eabi-objcopy -O ihex "FreeRTOS-CMSIS-OS.elf"  "FreeRTOS-CMSIS-OS.hex"
Finished building: FreeRTOS-CMSIS-OS.hex
 
Invoking: Cross ARM GNU Print Size
arm-none-eabi-size --format=berkeley "FreeRTOS-CMSIS-OS.elf"
   text	   data	    bss	    dec	    hex	filename
  42856	   2544	   4184	  49584	   c1b0	FreeRTOS-CMSIS-OS.elf
Finished building: FreeRTOS-CMSIS-OS.siz
 
11:08:52 **** Incremental Build of configuration Debug for project FreeRTOS-CMSIS-OS ****
make all 
Invoking: Cross ARM GNU Print Size
arm-none-eabi-size --format=berkeley "FreeRTOS-CMSIS-OS.elf"
   text	   data	    bss	    dec	    hex	filename
  42856	   2544	   4184	  49584	   c1b0	FreeRTOS-CMSIS-OS.elf
Finished building: FreeRTOS-CMSIS-OS.siz
 
11:11:09 **** Incremental Build of configuration Debug for project FreeRTOS-CMSIS-OS ****
make all 
Invoking: Cross ARM GNU Print Size
arm-none-eabi-size --format=berkeley "FreeRTOS-CMSIS-OS.elf"
   text	   data	    bss	    dec	    hex	filename
  42856	   2544	   4184	  49584	   c1b0	FreeRTOS-CMSIS-OS.elf
Finished building: FreeRTOS-CMSIS-OS.siz
 
11:14:20 **** Incremental Build of configuration Debug for project FreeRTOS-CMSIS-OS ****
make all 
Building file: ../system/src/stm32l0xx/stm32l0xx_hal.c
Invoking: Cross ARM GNU C Compiler
arm-none-eabi-gcc -mcpu=cortex-m0plus -mthumb -O0 -fmessage-length=0 -fsigned-char -ffunction-sections -fdata-sections -ffreestanding -fno-move-loop-invariants  -g3 -DDEBUG -DTRACE -I"../include" -I"../system/include" -I"../system/include/arm" -I"../system/include/cmsis" -I"../system/include/cortexm" -I"../system/include/diag" -I"../system/include/stm32l0xx" -I"../system/include/FreeRTOS" -std=gnu11 -MMD -MP -MF"system/src/stm32l0xx/stm32l0xx_hal.d" -MT"system/src/stm32l0xx/stm32l0xx_hal.o" -c -o "system/src/stm32l0xx/stm32l0xx_hal.o" "../system/src/stm32l0xx/stm32l0xx_hal.c"
Finished building: ../system/src/stm32l0xx/stm32l0xx_hal.c
 
Building file: ../system/src/stm32l0xx/stm32l0xx_hal_adc.c
Invoking: Cross ARM GNU C Compiler
arm-none-eabi-gcc -mcpu=cortex-m0plus -mthumb -O0 -fmessage-length=0 -fsigned-char -ffunction-sections -fdata-sections -ffreestanding -fno-move-loop-invariants  -g3 -DDEBUG -DTRACE -I"../include" -I"../system/include" -I"../system/include/arm" -I"../system/include/cmsis" -I"../system/include/cortexm" -I"../system/include/diag" -I"../system/include/stm32l0xx" -I"../system/include/FreeRTOS" -std=gnu11 -MMD -MP -MF"system/src/stm32l0xx/stm32l0xx_hal_adc.d" -MT"system/src/stm32l0xx/stm32l0xx_hal_adc.o" -c -o "system/src/stm32l0xx/stm32l0xx_hal_adc.o" "../system/src/stm32l0xx/stm32l0xx_hal_adc.c"
Finished building: ../system/src/stm32l0xx/stm32l0xx_hal_adc.c
 
Building file: ../system/src/stm32l0xx/stm32l0xx_hal_adc_ex.c
Invoking: Cross ARM GNU C Compiler
arm-none-eabi-gcc -mcpu=cortex-m0plus -mthumb -O0 -fmessage-length=0 -fsigned-char -ffunction-sections -fdata-sections -ffreestanding -fno-move-loop-invariants  -g3 -DDEBUG -DTRACE -I"../include" -I"../system/include" -I"../system/include/arm" -I"../system/include/cmsis" -I"../system/include/cortexm" -I"../system/include/diag" -I"../system/include/stm32l0xx" -I"../system/include/FreeRTOS" -std=gnu11 -MMD -MP -MF"system/src/stm32l0xx/stm32l0xx_hal_adc_ex.d" -MT"system/src/stm32l0xx/stm32l0xx_hal_adc_ex.o" -c -o "system/src/stm32l0xx/stm32l0xx_hal_adc_ex.o" "../system/src/stm32l0xx/stm32l0xx_hal_adc_ex.c"
Finished building: ../system/src/stm32l0xx/stm32l0xx_hal_adc_ex.c
 
Building file: ../system/src/stm32l0xx/stm32l0xx_hal_comp.c
Invoking: Cross ARM GNU C Compiler
arm-none-eabi-gcc -mcpu=cortex-m0plus -mthumb -O0 -fmessage-length=0 -fsigned-char -ffunction-sections -fdata-sections -ffreestanding -fno-move-loop-invariants  -g3 -DDEBUG -DTRACE -I"../include" -I"../system/include" -I"../system/include/arm" -I"../system/include/cmsis" -I"../system/include/cortexm" -I"../system/include/diag" -I"../system/include/stm32l0xx" -I"../system/include/FreeRTOS" -std=gnu11 -MMD -MP -MF"system/src/stm32l0xx/stm32l0xx_hal_comp.d" -MT"system/src/stm32l0xx/stm32l0xx_hal_comp.o" -c -o "system/src/stm32l0xx/stm32l0xx_hal_comp.o" "../system/src/stm32l0xx/stm32l0xx_hal_comp.c"
Finished building: ../system/src/stm32l0xx/stm32l0xx_hal_comp.c
 
Building file: ../system/src/stm32l0xx/stm32l0xx_hal_comp_ex.c
Invoking: Cross ARM GNU C Compiler
arm-none-eabi-gcc -mcpu=cortex-m0plus -mthumb -O0 -fmessage-length=0 -fsigned-char -ffunction-sections -fdata-sections -ffreestanding -fno-move-loop-invariants  -g3 -DDEBUG -DTRACE -I"../include" -I"../system/include" -I"../system/include/arm" -I"../system/include/cmsis" -I"../system/include/cortexm" -I"../system/include/diag" -I"../system/include/stm32l0xx" -I"../system/include/FreeRTOS" -std=gnu11 -MMD -MP -MF"system/src/stm32l0xx/stm32l0xx_hal_comp_ex.d" -MT"system/src/stm32l0xx/stm32l0xx_hal_comp_ex.o" -c -o "system/src/stm32l0xx/stm32l0xx_hal_comp_ex.o" "../system/src/stm32l0xx/stm32l0xx_hal_comp_ex.c"
Finished building: ../system/src/stm32l0xx/stm32l0xx_hal_comp_ex.c
 
Building file: ../system/src/stm32l0xx/stm32l0xx_hal_cortex.c
Invoking: Cross ARM GNU C Compiler
arm-none-eabi-gcc -mcpu=cortex-m0plus -mthumb -O0 -fmessage-length=0 -fsigned-char -ffunction-sections -fdata-sections -ffreestanding -fno-move-loop-invariants  -g3 -DDEBUG -DTRACE -I"../include" -I"../system/include" -I"../system/include/arm" -I"../system/include/cmsis" -I"../system/include/cortexm" -I"../system/include/diag" -I"../system/include/stm32l0xx" -I"../system/include/FreeRTOS" -std=gnu11 -MMD -MP -MF"system/src/stm32l0xx/stm32l0xx_hal_cortex.d" -MT"system/src/stm32l0xx/stm32l0xx_hal_cortex.o" -c -o "system/src/stm32l0xx/stm32l0xx_hal_cortex.o" "../system/src/stm32l0xx/stm32l0xx_hal_cortex.c"
Finished building: ../system/src/stm32l0xx/stm32l0xx_hal_cortex.c
 
Building file: ../system/src/stm32l0xx/stm32l0xx_hal_crc.c
Invoking: Cross ARM GNU C Compiler
arm-none-eabi-gcc -mcpu=cortex-m0plus -mthumb -O0 -fmessage-length=0 -fsigned-char -ffunction-sections -fdata-sections -ffreestanding -fno-move-loop-invariants  -g3 -DDEBUG -DTRACE -I"../include" -I"../system/include" -I"../system/include/arm" -I"../system/include/cmsis" -I"../system/include/cortexm" -I"../system/include/diag" -I"../system/include/stm32l0xx" -I"../system/include/FreeRTOS" -std=gnu11 -MMD -MP -MF"system/src/stm32l0xx/stm32l0xx_hal_crc.d" -MT"system/src/stm32l0xx/stm32l0xx_hal_crc.o" -c -o "system/src/stm32l0xx/stm32l0xx_hal_crc.o" "../system/src/stm32l0xx/stm32l0xx_hal_crc.c"
Finished building: ../system/src/stm32l0xx/stm32l0xx_hal_crc.c
 
Building file: ../system/src/stm32l0xx/stm32l0xx_hal_crc_ex.c
Invoking: Cross ARM GNU C Compiler
arm-none-eabi-gcc -mcpu=cortex-m0plus -mthumb -O0 -fmessage-length=0 -fsigned-char -ffunction-sections -fdata-sections -ffreestanding -fno-move-loop-invariants  -g3 -DDEBUG -DTRACE -I"../include" -I"../system/include" -I"../system/include/arm" -I"../system/include/cmsis" -I"../system/include/cortexm" -I"../system/include/diag" -I"../system/include/stm32l0xx" -I"../system/include/FreeRTOS" -std=gnu11 -MMD -MP -MF"system/src/stm32l0xx/stm32l0xx_hal_crc_ex.d" -MT"system/src/stm32l0xx/stm32l0xx_hal_crc_ex.o" -c -o "system/src/stm32l0xx/stm32l0xx_hal_crc_ex.o" "../system/src/stm32l0xx/stm32l0xx_hal_crc_ex.c"
Finished building: ../system/src/stm32l0xx/stm32l0xx_hal_crc_ex.c
 
Building file: ../system/src/stm32l0xx/stm32l0xx_hal_dac.c
Invoking: Cross ARM GNU C Compiler
arm-none-eabi-gcc -mcpu=cortex-m0plus -mthumb -O0 -fmessage-length=0 -fsigned-char -ffunction-sections -fdata-sections -ffreestanding -fno-move-loop-invariants  -g3 -DDEBUG -DTRACE -I"../include" -I"../system/include" -I"../system/include/arm" -I"../system/include/cmsis" -I"../system/include/cortexm" -I"../system/include/diag" -I"../system/include/stm32l0xx" -I"../system/include/FreeRTOS" -std=gnu11 -MMD -MP -MF"system/src/stm32l0xx/stm32l0xx_hal_dac.d" -MT"system/src/stm32l0xx/stm32l0xx_hal_dac.o" -c -o "system/src/stm32l0xx/stm32l0xx_hal_dac.o" "../system/src/stm32l0xx/stm32l0xx_hal_dac.c"
Finished building: ../system/src/stm32l0xx/stm32l0xx_hal_dac.c
 
Building file: ../system/src/stm32l0xx/stm32l0xx_hal_dac_ex.c
Invoking: Cross ARM GNU C Compiler
arm-none-eabi-gcc -mcpu=cortex-m0plus -mthumb -O0 -fmessage-length=0 -fsigned-char -ffunction-sections -fdata-sections -ffreestanding -fno-move-loop-invariants  -g3 -DDEBUG -DTRACE -I"../include" -I"../system/include" -I"../system/include/arm" -I"../system/include/cmsis" -I"../system/include/cortexm" -I"../system/include/diag" -I"../system/include/stm32l0xx" -I"../system/include/FreeRTOS" -std=gnu11 -MMD -MP -MF"system/src/stm32l0xx/stm32l0xx_hal_dac_ex.d" -MT"system/src/stm32l0xx/stm32l0xx_hal_dac_ex.o" -c -o "system/src/stm32l0xx/stm32l0xx_hal_dac_ex.o" "../system/src/stm32l0xx/stm32l0xx_hal_dac_ex.c"
Finished building: ../system/src/stm32l0xx/stm32l0xx_hal_dac_ex.c
 
Building file: ../system/src/stm32l0xx/stm32l0xx_hal_dma.c
Invoking: Cross ARM GNU C Compiler
arm-none-eabi-gcc -mcpu=cortex-m0plus -mthumb -O0 -fmessage-length=0 -fsigned-char -ffunction-sections -fdata-sections -ffreestanding -fno-move-loop-invariants  -g3 -DDEBUG -DTRACE -I"../include" -I"../system/include" -I"../system/include/arm" -I"../system/include/cmsis" -I"../system/include/cortexm" -I"../system/include/diag" -I"../system/include/stm32l0xx" -I"../system/include/FreeRTOS" -std=gnu11 -MMD -MP -MF"system/src/stm32l0xx/stm32l0xx_hal_dma.d" -MT"system/src/stm32l0xx/stm32l0xx_hal_dma.o" -c -o "system/src/stm32l0xx/stm32l0xx_hal_dma.o" "../system/src/stm32l0xx/stm32l0xx_hal_dma.c"
Finished building: ../system/src/stm32l0xx/stm32l0xx_hal_dma.c
 
Building file: ../system/src/stm32l0xx/stm32l0xx_hal_firewall.c
Invoking: Cross ARM GNU C Compiler
arm-none-eabi-gcc -mcpu=cortex-m0plus -mthumb -O0 -fmessage-length=0 -fsigned-char -ffunction-sections -fdata-sections -ffreestanding -fno-move-loop-invariants  -g3 -DDEBUG -DTRACE -I"../include" -I"../system/include" -I"../system/include/arm" -I"../system/include/cmsis" -I"../system/include/cortexm" -I"../system/include/diag" -I"../system/include/stm32l0xx" -I"../system/include/FreeRTOS" -std=gnu11 -MMD -MP -MF"system/src/stm32l0xx/stm32l0xx_hal_firewall.d" -MT"system/src/stm32l0xx/stm32l0xx_hal_firewall.o" -c -o "system/src/stm32l0xx/stm32l0xx_hal_firewall.o" "../system/src/stm32l0xx/stm32l0xx_hal_firewall.c"
Finished building: ../system/src/stm32l0xx/stm32l0xx_hal_firewall.c
 
Building file: ../system/src/stm32l0xx/stm32l0xx_hal_flash.c
Invoking: Cross ARM GNU C Compiler
arm-none-eabi-gcc -mcpu=cortex-m0plus -mthumb -O0 -fmessage-length=0 -fsigned-char -ffunction-sections -fdata-sections -ffreestanding -fno-move-loop-invariants  -g3 -DDEBUG -DTRACE -I"../include" -I"../system/include" -I"../system/include/arm" -I"../system/include/cmsis" -I"../system/include/cortexm" -I"../system/include/diag" -I"../system/include/stm32l0xx" -I"../system/include/FreeRTOS" -std=gnu11 -MMD -MP -MF"system/src/stm32l0xx/stm32l0xx_hal_flash.d" -MT"system/src/stm32l0xx/stm32l0xx_hal_flash.o" -c -o "system/src/stm32l0xx/stm32l0xx_hal_flash.o" "../system/src/stm32l0xx/stm32l0xx_hal_flash.c"
Finished building: ../system/src/stm32l0xx/stm32l0xx_hal_flash.c
 
Building file: ../system/src/stm32l0xx/stm32l0xx_hal_flash_ex.c
Invoking: Cross ARM GNU C Compiler
arm-none-eabi-gcc -mcpu=cortex-m0plus -mthumb -O0 -fmessage-length=0 -fsigned-char -ffunction-sections -fdata-sections -ffreestanding -fno-move-loop-invariants  -g3 -DDEBUG -DTRACE -I"../include" -I"../system/include" -I"../system/include/arm" -I"../system/include/cmsis" -I"../system/include/cortexm" -I"../system/include/diag" -I"../system/include/stm32l0xx" -I"../system/include/FreeRTOS" -std=gnu11 -MMD -MP -MF"system/src/stm32l0xx/stm32l0xx_hal_flash_ex.d" -MT"system/src/stm32l0xx/stm32l0xx_hal_flash_ex.o" -c -o "system/src/stm32l0xx/stm32l0xx_hal_flash_ex.o" "../system/src/stm32l0xx/stm32l0xx_hal_flash_ex.c"
Finished building: ../system/src/stm32l0xx/stm32l0xx_hal_flash_ex.c
 
Building file: ../system/src/stm32l0xx/stm32l0xx_hal_flash_ramfunc.c
Invoking: Cross ARM GNU C Compiler
arm-none-eabi-gcc -mcpu=cortex-m0plus -mthumb -O0 -fmessage-length=0 -fsigned-char -ffunction-sections -fdata-sections -ffreestanding -fno-move-loop-invariants  -g3 -DDEBUG -DTRACE -I"../include" -I"../system/include" -I"../system/include/arm" -I"../system/include/cmsis" -I"../system/include/cortexm" -I"../system/include/diag" -I"../system/include/stm32l0xx" -I"../system/include/FreeRTOS" -std=gnu11 -MMD -MP -MF"system/src/stm32l0xx/stm32l0xx_hal_flash_ramfunc.d" -MT"system/src/stm32l0xx/stm32l0xx_hal_flash_ramfunc.o" -c -o "system/src/stm32l0xx/stm32l0xx_hal_flash_ramfunc.o" "../system/src/stm32l0xx/stm32l0xx_hal_flash_ramfunc.c"
Finished building: ../system/src/stm32l0xx/stm32l0xx_hal_flash_ramfunc.c
 
Building file: ../system/src/stm32l0xx/stm32l0xx_hal_gpio.c
Invoking: Cross ARM GNU C Compiler
arm-none-eabi-gcc -mcpu=cortex-m0plus -mthumb -O0 -fmessage-length=0 -fsigned-char -ffunction-sections -fdata-sections -ffreestanding -fno-move-loop-invariants  -g3 -DDEBUG -DTRACE -I"../include" -I"../system/include" -I"../system/include/arm" -I"../system/include/cmsis" -I"../system/include/cortexm" -I"../system/include/diag" -I"../system/include/stm32l0xx" -I"../system/include/FreeRTOS" -std=gnu11 -MMD -MP -MF"system/src/stm32l0xx/stm32l0xx_hal_gpio.d" -MT"system/src/stm32l0xx/stm32l0xx_hal_gpio.o" -c -o "system/src/stm32l0xx/stm32l0xx_hal_gpio.o" "../system/src/stm32l0xx/stm32l0xx_hal_gpio.c"
Finished building: ../system/src/stm32l0xx/stm32l0xx_hal_gpio.c
 
Building file: ../system/src/stm32l0xx/stm32l0xx_hal_i2c.c
Invoking: Cross ARM GNU C Compiler
arm-none-eabi-gcc -mcpu=cortex-m0plus -mthumb -O0 -fmessage-length=0 -fsigned-char -ffunction-sections -fdata-sections -ffreestanding -fno-move-loop-invariants  -g3 -DDEBUG -DTRACE -I"../include" -I"../system/include" -I"../system/include/arm" -I"../system/include/cmsis" -I"../system/include/cortexm" -I"../system/include/diag" -I"../system/include/stm32l0xx" -I"../system/include/FreeRTOS" -std=gnu11 -MMD -MP -MF"system/src/stm32l0xx/stm32l0xx_hal_i2c.d" -MT"system/src/stm32l0xx/stm32l0xx_hal_i2c.o" -c -o "system/src/stm32l0xx/stm32l0xx_hal_i2c.o" "../system/src/stm32l0xx/stm32l0xx_hal_i2c.c"
Finished building: ../system/src/stm32l0xx/stm32l0xx_hal_i2c.c
 
Building file: ../system/src/stm32l0xx/stm32l0xx_hal_i2c_ex.c
Invoking: Cross ARM GNU C Compiler
arm-none-eabi-gcc -mcpu=cortex-m0plus -mthumb -O0 -fmessage-length=0 -fsigned-char -ffunction-sections -fdata-sections -ffreestanding -fno-move-loop-invariants  -g3 -DDEBUG -DTRACE -I"../include" -I"../system/include" -I"../system/include/arm" -I"../system/include/cmsis" -I"../system/include/cortexm" -I"../system/include/diag" -I"../system/include/stm32l0xx" -I"../system/include/FreeRTOS" -std=gnu11 -MMD -MP -MF"system/src/stm32l0xx/stm32l0xx_hal_i2c_ex.d" -MT"system/src/stm32l0xx/stm32l0xx_hal_i2c_ex.o" -c -o "system/src/stm32l0xx/stm32l0xx_hal_i2c_ex.o" "../system/src/stm32l0xx/stm32l0xx_hal_i2c_ex.c"
Finished building: ../system/src/stm32l0xx/stm32l0xx_hal_i2c_ex.c
 
Building file: ../system/src/stm32l0xx/stm32l0xx_hal_i2s.c
Invoking: Cross ARM GNU C Compiler
arm-none-eabi-gcc -mcpu=cortex-m0plus -mthumb -O0 -fmessage-length=0 -fsigned-char -ffunction-sections -fdata-sections -ffreestanding -fno-move-loop-invariants  -g3 -DDEBUG -DTRACE -I"../include" -I"../system/include" -I"../system/include/arm" -I"../system/include/cmsis" -I"../system/include/cortexm" -I"../system/include/diag" -I"../system/include/stm32l0xx" -I"../system/include/FreeRTOS" -std=gnu11 -MMD -MP -MF"system/src/stm32l0xx/stm32l0xx_hal_i2s.d" -MT"system/src/stm32l0xx/stm32l0xx_hal_i2s.o" -c -o "system/src/stm32l0xx/stm32l0xx_hal_i2s.o" "../system/src/stm32l0xx/stm32l0xx_hal_i2s.c"
Finished building: ../system/src/stm32l0xx/stm32l0xx_hal_i2s.c
 
Building file: ../system/src/stm32l0xx/stm32l0xx_hal_irda.c
Invoking: Cross ARM GNU C Compiler
arm-none-eabi-gcc -mcpu=cortex-m0plus -mthumb -O0 -fmessage-length=0 -fsigned-char -ffunction-sections -fdata-sections -ffreestanding -fno-move-loop-invariants  -g3 -DDEBUG -DTRACE -I"../include" -I"../system/include" -I"../system/include/arm" -I"../system/include/cmsis" -I"../system/include/cortexm" -I"../system/include/diag" -I"../system/include/stm32l0xx" -I"../system/include/FreeRTOS" -std=gnu11 -MMD -MP -MF"system/src/stm32l0xx/stm32l0xx_hal_irda.d" -MT"system/src/stm32l0xx/stm32l0xx_hal_irda.o" -c -o "system/src/stm32l0xx/stm32l0xx_hal_irda.o" "../system/src/stm32l0xx/stm32l0xx_hal_irda.c"
Finished building: ../system/src/stm32l0xx/stm32l0xx_hal_irda.c
 
Building file: ../system/src/stm32l0xx/stm32l0xx_hal_iwdg.c
Invoking: Cross ARM GNU C Compiler
arm-none-eabi-gcc -mcpu=cortex-m0plus -mthumb -O0 -fmessage-length=0 -fsigned-char -ffunction-sections -fdata-sections -ffreestanding -fno-move-loop-invariants  -g3 -DDEBUG -DTRACE -I"../include" -I"../system/include" -I"../system/include/arm" -I"../system/include/cmsis" -I"../system/include/cortexm" -I"../system/include/diag" -I"../system/include/stm32l0xx" -I"../system/include/FreeRTOS" -std=gnu11 -MMD -MP -MF"system/src/stm32l0xx/stm32l0xx_hal_iwdg.d" -MT"system/src/stm32l0xx/stm32l0xx_hal_iwdg.o" -c -o "system/src/stm32l0xx/stm32l0xx_hal_iwdg.o" "../system/src/stm32l0xx/stm32l0xx_hal_iwdg.c"
Finished building: ../system/src/stm32l0xx/stm32l0xx_hal_iwdg.c
 
Building file: ../system/src/stm32l0xx/stm32l0xx_hal_lcd.c
Invoking: Cross ARM GNU C Compiler
arm-none-eabi-gcc -mcpu=cortex-m0plus -mthumb -O0 -fmessage-length=0 -fsigned-char -ffunction-sections -fdata-sections -ffreestanding -fno-move-loop-invariants  -g3 -DDEBUG -DTRACE -I"../include" -I"../system/include" -I"../system/include/arm" -I"../system/include/cmsis" -I"../system/include/cortexm" -I"../system/include/diag" -I"../system/include/stm32l0xx" -I"../system/include/FreeRTOS" -std=gnu11 -MMD -MP -MF"system/src/stm32l0xx/stm32l0xx_hal_lcd.d" -MT"system/src/stm32l0xx/stm32l0xx_hal_lcd.o" -c -o "system/src/stm32l0xx/stm32l0xx_hal_lcd.o" "../system/src/stm32l0xx/stm32l0xx_hal_lcd.c"
Finished building: ../system/src/stm32l0xx/stm32l0xx_hal_lcd.c
 
Building file: ../system/src/stm32l0xx/stm32l0xx_hal_lptim.c
Invoking: Cross ARM GNU C Compiler
arm-none-eabi-gcc -mcpu=cortex-m0plus -mthumb -O0 -fmessage-length=0 -fsigned-char -ffunction-sections -fdata-sections -ffreestanding -fno-move-loop-invariants  -g3 -DDEBUG -DTRACE -I"../include" -I"../system/include" -I"../system/include/arm" -I"../system/include/cmsis" -I"../system/include/cortexm" -I"../system/include/diag" -I"../system/include/stm32l0xx" -I"../system/include/FreeRTOS" -std=gnu11 -MMD -MP -MF"system/src/stm32l0xx/stm32l0xx_hal_lptim.d" -MT"system/src/stm32l0xx/stm32l0xx_hal_lptim.o" -c -o "system/src/stm32l0xx/stm32l0xx_hal_lptim.o" "../system/src/stm32l0xx/stm32l0xx_hal_lptim.c"
Finished building: ../system/src/stm32l0xx/stm32l0xx_hal_lptim.c
 
Building file: ../system/src/stm32l0xx/stm32l0xx_hal_pcd.c
Invoking: Cross ARM GNU C Compiler
arm-none-eabi-gcc -mcpu=cortex-m0plus -mthumb -O0 -fmessage-length=0 -fsigned-char -ffunction-sections -fdata-sections -ffreestanding -fno-move-loop-invariants  -g3 -DDEBUG -DTRACE -I"../include" -I"../system/include" -I"../system/include/arm" -I"../system/include/cmsis" -I"../system/include/cortexm" -I"../system/include/diag" -I"../system/include/stm32l0xx" -I"../system/include/FreeRTOS" -std=gnu11 -MMD -MP -MF"system/src/stm32l0xx/stm32l0xx_hal_pcd.d" -MT"system/src/stm32l0xx/stm32l0xx_hal_pcd.o" -c -o "system/src/stm32l0xx/stm32l0xx_hal_pcd.o" "../system/src/stm32l0xx/stm32l0xx_hal_pcd.c"
Finished building: ../system/src/stm32l0xx/stm32l0xx_hal_pcd.c
 
Building file: ../system/src/stm32l0xx/stm32l0xx_hal_pcd_ex.c
Invoking: Cross ARM GNU C Compiler
arm-none-eabi-gcc -mcpu=cortex-m0plus -mthumb -O0 -fmessage-length=0 -fsigned-char -ffunction-sections -fdata-sections -ffreestanding -fno-move-loop-invariants  -g3 -DDEBUG -DTRACE -I"../include" -I"../system/include" -I"../system/include/arm" -I"../system/include/cmsis" -I"../system/include/cortexm" -I"../system/include/diag" -I"../system/include/stm32l0xx" -I"../system/include/FreeRTOS" -std=gnu11 -MMD -MP -MF"system/src/stm32l0xx/stm32l0xx_hal_pcd_ex.d" -MT"system/src/stm32l0xx/stm32l0xx_hal_pcd_ex.o" -c -o "system/src/stm32l0xx/stm32l0xx_hal_pcd_ex.o" "../system/src/stm32l0xx/stm32l0xx_hal_pcd_ex.c"
Finished building: ../system/src/stm32l0xx/stm32l0xx_hal_pcd_ex.c
 
Building file: ../system/src/stm32l0xx/stm32l0xx_hal_pwr.c
Invoking: Cross ARM GNU C Compiler
arm-none-eabi-gcc -mcpu=cortex-m0plus -mthumb -O0 -fmessage-length=0 -fsigned-char -ffunction-sections -fdata-sections -ffreestanding -fno-move-loop-invariants  -g3 -DDEBUG -DTRACE -I"../include" -I"../system/include" -I"../system/include/arm" -I"../system/include/cmsis" -I"../system/include/cortexm" -I"../system/include/diag" -I"../system/include/stm32l0xx" -I"../system/include/FreeRTOS" -std=gnu11 -MMD -MP -MF"system/src/stm32l0xx/stm32l0xx_hal_pwr.d" -MT"system/src/stm32l0xx/stm32l0xx_hal_pwr.o" -c -o "system/src/stm32l0xx/stm32l0xx_hal_pwr.o" "../system/src/stm32l0xx/stm32l0xx_hal_pwr.c"
Finished building: ../system/src/stm32l0xx/stm32l0xx_hal_pwr.c
 
Building file: ../system/src/stm32l0xx/stm32l0xx_hal_pwr_ex.c
Invoking: Cross ARM GNU C Compiler
arm-none-eabi-gcc -mcpu=cortex-m0plus -mthumb -O0 -fmessage-length=0 -fsigned-char -ffunction-sections -fdata-sections -ffreestanding -fno-move-loop-invariants  -g3 -DDEBUG -DTRACE -I"../include" -I"../system/include" -I"../system/include/arm" -I"../system/include/cmsis" -I"../system/include/cortexm" -I"../system/include/diag" -I"../system/include/stm32l0xx" -I"../system/include/FreeRTOS" -std=gnu11 -MMD -MP -MF"system/src/stm32l0xx/stm32l0xx_hal_pwr_ex.d" -MT"system/src/stm32l0xx/stm32l0xx_hal_pwr_ex.o" -c -o "system/src/stm32l0xx/stm32l0xx_hal_pwr_ex.o" "../system/src/stm32l0xx/stm32l0xx_hal_pwr_ex.c"
Finished building: ../system/src/stm32l0xx/stm32l0xx_hal_pwr_ex.c
 
Building file: ../system/src/stm32l0xx/stm32l0xx_hal_rcc.c
Invoking: Cross ARM GNU C Compiler
arm-none-eabi-gcc -mcpu=cortex-m0plus -mthumb -O0 -fmessage-length=0 -fsigned-char -ffunction-sections -fdata-sections -ffreestanding -fno-move-loop-invariants  -g3 -DDEBUG -DTRACE -I"../include" -I"../system/include" -I"../system/include/arm" -I"../system/include/cmsis" -I"../system/include/cortexm" -I"../system/include/diag" -I"../system/include/stm32l0xx" -I"../system/include/FreeRTOS" -std=gnu11 -MMD -MP -MF"system/src/stm32l0xx/stm32l0xx_hal_rcc.d" -MT"system/src/stm32l0xx/stm32l0xx_hal_rcc.o" -c -o "system/src/stm32l0xx/stm32l0xx_hal_rcc.o" "../system/src/stm32l0xx/stm32l0xx_hal_rcc.c"
Finished building: ../system/src/stm32l0xx/stm32l0xx_hal_rcc.c
 
Building file: ../system/src/stm32l0xx/stm32l0xx_hal_rcc_ex.c
Invoking: Cross ARM GNU C Compiler
arm-none-eabi-gcc -mcpu=cortex-m0plus -mthumb -O0 -fmessage-length=0 -fsigned-char -ffunction-sections -fdata-sections -ffreestanding -fno-move-loop-invariants  -g3 -DDEBUG -DTRACE -I"../include" -I"../system/include" -I"../system/include/arm" -I"../system/include/cmsis" -I"../system/include/cortexm" -I"../system/include/diag" -I"../system/include/stm32l0xx" -I"../system/include/FreeRTOS" -std=gnu11 -MMD -MP -MF"system/src/stm32l0xx/stm32l0xx_hal_rcc_ex.d" -MT"system/src/stm32l0xx/stm32l0xx_hal_rcc_ex.o" -c -o "system/src/stm32l0xx/stm32l0xx_hal_rcc_ex.o" "../system/src/stm32l0xx/stm32l0xx_hal_rcc_ex.c"
Finished building: ../system/src/stm32l0xx/stm32l0xx_hal_rcc_ex.c
 
Building file: ../system/src/stm32l0xx/stm32l0xx_hal_rng.c
Invoking: Cross ARM GNU C Compiler
arm-none-eabi-gcc -mcpu=cortex-m0plus -mthumb -O0 -fmessage-length=0 -fsigned-char -ffunction-sections -fdata-sections -ffreestanding -fno-move-loop-invariants  -g3 -DDEBUG -DTRACE -I"../include" -I"../system/include" -I"../system/include/arm" -I"../system/include/cmsis" -I"../system/include/cortexm" -I"../system/include/diag" -I"../system/include/stm32l0xx" -I"../system/include/FreeRTOS" -std=gnu11 -MMD -MP -MF"system/src/stm32l0xx/stm32l0xx_hal_rng.d" -MT"system/src/stm32l0xx/stm32l0xx_hal_rng.o" -c -o "system/src/stm32l0xx/stm32l0xx_hal_rng.o" "../system/src/stm32l0xx/stm32l0xx_hal_rng.c"
Finished building: ../system/src/stm32l0xx/stm32l0xx_hal_rng.c
 
Building file: ../system/src/stm32l0xx/stm32l0xx_hal_rtc.c
Invoking: Cross ARM GNU C Compiler
arm-none-eabi-gcc -mcpu=cortex-m0plus -mthumb -O0 -fmessage-length=0 -fsigned-char -ffunction-sections -fdata-sections -ffreestanding -fno-move-loop-invariants  -g3 -DDEBUG -DTRACE -I"../include" -I"../system/include" -I"../system/include/arm" -I"../system/include/cmsis" -I"../system/include/cortexm" -I"../system/include/diag" -I"../system/include/stm32l0xx" -I"../system/include/FreeRTOS" -std=gnu11 -MMD -MP -MF"system/src/stm32l0xx/stm32l0xx_hal_rtc.d" -MT"system/src/stm32l0xx/stm32l0xx_hal_rtc.o" -c -o "system/src/stm32l0xx/stm32l0xx_hal_rtc.o" "../system/src/stm32l0xx/stm32l0xx_hal_rtc.c"
Finished building: ../system/src/stm32l0xx/stm32l0xx_hal_rtc.c
 
Building file: ../system/src/stm32l0xx/stm32l0xx_hal_rtc_ex.c
Invoking: Cross ARM GNU C Compiler
arm-none-eabi-gcc -mcpu=cortex-m0plus -mthumb -O0 -fmessage-length=0 -fsigned-char -ffunction-sections -fdata-sections -ffreestanding -fno-move-loop-invariants  -g3 -DDEBUG -DTRACE -I"../include" -I"../system/include" -I"../system/include/arm" -I"../system/include/cmsis" -I"../system/include/cortexm" -I"../system/include/diag" -I"../system/include/stm32l0xx" -I"../system/include/FreeRTOS" -std=gnu11 -MMD -MP -MF"system/src/stm32l0xx/stm32l0xx_hal_rtc_ex.d" -MT"system/src/stm32l0xx/stm32l0xx_hal_rtc_ex.o" -c -o "system/src/stm32l0xx/stm32l0xx_hal_rtc_ex.o" "../system/src/stm32l0xx/stm32l0xx_hal_rtc_ex.c"
Finished building: ../system/src/stm32l0xx/stm32l0xx_hal_rtc_ex.c
 
Building file: ../system/src/stm32l0xx/stm32l0xx_hal_smartcard.c
Invoking: Cross ARM GNU C Compiler
arm-none-eabi-gcc -mcpu=cortex-m0plus -mthumb -O0 -fmessage-length=0 -fsigned-char -ffunction-sections -fdata-sections -ffreestanding -fno-move-loop-invariants  -g3 -DDEBUG -DTRACE -I"../include" -I"../system/include" -I"../system/include/arm" -I"../system/include/cmsis" -I"../system/include/cortexm" -I"../system/include/diag" -I"../system/include/stm32l0xx" -I"../system/include/FreeRTOS" -std=gnu11 -MMD -MP -MF"system/src/stm32l0xx/stm32l0xx_hal_smartcard.d" -MT"system/src/stm32l0xx/stm32l0xx_hal_smartcard.o" -c -o "system/src/stm32l0xx/stm32l0xx_hal_smartcard.o" "../system/src/stm32l0xx/stm32l0xx_hal_smartcard.c"
Finished building: ../system/src/stm32l0xx/stm32l0xx_hal_smartcard.c
 
Building file: ../system/src/stm32l0xx/stm32l0xx_hal_smartcard_ex.c
Invoking: Cross ARM GNU C Compiler
arm-none-eabi-gcc -mcpu=cortex-m0plus -mthumb -O0 -fmessage-length=0 -fsigned-char -ffunction-sections -fdata-sections -ffreestanding -fno-move-loop-invariants  -g3 -DDEBUG -DTRACE -I"../include" -I"../system/include" -I"../system/include/arm" -I"../system/include/cmsis" -I"../system/include/cortexm" -I"../system/include/diag" -I"../system/include/stm32l0xx" -I"../system/include/FreeRTOS" -std=gnu11 -MMD -MP -MF"system/src/stm32l0xx/stm32l0xx_hal_smartcard_ex.d" -MT"system/src/stm32l0xx/stm32l0xx_hal_smartcard_ex.o" -c -o "system/src/stm32l0xx/stm32l0xx_hal_smartcard_ex.o" "../system/src/stm32l0xx/stm32l0xx_hal_smartcard_ex.c"
Finished building: ../system/src/stm32l0xx/stm32l0xx_hal_smartcard_ex.c
 
Building file: ../system/src/stm32l0xx/stm32l0xx_hal_smbus.c
Invoking: Cross ARM GNU C Compiler
arm-none-eabi-gcc -mcpu=cortex-m0plus -mthumb -O0 -fmessage-length=0 -fsigned-char -ffunction-sections -fdata-sections -ffreestanding -fno-move-loop-invariants  -g3 -DDEBUG -DTRACE -I"../include" -I"../system/include" -I"../system/include/arm" -I"../system/include/cmsis" -I"../system/include/cortexm" -I"../system/include/diag" -I"../system/include/stm32l0xx" -I"../system/include/FreeRTOS" -std=gnu11 -MMD -MP -MF"system/src/stm32l0xx/stm32l0xx_hal_smbus.d" -MT"system/src/stm32l0xx/stm32l0xx_hal_smbus.o" -c -o "system/src/stm32l0xx/stm32l0xx_hal_smbus.o" "../system/src/stm32l0xx/stm32l0xx_hal_smbus.c"
Finished building: ../system/src/stm32l0xx/stm32l0xx_hal_smbus.c
 
Building file: ../system/src/stm32l0xx/stm32l0xx_hal_spi.c
Invoking: Cross ARM GNU C Compiler
arm-none-eabi-gcc -mcpu=cortex-m0plus -mthumb -O0 -fmessage-length=0 -fsigned-char -ffunction-sections -fdata-sections -ffreestanding -fno-move-loop-invariants  -g3 -DDEBUG -DTRACE -I"../include" -I"../system/include" -I"../system/include/arm" -I"../system/include/cmsis" -I"../system/include/cortexm" -I"../system/include/diag" -I"../system/include/stm32l0xx" -I"../system/include/FreeRTOS" -std=gnu11 -MMD -MP -MF"system/src/stm32l0xx/stm32l0xx_hal_spi.d" -MT"system/src/stm32l0xx/stm32l0xx_hal_spi.o" -c -o "system/src/stm32l0xx/stm32l0xx_hal_spi.o" "../system/src/stm32l0xx/stm32l0xx_hal_spi.c"
Finished building: ../system/src/stm32l0xx/stm32l0xx_hal_spi.c
 
Building file: ../system/src/stm32l0xx/stm32l0xx_hal_tim.c
Invoking: Cross ARM GNU C Compiler
arm-none-eabi-gcc -mcpu=cortex-m0plus -mthumb -O0 -fmessage-length=0 -fsigned-char -ffunction-sections -fdata-sections -ffreestanding -fno-move-loop-invariants  -g3 -DDEBUG -DTRACE -I"../include" -I"../system/include" -I"../system/include/arm" -I"../system/include/cmsis" -I"../system/include/cortexm" -I"../system/include/diag" -I"../system/include/stm32l0xx" -I"../system/include/FreeRTOS" -std=gnu11 -MMD -MP -MF"system/src/stm32l0xx/stm32l0xx_hal_tim.d" -MT"system/src/stm32l0xx/stm32l0xx_hal_tim.o" -c -o "system/src/stm32l0xx/stm32l0xx_hal_tim.o" "../system/src/stm32l0xx/stm32l0xx_hal_tim.c"
Finished building: ../system/src/stm32l0xx/stm32l0xx_hal_tim.c
 
Building file: ../system/src/stm32l0xx/stm32l0xx_hal_tim_ex.c
Invoking: Cross ARM GNU C Compiler
arm-none-eabi-gcc -mcpu=cortex-m0plus -mthumb -O0 -fmessage-length=0 -fsigned-char -ffunction-sections -fdata-sections -ffreestanding -fno-move-loop-invariants  -g3 -DDEBUG -DTRACE -I"../include" -I"../system/include" -I"../system/include/arm" -I"../system/include/cmsis" -I"../system/include/cortexm" -I"../system/include/diag" -I"../system/include/stm32l0xx" -I"../system/include/FreeRTOS" -std=gnu11 -MMD -MP -MF"system/src/stm32l0xx/stm32l0xx_hal_tim_ex.d" -MT"system/src/stm32l0xx/stm32l0xx_hal_tim_ex.o" -c -o "system/src/stm32l0xx/stm32l0xx_hal_tim_ex.o" "../system/src/stm32l0xx/stm32l0xx_hal_tim_ex.c"
Finished building: ../system/src/stm32l0xx/stm32l0xx_hal_tim_ex.c
 
Building file: ../system/src/stm32l0xx/stm32l0xx_hal_tsc.c
Invoking: Cross ARM GNU C Compiler
arm-none-eabi-gcc -mcpu=cortex-m0plus -mthumb -O0 -fmessage-length=0 -fsigned-char -ffunction-sections -fdata-sections -ffreestanding -fno-move-loop-invariants  -g3 -DDEBUG -DTRACE -I"../include" -I"../system/include" -I"../system/include/arm" -I"../system/include/cmsis" -I"../system/include/cortexm" -I"../system/include/diag" -I"../system/include/stm32l0xx" -I"../system/include/FreeRTOS" -std=gnu11 -MMD -MP -MF"system/src/stm32l0xx/stm32l0xx_hal_tsc.d" -MT"system/src/stm32l0xx/stm32l0xx_hal_tsc.o" -c -o "system/src/stm32l0xx/stm32l0xx_hal_tsc.o" "../system/src/stm32l0xx/stm32l0xx_hal_tsc.c"
Finished building: ../system/src/stm32l0xx/stm32l0xx_hal_tsc.c
 
Building file: ../system/src/stm32l0xx/stm32l0xx_hal_uart.c
Invoking: Cross ARM GNU C Compiler
arm-none-eabi-gcc -mcpu=cortex-m0plus -mthumb -O0 -fmessage-length=0 -fsigned-char -ffunction-sections -fdata-sections -ffreestanding -fno-move-loop-invariants  -g3 -DDEBUG -DTRACE -I"../include" -I"../system/include" -I"../system/include/arm" -I"../system/include/cmsis" -I"../system/include/cortexm" -I"../system/include/diag" -I"../system/include/stm32l0xx" -I"../system/include/FreeRTOS" -std=gnu11 -MMD -MP -MF"system/src/stm32l0xx/stm32l0xx_hal_uart.d" -MT"system/src/stm32l0xx/stm32l0xx_hal_uart.o" -c -o "system/src/stm32l0xx/stm32l0xx_hal_uart.o" "../system/src/stm32l0xx/stm32l0xx_hal_uart.c"
Finished building: ../system/src/stm32l0xx/stm32l0xx_hal_uart.c
 
Building file: ../system/src/stm32l0xx/stm32l0xx_hal_uart_ex.c
Invoking: Cross ARM GNU C Compiler
arm-none-eabi-gcc -mcpu=cortex-m0plus -mthumb -O0 -fmessage-length=0 -fsigned-char -ffunction-sections -fdata-sections -ffreestanding -fno-move-loop-invariants  -g3 -DDEBUG -DTRACE -I"../include" -I"../system/include" -I"../system/include/arm" -I"../system/include/cmsis" -I"../system/include/cortexm" -I"../system/include/diag" -I"../system/include/stm32l0xx" -I"../system/include/FreeRTOS" -std=gnu11 -MMD -MP -MF"system/src/stm32l0xx/stm32l0xx_hal_uart_ex.d" -MT"system/src/stm32l0xx/stm32l0xx_hal_uart_ex.o" -c -o "system/src/stm32l0xx/stm32l0xx_hal_uart_ex.o" "../system/src/stm32l0xx/stm32l0xx_hal_uart_ex.c"
Finished building: ../system/src/stm32l0xx/stm32l0xx_hal_uart_ex.c
 
Building file: ../system/src/stm32l0xx/stm32l0xx_hal_usart.c
Invoking: Cross ARM GNU C Compiler
arm-none-eabi-gcc -mcpu=cortex-m0plus -mthumb -O0 -fmessage-length=0 -fsigned-char -ffunction-sections -fdata-sections -ffreestanding -fno-move-loop-invariants  -g3 -DDEBUG -DTRACE -I"../include" -I"../system/include" -I"../system/include/arm" -I"../system/include/cmsis" -I"../system/include/cortexm" -I"../system/include/diag" -I"../system/include/stm32l0xx" -I"../system/include/FreeRTOS" -std=gnu11 -MMD -MP -MF"system/src/stm32l0xx/stm32l0xx_hal_usart.d" -MT"system/src/stm32l0xx/stm32l0xx_hal_usart.o" -c -o "system/src/stm32l0xx/stm32l0xx_hal_usart.o" "../system/src/stm32l0xx/stm32l0xx_hal_usart.c"
Finished building: ../system/src/stm32l0xx/stm32l0xx_hal_usart.c
 
Building file: ../system/src/stm32l0xx/stm32l0xx_hal_wwdg.c
Invoking: Cross ARM GNU C Compiler
arm-none-eabi-gcc -mcpu=cortex-m0plus -mthumb -O0 -fmessage-length=0 -fsigned-char -ffunction-sections -fdata-sections -ffreestanding -fno-move-loop-invariants  -g3 -DDEBUG -DTRACE -I"../include" -I"../system/include" -I"../system/include/arm" -I"../system/include/cmsis" -I"../system/include/cortexm" -I"../system/include/diag" -I"../system/include/stm32l0xx" -I"../system/include/FreeRTOS" -std=gnu11 -MMD -MP -MF"system/src/stm32l0xx/stm32l0xx_hal_wwdg.d" -MT"system/src/stm32l0xx/stm32l0xx_hal_wwdg.o" -c -o "system/src/stm32l0xx/stm32l0xx_hal_wwdg.o" "../system/src/stm32l0xx/stm32l0xx_hal_wwdg.c"
Finished building: ../system/src/stm32l0xx/stm32l0xx_hal_wwdg.c
 
Building file: ../system/src/FreeRTOS/cmsis_os.c
Invoking: Cross ARM GNU C Compiler
arm-none-eabi-gcc -mcpu=cortex-m0plus -mthumb -O0 -fmessage-length=0 -fsigned-char -ffunction-sections -fdata-sections -ffreestanding -fno-move-loop-invariants  -g3 -DDEBUG -DTRACE -I"../include" -I"../system/include" -I"../system/include/arm" -I"../system/include/cmsis" -I"../system/include/cortexm" -I"../system/include/diag" -I"../system/include/stm32l0xx" -I"../system/include/FreeRTOS" -std=gnu11 -MMD -MP -MF"system/src/FreeRTOS/cmsis_os.d" -MT"system/src/FreeRTOS/cmsis_os.o" -c -o "system/src/FreeRTOS/cmsis_os.o" "../system/src/FreeRTOS/cmsis_os.c"
Finished building: ../system/src/FreeRTOS/cmsis_os.c
 
Building file: ../system/src/FreeRTOS/croutine.c
Invoking: Cross ARM GNU C Compiler
arm-none-eabi-gcc -mcpu=cortex-m0plus -mthumb -O0 -fmessage-length=0 -fsigned-char -ffunction-sections -fdata-sections -ffreestanding -fno-move-loop-invariants  -g3 -DDEBUG -DTRACE -I"../include" -I"../system/include" -I"../system/include/arm" -I"../system/include/cmsis" -I"../system/include/cortexm" -I"../system/include/diag" -I"../system/include/stm32l0xx" -I"../system/include/FreeRTOS" -std=gnu11 -MMD -MP -MF"system/src/FreeRTOS/croutine.d" -MT"system/src/FreeRTOS/croutine.o" -c -o "system/src/FreeRTOS/croutine.o" "../system/src/FreeRTOS/croutine.c"
Finished building: ../system/src/FreeRTOS/croutine.c
 
Building file: ../system/src/FreeRTOS/event_groups.c
Invoking: Cross ARM GNU C Compiler
arm-none-eabi-gcc -mcpu=cortex-m0plus -mthumb -O0 -fmessage-length=0 -fsigned-char -ffunction-sections -fdata-sections -ffreestanding -fno-move-loop-invariants  -g3 -DDEBUG -DTRACE -I"../include" -I"../system/include" -I"../system/include/arm" -I"../system/include/cmsis" -I"../system/include/cortexm" -I"../system/include/diag" -I"../system/include/stm32l0xx" -I"../system/include/FreeRTOS" -std=gnu11 -MMD -MP -MF"system/src/FreeRTOS/event_groups.d" -MT"system/src/FreeRTOS/event_groups.o" -c -o "system/src/FreeRTOS/event_groups.o" "../system/src/FreeRTOS/event_groups.c"
Finished building: ../system/src/FreeRTOS/event_groups.c
 
Building file: ../system/src/FreeRTOS/heap_2.c
Invoking: Cross ARM GNU C Compiler
arm-none-eabi-gcc -mcpu=cortex-m0plus -mthumb -O0 -fmessage-length=0 -fsigned-char -ffunction-sections -fdata-sections -ffreestanding -fno-move-loop-invariants  -g3 -DDEBUG -DTRACE -I"../include" -I"../system/include" -I"../system/include/arm" -I"../system/include/cmsis" -I"../system/include/cortexm" -I"../system/include/diag" -I"../system/include/stm32l0xx" -I"../system/include/FreeRTOS" -std=gnu11 -MMD -MP -MF"system/src/FreeRTOS/heap_2.d" -MT"system/src/FreeRTOS/heap_2.o" -c -o "system/src/FreeRTOS/heap_2.o" "../system/src/FreeRTOS/heap_2.c"
Finished building: ../system/src/FreeRTOS/heap_2.c
 
Building file: ../system/src/FreeRTOS/list.c
Invoking: Cross ARM GNU C Compiler
arm-none-eabi-gcc -mcpu=cortex-m0plus -mthumb -O0 -fmessage-length=0 -fsigned-char -ffunction-sections -fdata-sections -ffreestanding -fno-move-loop-invariants  -g3 -DDEBUG -DTRACE -I"../include" -I"../system/include" -I"../system/include/arm" -I"../system/include/cmsis" -I"../system/include/cortexm" -I"../system/include/diag" -I"../system/include/stm32l0xx" -I"../system/include/FreeRTOS" -std=gnu11 -MMD -MP -MF"system/src/FreeRTOS/list.d" -MT"system/src/FreeRTOS/list.o" -c -o "system/src/FreeRTOS/list.o" "../system/src/FreeRTOS/list.c"
Finished building: ../system/src/FreeRTOS/list.c
 
Building file: ../system/src/FreeRTOS/port.c
Invoking: Cross ARM GNU C Compiler
arm-none-eabi-gcc -mcpu=cortex-m0plus -mthumb -O0 -fmessage-length=0 -fsigned-char -ffunction-sections -fdata-sections -ffreestanding -fno-move-loop-invariants  -g3 -DDEBUG -DTRACE -I"../include" -I"../system/include" -I"../system/include/arm" -I"../system/include/cmsis" -I"../system/include/cortexm" -I"../system/include/diag" -I"../system/include/stm32l0xx" -I"../system/include/FreeRTOS" -std=gnu11 -MMD -MP -MF"system/src/FreeRTOS/port.d" -MT"system/src/FreeRTOS/port.o" -c -o "system/src/FreeRTOS/port.o" "../system/src/FreeRTOS/port.c"
Finished building: ../system/src/FreeRTOS/port.c
 
Building file: ../system/src/FreeRTOS/queue.c
Invoking: Cross ARM GNU C Compiler
arm-none-eabi-gcc -mcpu=cortex-m0plus -mthumb -O0 -fmessage-length=0 -fsigned-char -ffunction-sections -fdata-sections -ffreestanding -fno-move-loop-invariants  -g3 -DDEBUG -DTRACE -I"../include" -I"../system/include" -I"../system/include/arm" -I"../system/include/cmsis" -I"../system/include/cortexm" -I"../system/include/diag" -I"../system/include/stm32l0xx" -I"../system/include/FreeRTOS" -std=gnu11 -MMD -MP -MF"system/src/FreeRTOS/queue.d" -MT"system/src/FreeRTOS/queue.o" -c -o "system/src/FreeRTOS/queue.o" "../system/src/FreeRTOS/queue.c"
Finished building: ../system/src/FreeRTOS/queue.c
 
Building file: ../system/src/FreeRTOS/tasks.c
Invoking: Cross ARM GNU C Compiler
arm-none-eabi-gcc -mcpu=cortex-m0plus -mthumb -O0 -fmessage-length=0 -fsigned-char -ffunction-sections -fdata-sections -ffreestanding -fno-move-loop-invariants  -g3 -DDEBUG -DTRACE -I"../include" -I"../system/include" -I"../system/include/arm" -I"../system/include/cmsis" -I"../system/include/cortexm" -I"../system/include/diag" -I"../system/include/stm32l0xx" -I"../system/include/FreeRTOS" -std=gnu11 -MMD -MP -MF"system/src/FreeRTOS/tasks.d" -MT"system/src/FreeRTOS/tasks.o" -c -o "system/src/FreeRTOS/tasks.o" "../system/src/FreeRTOS/tasks.c"
Finished building: ../system/src/FreeRTOS/tasks.c
 
Building file: ../system/src/FreeRTOS/timers.c
Invoking: Cross ARM GNU C Compiler
arm-none-eabi-gcc -mcpu=cortex-m0plus -mthumb -O0 -fmessage-length=0 -fsigned-char -ffunction-sections -fdata-sections -ffreestanding -fno-move-loop-invariants  -g3 -DDEBUG -DTRACE -I"../include" -I"../system/include" -I"../system/include/arm" -I"../system/include/cmsis" -I"../system/include/cortexm" -I"../system/include/diag" -I"../system/include/stm32l0xx" -I"../system/include/FreeRTOS" -std=gnu11 -MMD -MP -MF"system/src/FreeRTOS/timers.d" -MT"system/src/FreeRTOS/timers.o" -c -o "system/src/FreeRTOS/timers.o" "../system/src/FreeRTOS/timers.c"
Finished building: ../system/src/FreeRTOS/timers.c
 
Building file: ../src/freertos.c
Invoking: Cross ARM GNU C Compiler
arm-none-eabi-gcc -mcpu=cortex-m0plus -mthumb -O0 -fmessage-length=0 -fsigned-char -ffunction-sections -fdata-sections -ffreestanding -fno-move-loop-invariants  -g3 -DDEBUG -DTRACE -I"../include" -I"../system/include" -I"../system/include/arm" -I"../system/include/cmsis" -I"../system/include/cortexm" -I"../system/include/diag" -I"../system/include/stm32l0xx" -I"../system/include/FreeRTOS" -std=gnu11 -MMD -MP -MF"src/freertos.d" -MT"src/freertos.o" -c -o "src/freertos.o" "../src/freertos.c"
Finished building: ../src/freertos.c
 
Building file: ../src/main.c
Invoking: Cross ARM GNU C Compiler
arm-none-eabi-gcc -mcpu=cortex-m0plus -mthumb -O0 -fmessage-length=0 -fsigned-char -ffunction-sections -fdata-sections -ffreestanding -fno-move-loop-invariants  -g3 -DDEBUG -DTRACE -I"../include" -I"../system/include" -I"../system/include/arm" -I"../system/include/cmsis" -I"../system/include/cortexm" -I"../system/include/diag" -I"../system/include/stm32l0xx" -I"../system/include/FreeRTOS" -std=gnu11 -MMD -MP -MF"src/main.d" -MT"src/main.o" -c -o "src/main.o" "../src/main.c"
Finished building: ../src/main.c
 
Building file: ../src/stm32l0xx_hal_msp.c
Invoking: Cross ARM GNU C Compiler
arm-none-eabi-gcc -mcpu=cortex-m0plus -mthumb -O0 -fmessage-length=0 -fsigned-char -ffunction-sections -fdata-sections -ffreestanding -fno-move-loop-invariants  -g3 -DDEBUG -DTRACE -I"../include" -I"../system/include" -I"../system/include/arm" -I"../system/include/cmsis" -I"../system/include/cortexm" -I"../system/include/diag" -I"../system/include/stm32l0xx" -I"../system/include/FreeRTOS" -std=gnu11 -MMD -MP -MF"src/stm32l0xx_hal_msp.d" -MT"src/stm32l0xx_hal_msp.o" -c -o "src/stm32l0xx_hal_msp.o" "../src/stm32l0xx_hal_msp.c"
Finished building: ../src/stm32l0xx_hal_msp.c
 
Building file: ../src/stm32l0xx_it.c
Invoking: Cross ARM GNU C Compiler
arm-none-eabi-gcc -mcpu=cortex-m0plus -mthumb -O0 -fmessage-length=0 -fsigned-char -ffunction-sections -fdata-sections -ffreestanding -fno-move-loop-invariants  -g3 -DDEBUG -DTRACE -I"../include" -I"../system/include" -I"../system/include/arm" -I"../system/include/cmsis" -I"../system/include/cortexm" -I"../system/include/diag" -I"../system/include/stm32l0xx" -I"../system/include/FreeRTOS" -std=gnu11 -MMD -MP -MF"src/stm32l0xx_it.d" -MT"src/stm32l0xx_it.o" -c -o "src/stm32l0xx_it.o" "../src/stm32l0xx_it.c"
Finished building: ../src/stm32l0xx_it.c
 
Building target: FreeRTOS-CMSIS-OS.elf
Invoking: Cross ARM GNU C++ Linker
arm-none-eabi-g++ -mcpu=cortex-m0plus -mthumb -O0 -fmessage-length=0 -fsigned-char -ffunction-sections -fdata-sections -ffreestanding -fno-move-loop-invariants  -g3 -T mem.ld -T libs.ld -T sections.ld -nostartfiles -Xlinker --gc-sections -L"../ldscripts" -Wl,-Map,"FreeRTOS-CMSIS-OS.map" -o "FreeRTOS-CMSIS-OS.elf"  ./system/src/stm32l0xx/stm32l0xx_hal.o ./system/src/stm32l0xx/stm32l0xx_hal_adc.o ./system/src/stm32l0xx/stm32l0xx_hal_adc_ex.o ./system/src/stm32l0xx/stm32l0xx_hal_comp.o ./system/src/stm32l0xx/stm32l0xx_hal_comp_ex.o ./system/src/stm32l0xx/stm32l0xx_hal_cortex.o ./system/src/stm32l0xx/stm32l0xx_hal_crc.o ./system/src/stm32l0xx/stm32l0xx_hal_crc_ex.o ./system/src/stm32l0xx/stm32l0xx_hal_cryp.o ./system/src/stm32l0xx/stm32l0xx_hal_cryp_ex.o ./system/src/stm32l0xx/stm32l0xx_hal_dac.o ./system/src/stm32l0xx/stm32l0xx_hal_dac_ex.o ./system/src/stm32l0xx/stm32l0xx_hal_dma.o ./system/src/stm32l0xx/stm32l0xx_hal_firewall.o ./system/src/stm32l0xx/stm32l0xx_hal_flash.o ./system/src/stm32l0xx/stm32l0xx_hal_flash_ex.o ./system/src/stm32l0xx/stm32l0xx_hal_flash_ramfunc.o ./system/src/stm32l0xx/stm32l0xx_hal_gpio.o ./system/src/stm32l0xx/stm32l0xx_hal_i2c.o ./system/src/stm32l0xx/stm32l0xx_hal_i2c_ex.o ./system/src/stm32l0xx/stm32l0xx_hal_i2s.o ./system/src/stm32l0xx/stm32l0xx_hal_irda.o ./system/src/stm32l0xx/stm32l0xx_hal_iwdg.o ./system/src/stm32l0xx/stm32l0xx_hal_lcd.o ./system/src/stm32l0xx/stm32l0xx_hal_lptim.o ./system/src/stm32l0xx/stm32l0xx_hal_pcd.o ./system/src/stm32l0xx/stm32l0xx_hal_pcd_ex.o ./system/src/stm32l0xx/stm32l0xx_hal_pwr.o ./system/src/stm32l0xx/stm32l0xx_hal_pwr_ex.o ./system/src/stm32l0xx/stm32l0xx_hal_rcc.o ./system/src/stm32l0xx/stm32l0xx_hal_rcc_ex.o ./system/src/stm32l0xx/stm32l0xx_hal_rng.o ./system/src/stm32l0xx/stm32l0xx_hal_rtc.o ./system/src/stm32l0xx/stm32l0xx_hal_rtc_ex.o ./system/src/stm32l0xx/stm32l0xx_hal_smartcard.o ./system/src/stm32l0xx/stm32l0xx_hal_smartcard_ex.o ./system/src/stm32l0xx/stm32l0xx_hal_smbus.o ./system/src/stm32l0xx/stm32l0xx_hal_spi.o ./system/src/stm32l0xx/stm32l0xx_hal_tim.o ./system/src/stm32l0xx/stm32l0xx_hal_tim_ex.o ./system/src/stm32l0xx/stm32l0xx_hal_tsc.o ./system/src/stm32l0xx/stm32l0xx_hal_uart.o ./system/src/stm32l0xx/stm32l0xx_hal_uart_ex.o ./system/src/stm32l0xx/stm32l0xx_hal_usart.o ./system/src/stm32l0xx/stm32l0xx_hal_wwdg.o ./system/src/stm32l0xx/stm32l0xx_ll_adc.o ./system/src/stm32l0xx/stm32l0xx_ll_comp.o ./system/src/stm32l0xx/stm32l0xx_ll_crc.o ./system/src/stm32l0xx/stm32l0xx_ll_crs.o ./system/src/stm32l0xx/stm32l0xx_ll_dac.o ./system/src/stm32l0xx/stm32l0xx_ll_dma.o ./system/src/stm32l0xx/stm32l0xx_ll_exti.o ./system/src/stm32l0xx/stm32l0xx_ll_gpio.o ./system/src/stm32l0xx/stm32l0xx_ll_i2c.o ./system/src/stm32l0xx/stm32l0xx_ll_lptim.o ./system/src/stm32l0xx/stm32l0xx_ll_lpuart.o ./system/src/stm32l0xx/stm32l0xx_ll_pwr.o ./system/src/stm32l0xx/stm32l0xx_ll_rcc.o ./system/src/stm32l0xx/stm32l0xx_ll_rng.o ./system/src/stm32l0xx/stm32l0xx_ll_rtc.o ./system/src/stm32l0xx/stm32l0xx_ll_spi.o ./system/src/stm32l0xx/stm32l0xx_ll_tim.o ./system/src/stm32l0xx/stm32l0xx_ll_usart.o ./system/src/stm32l0xx/stm32l0xx_ll_utils.o  ./system/src/newlib/_cxx.o ./system/src/newlib/_exit.o ./system/src/newlib/_sbrk.o ./system/src/newlib/_startup.o ./system/src/newlib/_syscalls.o ./system/src/newlib/assert.o  ./system/src/diag/Trace.o ./system/src/diag/trace_impl.o  ./system/src/cortexm/_initialize_hardware.o ./system/src/cortexm/_reset_hardware.o ./system/src/cortexm/exception_handlers.o  ./system/src/cmsis/startup_stm32l053xx.o ./system/src/cmsis/system_stm32l0xx.o  ./system/src/FreeRTOS/cmsis_os.o ./system/src/FreeRTOS/croutine.o ./system/src/FreeRTOS/event_groups.o ./system/src/FreeRTOS/heap_2.o ./system/src/FreeRTOS/list.o ./system/src/FreeRTOS/port.o ./system/src/FreeRTOS/queue.o ./system/src/FreeRTOS/tasks.o ./system/src/FreeRTOS/timers.o  ./src/freertos.o ./src/main.o ./src/stm32l0xx_hal_msp.o ./src/stm32l0xx_it.o   
Finished building target: FreeRTOS-CMSIS-OS.elf
 
Invoking: Cross ARM GNU Create Flash Image
arm-none-eabi-objcopy -O ihex "FreeRTOS-CMSIS-OS.elf"  "FreeRTOS-CMSIS-OS.hex"
Finished building: FreeRTOS-CMSIS-OS.hex
 
Invoking: Cross ARM GNU Print Size
arm-none-eabi-size --format=berkeley "FreeRTOS-CMSIS-OS.elf"
   text	   data	    bss	    dec	    hex	filename
  42832	   2544	   4120	  49496	   c158	FreeRTOS-CMSIS-OS.elf
Finished building: FreeRTOS-CMSIS-OS.siz
 
11:16:47 **** Incremental Build of configuration Debug for project FreeRTOS-CMSIS-OS ****
make all 
Building file: ../src/main.c
Invoking: Cross ARM GNU C Compiler
arm-none-eabi-gcc -mcpu=cortex-m0plus -mthumb -O0 -fmessage-length=0 -fsigned-char -ffunction-sections -fdata-sections -ffreestanding -fno-move-loop-invariants  -g3 -DDEBUG -DTRACE -I"../include" -I"../system/include" -I"../system/include/arm" -I"../system/include/cmsis" -I"../system/include/cortexm" -I"../system/include/diag" -I"../system/include/stm32l0xx" -I"../system/include/FreeRTOS" -std=gnu11 -MMD -MP -MF"src/main.d" -MT"src/main.o" -c -o "src/main.o" "../src/main.c"
Finished building: ../src/main.c
 
Building target: FreeRTOS-CMSIS-OS.elf
Invoking: Cross ARM GNU C++ Linker
arm-none-eabi-g++ -mcpu=cortex-m0plus -mthumb -O0 -fmessage-length=0 -fsigned-char -ffunction-sections -fdata-sections -ffreestanding -fno-move-loop-invariants  -g3 -T mem.ld -T libs.ld -T sections.ld -nostartfiles -Xlinker --gc-sections -L"../ldscripts" -Wl,-Map,"FreeRTOS-CMSIS-OS.map" -o "FreeRTOS-CMSIS-OS.elf"  ./system/src/stm32l0xx/stm32l0xx_hal.o ./system/src/stm32l0xx/stm32l0xx_hal_adc.o ./system/src/stm32l0xx/stm32l0xx_hal_adc_ex.o ./system/src/stm32l0xx/stm32l0xx_hal_comp.o ./system/src/stm32l0xx/stm32l0xx_hal_comp_ex.o ./system/src/stm32l0xx/stm32l0xx_hal_cortex.o ./system/src/stm32l0xx/stm32l0xx_hal_crc.o ./system/src/stm32l0xx/stm32l0xx_hal_crc_ex.o ./system/src/stm32l0xx/stm32l0xx_hal_cryp.o ./system/src/stm32l0xx/stm32l0xx_hal_cryp_ex.o ./system/src/stm32l0xx/stm32l0xx_hal_dac.o ./system/src/stm32l0xx/stm32l0xx_hal_dac_ex.o ./system/src/stm32l0xx/stm32l0xx_hal_dma.o ./system/src/stm32l0xx/stm32l0xx_hal_firewall.o ./system/src/stm32l0xx/stm32l0xx_hal_flash.o ./system/src/stm32l0xx/stm32l0xx_hal_flash_ex.o ./system/src/stm32l0xx/stm32l0xx_hal_flash_ramfunc.o ./system/src/stm32l0xx/stm32l0xx_hal_gpio.o ./system/src/stm32l0xx/stm32l0xx_hal_i2c.o ./system/src/stm32l0xx/stm32l0xx_hal_i2c_ex.o ./system/src/stm32l0xx/stm32l0xx_hal_i2s.o ./system/src/stm32l0xx/stm32l0xx_hal_irda.o ./system/src/stm32l0xx/stm32l0xx_hal_iwdg.o ./system/src/stm32l0xx/stm32l0xx_hal_lcd.o ./system/src/stm32l0xx/stm32l0xx_hal_lptim.o ./system/src/stm32l0xx/stm32l0xx_hal_pcd.o ./system/src/stm32l0xx/stm32l0xx_hal_pcd_ex.o ./system/src/stm32l0xx/stm32l0xx_hal_pwr.o ./system/src/stm32l0xx/stm32l0xx_hal_pwr_ex.o ./system/src/stm32l0xx/stm32l0xx_hal_rcc.o ./system/src/stm32l0xx/stm32l0xx_hal_rcc_ex.o ./system/src/stm32l0xx/stm32l0xx_hal_rng.o ./system/src/stm32l0xx/stm32l0xx_hal_rtc.o ./system/src/stm32l0xx/stm32l0xx_hal_rtc_ex.o ./system/src/stm32l0xx/stm32l0xx_hal_smartcard.o ./system/src/stm32l0xx/stm32l0xx_hal_smartcard_ex.o ./system/src/stm32l0xx/stm32l0xx_hal_smbus.o ./system/src/stm32l0xx/stm32l0xx_hal_spi.o ./system/src/stm32l0xx/stm32l0xx_hal_tim.o ./system/src/stm32l0xx/stm32l0xx_hal_tim_ex.o ./system/src/stm32l0xx/stm32l0xx_hal_tsc.o ./system/src/stm32l0xx/stm32l0xx_hal_uart.o ./system/src/stm32l0xx/stm32l0xx_hal_uart_ex.o ./system/src/stm32l0xx/stm32l0xx_hal_usart.o ./system/src/stm32l0xx/stm32l0xx_hal_wwdg.o ./system/src/stm32l0xx/stm32l0xx_ll_adc.o ./system/src/stm32l0xx/stm32l0xx_ll_comp.o ./system/src/stm32l0xx/stm32l0xx_ll_crc.o ./system/src/stm32l0xx/stm32l0xx_ll_crs.o ./system/src/stm32l0xx/stm32l0xx_ll_dac.o ./system/src/stm32l0xx/stm32l0xx_ll_dma.o ./system/src/stm32l0xx/stm32l0xx_ll_exti.o ./system/src/stm32l0xx/stm32l0xx_ll_gpio.o ./system/src/stm32l0xx/stm32l0xx_ll_i2c.o ./system/src/stm32l0xx/stm32l0xx_ll_lptim.o ./system/src/stm32l0xx/stm32l0xx_ll_lpuart.o ./system/src/stm32l0xx/stm32l0xx_ll_pwr.o ./system/src/stm32l0xx/stm32l0xx_ll_rcc.o ./system/src/stm32l0xx/stm32l0xx_ll_rng.o ./system/src/stm32l0xx/stm32l0xx_ll_rtc.o ./system/src/stm32l0xx/stm32l0xx_ll_spi.o ./system/src/stm32l0xx/stm32l0xx_ll_tim.o ./system/src/stm32l0xx/stm32l0xx_ll_usart.o ./system/src/stm32l0xx/stm32l0xx_ll_utils.o  ./system/src/newlib/_cxx.o ./system/src/newlib/_exit.o ./system/src/newlib/_sbrk.o ./system/src/newlib/_startup.o ./system/src/newlib/_syscalls.o ./system/src/newlib/assert.o  ./system/src/diag/Trace.o ./system/src/diag/trace_impl.o  ./system/src/cortexm/_initialize_hardware.o ./system/src/cortexm/_reset_hardware.o ./system/src/cortexm/exception_handlers.o  ./system/src/cmsis/startup_stm32l053xx.o ./system/src/cmsis/system_stm32l0xx.o  ./system/src/FreeRTOS/cmsis_os.o ./system/src/FreeRTOS/croutine.o ./system/src/FreeRTOS/event_groups.o ./system/src/FreeRTOS/heap_2.o ./system/src/FreeRTOS/list.o ./system/src/FreeRTOS/port.o ./system/src/FreeRTOS/queue.o ./system/src/FreeRTOS/tasks.o ./system/src/FreeRTOS/timers.o  ./src/freertos.o ./src/main.o ./src/stm32l0xx_hal_msp.o ./src/stm32l0xx_it.o   
Finished building target: FreeRTOS-CMSIS-OS.elf
 
Invoking: Cross ARM GNU Create Flash Image
arm-none-eabi-objcopy -O ihex "FreeRTOS-CMSIS-OS.elf"  "FreeRTOS-CMSIS-OS.hex"
Finished building: FreeRTOS-CMSIS-OS.hex
 
Invoking: Cross ARM GNU Print Size
arm-none-eabi-size --format=berkeley "FreeRTOS-CMSIS-OS.elf"
   text	   data	    bss	    dec	    hex	filename
  42768	   2544	   4120	  49432	   c118	FreeRTOS-CMSIS-OS.elf
Finished building: FreeRTOS-CMSIS-OS.siz
 
11:30:57 **** Incremental Build of configuration Debug for project FreeRTOS-CMSIS-OS ****
make all 
Building file: ../system/src/stm32l0xx/stm32l0xx_hal.c
Invoking: Cross ARM GNU C Compiler
arm-none-eabi-gcc -mcpu=cortex-m0plus -mthumb -O0 -fmessage-length=0 -fsigned-char -ffunction-sections -fdata-sections -ffreestanding -fno-move-loop-invariants  -g3 -DDEBUG -DTRACE -I"../include" -I"../system/include" -I"../system/include/arm" -I"../system/include/cmsis" -I"../system/include/cortexm" -I"../system/include/diag" -I"../system/include/stm32l0xx" -I"../system/include/FreeRTOS" -std=gnu11 -MMD -MP -MF"system/src/stm32l0xx/stm32l0xx_hal.d" -MT"system/src/stm32l0xx/stm32l0xx_hal.o" -c -o "system/src/stm32l0xx/stm32l0xx_hal.o" "../system/src/stm32l0xx/stm32l0xx_hal.c"
Finished building: ../system/src/stm32l0xx/stm32l0xx_hal.c
 
Building file: ../system/src/stm32l0xx/stm32l0xx_hal_adc.c
Invoking: Cross ARM GNU C Compiler
arm-none-eabi-gcc -mcpu=cortex-m0plus -mthumb -O0 -fmessage-length=0 -fsigned-char -ffunction-sections -fdata-sections -ffreestanding -fno-move-loop-invariants  -g3 -DDEBUG -DTRACE -I"../include" -I"../system/include" -I"../system/include/arm" -I"../system/include/cmsis" -I"../system/include/cortexm" -I"../system/include/diag" -I"../system/include/stm32l0xx" -I"../system/include/FreeRTOS" -std=gnu11 -MMD -MP -MF"system/src/stm32l0xx/stm32l0xx_hal_adc.d" -MT"system/src/stm32l0xx/stm32l0xx_hal_adc.o" -c -o "system/src/stm32l0xx/stm32l0xx_hal_adc.o" "../system/src/stm32l0xx/stm32l0xx_hal_adc.c"
Finished building: ../system/src/stm32l0xx/stm32l0xx_hal_adc.c
 
Building file: ../system/src/stm32l0xx/stm32l0xx_hal_adc_ex.c
Invoking: Cross ARM GNU C Compiler
arm-none-eabi-gcc -mcpu=cortex-m0plus -mthumb -O0 -fmessage-length=0 -fsigned-char -ffunction-sections -fdata-sections -ffreestanding -fno-move-loop-invariants  -g3 -DDEBUG -DTRACE -I"../include" -I"../system/include" -I"../system/include/arm" -I"../system/include/cmsis" -I"../system/include/cortexm" -I"../system/include/diag" -I"../system/include/stm32l0xx" -I"../system/include/FreeRTOS" -std=gnu11 -MMD -MP -MF"system/src/stm32l0xx/stm32l0xx_hal_adc_ex.d" -MT"system/src/stm32l0xx/stm32l0xx_hal_adc_ex.o" -c -o "system/src/stm32l0xx/stm32l0xx_hal_adc_ex.o" "../system/src/stm32l0xx/stm32l0xx_hal_adc_ex.c"
Finished building: ../system/src/stm32l0xx/stm32l0xx_hal_adc_ex.c
 
Building file: ../system/src/stm32l0xx/stm32l0xx_hal_comp.c
Invoking: Cross ARM GNU C Compiler
arm-none-eabi-gcc -mcpu=cortex-m0plus -mthumb -O0 -fmessage-length=0 -fsigned-char -ffunction-sections -fdata-sections -ffreestanding -fno-move-loop-invariants  -g3 -DDEBUG -DTRACE -I"../include" -I"../system/include" -I"../system/include/arm" -I"../system/include/cmsis" -I"../system/include/cortexm" -I"../system/include/diag" -I"../system/include/stm32l0xx" -I"../system/include/FreeRTOS" -std=gnu11 -MMD -MP -MF"system/src/stm32l0xx/stm32l0xx_hal_comp.d" -MT"system/src/stm32l0xx/stm32l0xx_hal_comp.o" -c -o "system/src/stm32l0xx/stm32l0xx_hal_comp.o" "../system/src/stm32l0xx/stm32l0xx_hal_comp.c"
Finished building: ../system/src/stm32l0xx/stm32l0xx_hal_comp.c
 
Building file: ../system/src/stm32l0xx/stm32l0xx_hal_comp_ex.c
Invoking: Cross ARM GNU C Compiler
arm-none-eabi-gcc -mcpu=cortex-m0plus -mthumb -O0 -fmessage-length=0 -fsigned-char -ffunction-sections -fdata-sections -ffreestanding -fno-move-loop-invariants  -g3 -DDEBUG -DTRACE -I"../include" -I"../system/include" -I"../system/include/arm" -I"../system/include/cmsis" -I"../system/include/cortexm" -I"../system/include/diag" -I"../system/include/stm32l0xx" -I"../system/include/FreeRTOS" -std=gnu11 -MMD -MP -MF"system/src/stm32l0xx/stm32l0xx_hal_comp_ex.d" -MT"system/src/stm32l0xx/stm32l0xx_hal_comp_ex.o" -c -o "system/src/stm32l0xx/stm32l0xx_hal_comp_ex.o" "../system/src/stm32l0xx/stm32l0xx_hal_comp_ex.c"
Finished building: ../system/src/stm32l0xx/stm32l0xx_hal_comp_ex.c
 
Building file: ../system/src/stm32l0xx/stm32l0xx_hal_cortex.c
Invoking: Cross ARM GNU C Compiler
arm-none-eabi-gcc -mcpu=cortex-m0plus -mthumb -O0 -fmessage-length=0 -fsigned-char -ffunction-sections -fdata-sections -ffreestanding -fno-move-loop-invariants  -g3 -DDEBUG -DTRACE -I"../include" -I"../system/include" -I"../system/include/arm" -I"../system/include/cmsis" -I"../system/include/cortexm" -I"../system/include/diag" -I"../system/include/stm32l0xx" -I"../system/include/FreeRTOS" -std=gnu11 -MMD -MP -MF"system/src/stm32l0xx/stm32l0xx_hal_cortex.d" -MT"system/src/stm32l0xx/stm32l0xx_hal_cortex.o" -c -o "system/src/stm32l0xx/stm32l0xx_hal_cortex.o" "../system/src/stm32l0xx/stm32l0xx_hal_cortex.c"
Finished building: ../system/src/stm32l0xx/stm32l0xx_hal_cortex.c
 
Building file: ../system/src/stm32l0xx/stm32l0xx_hal_crc.c
Invoking: Cross ARM GNU C Compiler
arm-none-eabi-gcc -mcpu=cortex-m0plus -mthumb -O0 -fmessage-length=0 -fsigned-char -ffunction-sections -fdata-sections -ffreestanding -fno-move-loop-invariants  -g3 -DDEBUG -DTRACE -I"../include" -I"../system/include" -I"../system/include/arm" -I"../system/include/cmsis" -I"../system/include/cortexm" -I"../system/include/diag" -I"../system/include/stm32l0xx" -I"../system/include/FreeRTOS" -std=gnu11 -MMD -MP -MF"system/src/stm32l0xx/stm32l0xx_hal_crc.d" -MT"system/src/stm32l0xx/stm32l0xx_hal_crc.o" -c -o "system/src/stm32l0xx/stm32l0xx_hal_crc.o" "../system/src/stm32l0xx/stm32l0xx_hal_crc.c"
Finished building: ../system/src/stm32l0xx/stm32l0xx_hal_crc.c
 
Building file: ../system/src/stm32l0xx/stm32l0xx_hal_crc_ex.c
Invoking: Cross ARM GNU C Compiler
arm-none-eabi-gcc -mcpu=cortex-m0plus -mthumb -O0 -fmessage-length=0 -fsigned-char -ffunction-sections -fdata-sections -ffreestanding -fno-move-loop-invariants  -g3 -DDEBUG -DTRACE -I"../include" -I"../system/include" -I"../system/include/arm" -I"../system/include/cmsis" -I"../system/include/cortexm" -I"../system/include/diag" -I"../system/include/stm32l0xx" -I"../system/include/FreeRTOS" -std=gnu11 -MMD -MP -MF"system/src/stm32l0xx/stm32l0xx_hal_crc_ex.d" -MT"system/src/stm32l0xx/stm32l0xx_hal_crc_ex.o" -c -o "system/src/stm32l0xx/stm32l0xx_hal_crc_ex.o" "../system/src/stm32l0xx/stm32l0xx_hal_crc_ex.c"
Finished building: ../system/src/stm32l0xx/stm32l0xx_hal_crc_ex.c
 
Building file: ../system/src/stm32l0xx/stm32l0xx_hal_dac.c
Invoking: Cross ARM GNU C Compiler
arm-none-eabi-gcc -mcpu=cortex-m0plus -mthumb -O0 -fmessage-length=0 -fsigned-char -ffunction-sections -fdata-sections -ffreestanding -fno-move-loop-invariants  -g3 -DDEBUG -DTRACE -I"../include" -I"../system/include" -I"../system/include/arm" -I"../system/include/cmsis" -I"../system/include/cortexm" -I"../system/include/diag" -I"../system/include/stm32l0xx" -I"../system/include/FreeRTOS" -std=gnu11 -MMD -MP -MF"system/src/stm32l0xx/stm32l0xx_hal_dac.d" -MT"system/src/stm32l0xx/stm32l0xx_hal_dac.o" -c -o "system/src/stm32l0xx/stm32l0xx_hal_dac.o" "../system/src/stm32l0xx/stm32l0xx_hal_dac.c"
Finished building: ../system/src/stm32l0xx/stm32l0xx_hal_dac.c
 
Building file: ../system/src/stm32l0xx/stm32l0xx_hal_dac_ex.c
Invoking: Cross ARM GNU C Compiler
arm-none-eabi-gcc -mcpu=cortex-m0plus -mthumb -O0 -fmessage-length=0 -fsigned-char -ffunction-sections -fdata-sections -ffreestanding -fno-move-loop-invariants  -g3 -DDEBUG -DTRACE -I"../include" -I"../system/include" -I"../system/include/arm" -I"../system/include/cmsis" -I"../system/include/cortexm" -I"../system/include/diag" -I"../system/include/stm32l0xx" -I"../system/include/FreeRTOS" -std=gnu11 -MMD -MP -MF"system/src/stm32l0xx/stm32l0xx_hal_dac_ex.d" -MT"system/src/stm32l0xx/stm32l0xx_hal_dac_ex.o" -c -o "system/src/stm32l0xx/stm32l0xx_hal_dac_ex.o" "../system/src/stm32l0xx/stm32l0xx_hal_dac_ex.c"
Finished building: ../system/src/stm32l0xx/stm32l0xx_hal_dac_ex.c
 
Building file: ../system/src/stm32l0xx/stm32l0xx_hal_dma.c
Invoking: Cross ARM GNU C Compiler
arm-none-eabi-gcc -mcpu=cortex-m0plus -mthumb -O0 -fmessage-length=0 -fsigned-char -ffunction-sections -fdata-sections -ffreestanding -fno-move-loop-invariants  -g3 -DDEBUG -DTRACE -I"../include" -I"../system/include" -I"../system/include/arm" -I"../system/include/cmsis" -I"../system/include/cortexm" -I"../system/include/diag" -I"../system/include/stm32l0xx" -I"../system/include/FreeRTOS" -std=gnu11 -MMD -MP -MF"system/src/stm32l0xx/stm32l0xx_hal_dma.d" -MT"system/src/stm32l0xx/stm32l0xx_hal_dma.o" -c -o "system/src/stm32l0xx/stm32l0xx_hal_dma.o" "../system/src/stm32l0xx/stm32l0xx_hal_dma.c"
Finished building: ../system/src/stm32l0xx/stm32l0xx_hal_dma.c
 
Building file: ../system/src/stm32l0xx/stm32l0xx_hal_firewall.c
Invoking: Cross ARM GNU C Compiler
arm-none-eabi-gcc -mcpu=cortex-m0plus -mthumb -O0 -fmessage-length=0 -fsigned-char -ffunction-sections -fdata-sections -ffreestanding -fno-move-loop-invariants  -g3 -DDEBUG -DTRACE -I"../include" -I"../system/include" -I"../system/include/arm" -I"../system/include/cmsis" -I"../system/include/cortexm" -I"../system/include/diag" -I"../system/include/stm32l0xx" -I"../system/include/FreeRTOS" -std=gnu11 -MMD -MP -MF"system/src/stm32l0xx/stm32l0xx_hal_firewall.d" -MT"system/src/stm32l0xx/stm32l0xx_hal_firewall.o" -c -o "system/src/stm32l0xx/stm32l0xx_hal_firewall.o" "../system/src/stm32l0xx/stm32l0xx_hal_firewall.c"
Finished building: ../system/src/stm32l0xx/stm32l0xx_hal_firewall.c
 
Building file: ../system/src/stm32l0xx/stm32l0xx_hal_flash.c
Invoking: Cross ARM GNU C Compiler
arm-none-eabi-gcc -mcpu=cortex-m0plus -mthumb -O0 -fmessage-length=0 -fsigned-char -ffunction-sections -fdata-sections -ffreestanding -fno-move-loop-invariants  -g3 -DDEBUG -DTRACE -I"../include" -I"../system/include" -I"../system/include/arm" -I"../system/include/cmsis" -I"../system/include/cortexm" -I"../system/include/diag" -I"../system/include/stm32l0xx" -I"../system/include/FreeRTOS" -std=gnu11 -MMD -MP -MF"system/src/stm32l0xx/stm32l0xx_hal_flash.d" -MT"system/src/stm32l0xx/stm32l0xx_hal_flash.o" -c -o "system/src/stm32l0xx/stm32l0xx_hal_flash.o" "../system/src/stm32l0xx/stm32l0xx_hal_flash.c"
Finished building: ../system/src/stm32l0xx/stm32l0xx_hal_flash.c
 
Building file: ../system/src/stm32l0xx/stm32l0xx_hal_flash_ex.c
Invoking: Cross ARM GNU C Compiler
arm-none-eabi-gcc -mcpu=cortex-m0plus -mthumb -O0 -fmessage-length=0 -fsigned-char -ffunction-sections -fdata-sections -ffreestanding -fno-move-loop-invariants  -g3 -DDEBUG -DTRACE -I"../include" -I"../system/include" -I"../system/include/arm" -I"../system/include/cmsis" -I"../system/include/cortexm" -I"../system/include/diag" -I"../system/include/stm32l0xx" -I"../system/include/FreeRTOS" -std=gnu11 -MMD -MP -MF"system/src/stm32l0xx/stm32l0xx_hal_flash_ex.d" -MT"system/src/stm32l0xx/stm32l0xx_hal_flash_ex.o" -c -o "system/src/stm32l0xx/stm32l0xx_hal_flash_ex.o" "../system/src/stm32l0xx/stm32l0xx_hal_flash_ex.c"
Finished building: ../system/src/stm32l0xx/stm32l0xx_hal_flash_ex.c
 
Building file: ../system/src/stm32l0xx/stm32l0xx_hal_flash_ramfunc.c
Invoking: Cross ARM GNU C Compiler
arm-none-eabi-gcc -mcpu=cortex-m0plus -mthumb -O0 -fmessage-length=0 -fsigned-char -ffunction-sections -fdata-sections -ffreestanding -fno-move-loop-invariants  -g3 -DDEBUG -DTRACE -I"../include" -I"../system/include" -I"../system/include/arm" -I"../system/include/cmsis" -I"../system/include/cortexm" -I"../system/include/diag" -I"../system/include/stm32l0xx" -I"../system/include/FreeRTOS" -std=gnu11 -MMD -MP -MF"system/src/stm32l0xx/stm32l0xx_hal_flash_ramfunc.d" -MT"system/src/stm32l0xx/stm32l0xx_hal_flash_ramfunc.o" -c -o "system/src/stm32l0xx/stm32l0xx_hal_flash_ramfunc.o" "../system/src/stm32l0xx/stm32l0xx_hal_flash_ramfunc.c"
Finished building: ../system/src/stm32l0xx/stm32l0xx_hal_flash_ramfunc.c
 
Building file: ../system/src/stm32l0xx/stm32l0xx_hal_gpio.c
Invoking: Cross ARM GNU C Compiler
arm-none-eabi-gcc -mcpu=cortex-m0plus -mthumb -O0 -fmessage-length=0 -fsigned-char -ffunction-sections -fdata-sections -ffreestanding -fno-move-loop-invariants  -g3 -DDEBUG -DTRACE -I"../include" -I"../system/include" -I"../system/include/arm" -I"../system/include/cmsis" -I"../system/include/cortexm" -I"../system/include/diag" -I"../system/include/stm32l0xx" -I"../system/include/FreeRTOS" -std=gnu11 -MMD -MP -MF"system/src/stm32l0xx/stm32l0xx_hal_gpio.d" -MT"system/src/stm32l0xx/stm32l0xx_hal_gpio.o" -c -o "system/src/stm32l0xx/stm32l0xx_hal_gpio.o" "../system/src/stm32l0xx/stm32l0xx_hal_gpio.c"
Finished building: ../system/src/stm32l0xx/stm32l0xx_hal_gpio.c
 
Building file: ../system/src/stm32l0xx/stm32l0xx_hal_i2c.c
Invoking: Cross ARM GNU C Compiler
arm-none-eabi-gcc -mcpu=cortex-m0plus -mthumb -O0 -fmessage-length=0 -fsigned-char -ffunction-sections -fdata-sections -ffreestanding -fno-move-loop-invariants  -g3 -DDEBUG -DTRACE -I"../include" -I"../system/include" -I"../system/include/arm" -I"../system/include/cmsis" -I"../system/include/cortexm" -I"../system/include/diag" -I"../system/include/stm32l0xx" -I"../system/include/FreeRTOS" -std=gnu11 -MMD -MP -MF"system/src/stm32l0xx/stm32l0xx_hal_i2c.d" -MT"system/src/stm32l0xx/stm32l0xx_hal_i2c.o" -c -o "system/src/stm32l0xx/stm32l0xx_hal_i2c.o" "../system/src/stm32l0xx/stm32l0xx_hal_i2c.c"
Finished building: ../system/src/stm32l0xx/stm32l0xx_hal_i2c.c
 
Building file: ../system/src/stm32l0xx/stm32l0xx_hal_i2c_ex.c
Invoking: Cross ARM GNU C Compiler
arm-none-eabi-gcc -mcpu=cortex-m0plus -mthumb -O0 -fmessage-length=0 -fsigned-char -ffunction-sections -fdata-sections -ffreestanding -fno-move-loop-invariants  -g3 -DDEBUG -DTRACE -I"../include" -I"../system/include" -I"../system/include/arm" -I"../system/include/cmsis" -I"../system/include/cortexm" -I"../system/include/diag" -I"../system/include/stm32l0xx" -I"../system/include/FreeRTOS" -std=gnu11 -MMD -MP -MF"system/src/stm32l0xx/stm32l0xx_hal_i2c_ex.d" -MT"system/src/stm32l0xx/stm32l0xx_hal_i2c_ex.o" -c -o "system/src/stm32l0xx/stm32l0xx_hal_i2c_ex.o" "../system/src/stm32l0xx/stm32l0xx_hal_i2c_ex.c"
Finished building: ../system/src/stm32l0xx/stm32l0xx_hal_i2c_ex.c
 
Building file: ../system/src/stm32l0xx/stm32l0xx_hal_i2s.c
Invoking: Cross ARM GNU C Compiler
arm-none-eabi-gcc -mcpu=cortex-m0plus -mthumb -O0 -fmessage-length=0 -fsigned-char -ffunction-sections -fdata-sections -ffreestanding -fno-move-loop-invariants  -g3 -DDEBUG -DTRACE -I"../include" -I"../system/include" -I"../system/include/arm" -I"../system/include/cmsis" -I"../system/include/cortexm" -I"../system/include/diag" -I"../system/include/stm32l0xx" -I"../system/include/FreeRTOS" -std=gnu11 -MMD -MP -MF"system/src/stm32l0xx/stm32l0xx_hal_i2s.d" -MT"system/src/stm32l0xx/stm32l0xx_hal_i2s.o" -c -o "system/src/stm32l0xx/stm32l0xx_hal_i2s.o" "../system/src/stm32l0xx/stm32l0xx_hal_i2s.c"
Finished building: ../system/src/stm32l0xx/stm32l0xx_hal_i2s.c
 
Building file: ../system/src/stm32l0xx/stm32l0xx_hal_irda.c
Invoking: Cross ARM GNU C Compiler
arm-none-eabi-gcc -mcpu=cortex-m0plus -mthumb -O0 -fmessage-length=0 -fsigned-char -ffunction-sections -fdata-sections -ffreestanding -fno-move-loop-invariants  -g3 -DDEBUG -DTRACE -I"../include" -I"../system/include" -I"../system/include/arm" -I"../system/include/cmsis" -I"../system/include/cortexm" -I"../system/include/diag" -I"../system/include/stm32l0xx" -I"../system/include/FreeRTOS" -std=gnu11 -MMD -MP -MF"system/src/stm32l0xx/stm32l0xx_hal_irda.d" -MT"system/src/stm32l0xx/stm32l0xx_hal_irda.o" -c -o "system/src/stm32l0xx/stm32l0xx_hal_irda.o" "../system/src/stm32l0xx/stm32l0xx_hal_irda.c"
Finished building: ../system/src/stm32l0xx/stm32l0xx_hal_irda.c
 
Building file: ../system/src/stm32l0xx/stm32l0xx_hal_iwdg.c
Invoking: Cross ARM GNU C Compiler
arm-none-eabi-gcc -mcpu=cortex-m0plus -mthumb -O0 -fmessage-length=0 -fsigned-char -ffunction-sections -fdata-sections -ffreestanding -fno-move-loop-invariants  -g3 -DDEBUG -DTRACE -I"../include" -I"../system/include" -I"../system/include/arm" -I"../system/include/cmsis" -I"../system/include/cortexm" -I"../system/include/diag" -I"../system/include/stm32l0xx" -I"../system/include/FreeRTOS" -std=gnu11 -MMD -MP -MF"system/src/stm32l0xx/stm32l0xx_hal_iwdg.d" -MT"system/src/stm32l0xx/stm32l0xx_hal_iwdg.o" -c -o "system/src/stm32l0xx/stm32l0xx_hal_iwdg.o" "../system/src/stm32l0xx/stm32l0xx_hal_iwdg.c"
Finished building: ../system/src/stm32l0xx/stm32l0xx_hal_iwdg.c
 
Building file: ../system/src/stm32l0xx/stm32l0xx_hal_lcd.c
Invoking: Cross ARM GNU C Compiler
arm-none-eabi-gcc -mcpu=cortex-m0plus -mthumb -O0 -fmessage-length=0 -fsigned-char -ffunction-sections -fdata-sections -ffreestanding -fno-move-loop-invariants  -g3 -DDEBUG -DTRACE -I"../include" -I"../system/include" -I"../system/include/arm" -I"../system/include/cmsis" -I"../system/include/cortexm" -I"../system/include/diag" -I"../system/include/stm32l0xx" -I"../system/include/FreeRTOS" -std=gnu11 -MMD -MP -MF"system/src/stm32l0xx/stm32l0xx_hal_lcd.d" -MT"system/src/stm32l0xx/stm32l0xx_hal_lcd.o" -c -o "system/src/stm32l0xx/stm32l0xx_hal_lcd.o" "../system/src/stm32l0xx/stm32l0xx_hal_lcd.c"
Finished building: ../system/src/stm32l0xx/stm32l0xx_hal_lcd.c
 
Building file: ../system/src/stm32l0xx/stm32l0xx_hal_lptim.c
Invoking: Cross ARM GNU C Compiler
arm-none-eabi-gcc -mcpu=cortex-m0plus -mthumb -O0 -fmessage-length=0 -fsigned-char -ffunction-sections -fdata-sections -ffreestanding -fno-move-loop-invariants  -g3 -DDEBUG -DTRACE -I"../include" -I"../system/include" -I"../system/include/arm" -I"../system/include/cmsis" -I"../system/include/cortexm" -I"../system/include/diag" -I"../system/include/stm32l0xx" -I"../system/include/FreeRTOS" -std=gnu11 -MMD -MP -MF"system/src/stm32l0xx/stm32l0xx_hal_lptim.d" -MT"system/src/stm32l0xx/stm32l0xx_hal_lptim.o" -c -o "system/src/stm32l0xx/stm32l0xx_hal_lptim.o" "../system/src/stm32l0xx/stm32l0xx_hal_lptim.c"
Finished building: ../system/src/stm32l0xx/stm32l0xx_hal_lptim.c
 
Building file: ../system/src/stm32l0xx/stm32l0xx_hal_pcd.c
Invoking: Cross ARM GNU C Compiler
arm-none-eabi-gcc -mcpu=cortex-m0plus -mthumb -O0 -fmessage-length=0 -fsigned-char -ffunction-sections -fdata-sections -ffreestanding -fno-move-loop-invariants  -g3 -DDEBUG -DTRACE -I"../include" -I"../system/include" -I"../system/include/arm" -I"../system/include/cmsis" -I"../system/include/cortexm" -I"../system/include/diag" -I"../system/include/stm32l0xx" -I"../system/include/FreeRTOS" -std=gnu11 -MMD -MP -MF"system/src/stm32l0xx/stm32l0xx_hal_pcd.d" -MT"system/src/stm32l0xx/stm32l0xx_hal_pcd.o" -c -o "system/src/stm32l0xx/stm32l0xx_hal_pcd.o" "../system/src/stm32l0xx/stm32l0xx_hal_pcd.c"
Finished building: ../system/src/stm32l0xx/stm32l0xx_hal_pcd.c
 
Building file: ../system/src/stm32l0xx/stm32l0xx_hal_pcd_ex.c
Invoking: Cross ARM GNU C Compiler
arm-none-eabi-gcc -mcpu=cortex-m0plus -mthumb -O0 -fmessage-length=0 -fsigned-char -ffunction-sections -fdata-sections -ffreestanding -fno-move-loop-invariants  -g3 -DDEBUG -DTRACE -I"../include" -I"../system/include" -I"../system/include/arm" -I"../system/include/cmsis" -I"../system/include/cortexm" -I"../system/include/diag" -I"../system/include/stm32l0xx" -I"../system/include/FreeRTOS" -std=gnu11 -MMD -MP -MF"system/src/stm32l0xx/stm32l0xx_hal_pcd_ex.d" -MT"system/src/stm32l0xx/stm32l0xx_hal_pcd_ex.o" -c -o "system/src/stm32l0xx/stm32l0xx_hal_pcd_ex.o" "../system/src/stm32l0xx/stm32l0xx_hal_pcd_ex.c"
Finished building: ../system/src/stm32l0xx/stm32l0xx_hal_pcd_ex.c
 
Building file: ../system/src/stm32l0xx/stm32l0xx_hal_pwr.c
Invoking: Cross ARM GNU C Compiler
arm-none-eabi-gcc -mcpu=cortex-m0plus -mthumb -O0 -fmessage-length=0 -fsigned-char -ffunction-sections -fdata-sections -ffreestanding -fno-move-loop-invariants  -g3 -DDEBUG -DTRACE -I"../include" -I"../system/include" -I"../system/include/arm" -I"../system/include/cmsis" -I"../system/include/cortexm" -I"../system/include/diag" -I"../system/include/stm32l0xx" -I"../system/include/FreeRTOS" -std=gnu11 -MMD -MP -MF"system/src/stm32l0xx/stm32l0xx_hal_pwr.d" -MT"system/src/stm32l0xx/stm32l0xx_hal_pwr.o" -c -o "system/src/stm32l0xx/stm32l0xx_hal_pwr.o" "../system/src/stm32l0xx/stm32l0xx_hal_pwr.c"
Finished building: ../system/src/stm32l0xx/stm32l0xx_hal_pwr.c
 
Building file: ../system/src/stm32l0xx/stm32l0xx_hal_pwr_ex.c
Invoking: Cross ARM GNU C Compiler
arm-none-eabi-gcc -mcpu=cortex-m0plus -mthumb -O0 -fmessage-length=0 -fsigned-char -ffunction-sections -fdata-sections -ffreestanding -fno-move-loop-invariants  -g3 -DDEBUG -DTRACE -I"../include" -I"../system/include" -I"../system/include/arm" -I"../system/include/cmsis" -I"../system/include/cortexm" -I"../system/include/diag" -I"../system/include/stm32l0xx" -I"../system/include/FreeRTOS" -std=gnu11 -MMD -MP -MF"system/src/stm32l0xx/stm32l0xx_hal_pwr_ex.d" -MT"system/src/stm32l0xx/stm32l0xx_hal_pwr_ex.o" -c -o "system/src/stm32l0xx/stm32l0xx_hal_pwr_ex.o" "../system/src/stm32l0xx/stm32l0xx_hal_pwr_ex.c"
Finished building: ../system/src/stm32l0xx/stm32l0xx_hal_pwr_ex.c
 
Building file: ../system/src/stm32l0xx/stm32l0xx_hal_rcc.c
Invoking: Cross ARM GNU C Compiler
arm-none-eabi-gcc -mcpu=cortex-m0plus -mthumb -O0 -fmessage-length=0 -fsigned-char -ffunction-sections -fdata-sections -ffreestanding -fno-move-loop-invariants  -g3 -DDEBUG -DTRACE -I"../include" -I"../system/include" -I"../system/include/arm" -I"../system/include/cmsis" -I"../system/include/cortexm" -I"../system/include/diag" -I"../system/include/stm32l0xx" -I"../system/include/FreeRTOS" -std=gnu11 -MMD -MP -MF"system/src/stm32l0xx/stm32l0xx_hal_rcc.d" -MT"system/src/stm32l0xx/stm32l0xx_hal_rcc.o" -c -o "system/src/stm32l0xx/stm32l0xx_hal_rcc.o" "../system/src/stm32l0xx/stm32l0xx_hal_rcc.c"
Finished building: ../system/src/stm32l0xx/stm32l0xx_hal_rcc.c
 
Building file: ../system/src/stm32l0xx/stm32l0xx_hal_rcc_ex.c
Invoking: Cross ARM GNU C Compiler
arm-none-eabi-gcc -mcpu=cortex-m0plus -mthumb -O0 -fmessage-length=0 -fsigned-char -ffunction-sections -fdata-sections -ffreestanding -fno-move-loop-invariants  -g3 -DDEBUG -DTRACE -I"../include" -I"../system/include" -I"../system/include/arm" -I"../system/include/cmsis" -I"../system/include/cortexm" -I"../system/include/diag" -I"../system/include/stm32l0xx" -I"../system/include/FreeRTOS" -std=gnu11 -MMD -MP -MF"system/src/stm32l0xx/stm32l0xx_hal_rcc_ex.d" -MT"system/src/stm32l0xx/stm32l0xx_hal_rcc_ex.o" -c -o "system/src/stm32l0xx/stm32l0xx_hal_rcc_ex.o" "../system/src/stm32l0xx/stm32l0xx_hal_rcc_ex.c"
Finished building: ../system/src/stm32l0xx/stm32l0xx_hal_rcc_ex.c
 
Building file: ../system/src/stm32l0xx/stm32l0xx_hal_rng.c
Invoking: Cross ARM GNU C Compiler
[...]
0xx_hal_flash.o ./system/src/stm32l0xx/stm32l0xx_hal_flash_ex.o ./system/src/stm32l0xx/stm32l0xx_hal_flash_ramfunc.o ./system/src/stm32l0xx/stm32l0xx_hal_gpio.o ./system/src/stm32l0xx/stm32l0xx_hal_i2c.o ./system/src/stm32l0xx/stm32l0xx_hal_i2c_ex.o ./system/src/stm32l0xx/stm32l0xx_hal_i2s.o ./system/src/stm32l0xx/stm32l0xx_hal_irda.o ./system/src/stm32l0xx/stm32l0xx_hal_iwdg.o ./system/src/stm32l0xx/stm32l0xx_hal_lcd.o ./system/src/stm32l0xx/stm32l0xx_hal_lptim.o ./system/src/stm32l0xx/stm32l0xx_hal_pcd.o ./system/src/stm32l0xx/stm32l0xx_hal_pcd_ex.o ./system/src/stm32l0xx/stm32l0xx_hal_pwr.o ./system/src/stm32l0xx/stm32l0xx_hal_pwr_ex.o ./system/src/stm32l0xx/stm32l0xx_hal_rcc.o ./system/src/stm32l0xx/stm32l0xx_hal_rcc_ex.o ./system/src/stm32l0xx/stm32l0xx_hal_rng.o ./system/src/stm32l0xx/stm32l0xx_hal_rtc.o ./system/src/stm32l0xx/stm32l0xx_hal_rtc_ex.o ./system/src/stm32l0xx/stm32l0xx_hal_smartcard.o ./system/src/stm32l0xx/stm32l0xx_hal_smartcard_ex.o ./system/src/stm32l0xx/stm32l0xx_hal_smbus.o ./system/src/stm32l0xx/stm32l0xx_hal_spi.o ./system/src/stm32l0xx/stm32l0xx_hal_tim.o ./system/src/stm32l0xx/stm32l0xx_hal_tim_ex.o ./system/src/stm32l0xx/stm32l0xx_hal_tsc.o ./system/src/stm32l0xx/stm32l0xx_hal_uart.o ./system/src/stm32l0xx/stm32l0xx_hal_uart_ex.o ./system/src/stm32l0xx/stm32l0xx_hal_usart.o ./system/src/stm32l0xx/stm32l0xx_hal_wwdg.o ./system/src/stm32l0xx/stm32l0xx_ll_adc.o ./system/src/stm32l0xx/stm32l0xx_ll_comp.o ./system/src/stm32l0xx/stm32l0xx_ll_crc.o ./system/src/stm32l0xx/stm32l0xx_ll_crs.o ./system/src/stm32l0xx/stm32l0xx_ll_dac.o ./system/src/stm32l0xx/stm32l0xx_ll_dma.o ./system/src/stm32l0xx/stm32l0xx_ll_exti.o ./system/src/stm32l0xx/stm32l0xx_ll_gpio.o ./system/src/stm32l0xx/stm32l0xx_ll_i2c.o ./system/src/stm32l0xx/stm32l0xx_ll_lptim.o ./system/src/stm32l0xx/stm32l0xx_ll_lpuart.o ./system/src/stm32l0xx/stm32l0xx_ll_pwr.o ./system/src/stm32l0xx/stm32l0xx_ll_rcc.o ./system/src/stm32l0xx/stm32l0xx_ll_rng.o ./system/src/stm32l0xx/stm32l0xx_ll_rtc.o ./system/src/stm32l0xx/stm32l0xx_ll_spi.o ./system/src/stm32l0xx/stm32l0xx_ll_tim.o ./system/src/stm32l0xx/stm32l0xx_ll_usart.o ./system/src/stm32l0xx/stm32l0xx_ll_utils.o  ./system/src/newlib/_cxx.o ./system/src/newlib/_exit.o ./system/src/newlib/_sbrk.o ./system/src/newlib/_startup.o ./system/src/newlib/_syscalls.o ./system/src/newlib/assert.o  ./system/src/diag/Trace.o ./system/src/diag/trace_impl.o  ./system/src/cortexm/_initialize_hardware.o ./system/src/cortexm/_reset_hardware.o ./system/src/cortexm/exception_handlers.o  ./system/src/cmsis/startup_stm32l053xx.o ./system/src/cmsis/system_stm32l0xx.o  ./system/src/FreeRTOS/cmsis_os.o ./system/src/FreeRTOS/croutine.o ./system/src/FreeRTOS/event_groups.o ./system/src/FreeRTOS/heap_2.o ./system/src/FreeRTOS/list.o ./system/src/FreeRTOS/port.o ./system/src/FreeRTOS/queue.o ./system/src/FreeRTOS/tasks.o ./system/src/FreeRTOS/timers.o  ./src/freertos.o ./src/main.o ./src/stm32l0xx_hal_msp.o ./src/stm32l0xx_it.o   
Finished building target: FreeRTOS-CMSIS-OS.elf
 
Invoking: Cross ARM GNU Create Flash Image
arm-none-eabi-objcopy -O ihex "FreeRTOS-CMSIS-OS.elf"  "FreeRTOS-CMSIS-OS.hex"
Finished building: FreeRTOS-CMSIS-OS.hex
 
Invoking: Cross ARM GNU Print Size
arm-none-eabi-size --format=berkeley "FreeRTOS-CMSIS-OS.elf"
   text	   data	    bss	    dec	    hex	filename
  42848	   2544	   4120	  49512	   c168	FreeRTOS-CMSIS-OS.elf
Finished building: FreeRTOS-CMSIS-OS.siz
 
12:31:06 **** Incremental Build of configuration Debug for project FreeRTOS-CMSIS-OS ****
make all 
Building file: ../src/main.c
Invoking: Cross ARM GNU C Compiler
arm-none-eabi-gcc -mcpu=cortex-m0plus -mthumb -O0 -fmessage-length=0 -fsigned-char -ffunction-sections -fdata-sections -ffreestanding -fno-move-loop-invariants  -g3 -DDEBUG -DTRACE -I"../include" -I"../system/include" -I"../system/include/arm" -I"../system/include/cmsis" -I"../system/include/cortexm" -I"../system/include/diag" -I"../system/include/stm32l0xx" -I"../system/include/FreeRTOS" -std=gnu11 -MMD -MP -MF"src/main.d" -MT"src/main.o" -c -o "src/main.o" "../src/main.c"
Finished building: ../src/main.c
 
Building target: FreeRTOS-CMSIS-OS.elf
Invoking: Cross ARM GNU C++ Linker
arm-none-eabi-g++ -mcpu=cortex-m0plus -mthumb -O0 -fmessage-length=0 -fsigned-char -ffunction-sections -fdata-sections -ffreestanding -fno-move-loop-invariants  -g3 -T mem.ld -T libs.ld -T sections.ld -nostartfiles -Xlinker --gc-sections -L"../ldscripts" -Wl,-Map,"FreeRTOS-CMSIS-OS.map" -o "FreeRTOS-CMSIS-OS.elf"  ./system/src/stm32l0xx/stm32l0xx_hal.o ./system/src/stm32l0xx/stm32l0xx_hal_adc.o ./system/src/stm32l0xx/stm32l0xx_hal_adc_ex.o ./system/src/stm32l0xx/stm32l0xx_hal_comp.o ./system/src/stm32l0xx/stm32l0xx_hal_comp_ex.o ./system/src/stm32l0xx/stm32l0xx_hal_cortex.o ./system/src/stm32l0xx/stm32l0xx_hal_crc.o ./system/src/stm32l0xx/stm32l0xx_hal_crc_ex.o ./system/src/stm32l0xx/stm32l0xx_hal_cryp.o ./system/src/stm32l0xx/stm32l0xx_hal_cryp_ex.o ./system/src/stm32l0xx/stm32l0xx_hal_dac.o ./system/src/stm32l0xx/stm32l0xx_hal_dac_ex.o ./system/src/stm32l0xx/stm32l0xx_hal_dma.o ./system/src/stm32l0xx/stm32l0xx_hal_firewall.o ./system/src/stm32l0xx/stm32l0xx_hal_flash.o ./system/src/stm32l0xx/stm32l0xx_hal_flash_ex.o ./system/src/stm32l0xx/stm32l0xx_hal_flash_ramfunc.o ./system/src/stm32l0xx/stm32l0xx_hal_gpio.o ./system/src/stm32l0xx/stm32l0xx_hal_i2c.o ./system/src/stm32l0xx/stm32l0xx_hal_i2c_ex.o ./system/src/stm32l0xx/stm32l0xx_hal_i2s.o ./system/src/stm32l0xx/stm32l0xx_hal_irda.o ./system/src/stm32l0xx/stm32l0xx_hal_iwdg.o ./system/src/stm32l0xx/stm32l0xx_hal_lcd.o ./system/src/stm32l0xx/stm32l0xx_hal_lptim.o ./system/src/stm32l0xx/stm32l0xx_hal_pcd.o ./system/src/stm32l0xx/stm32l0xx_hal_pcd_ex.o ./system/src/stm32l0xx/stm32l0xx_hal_pwr.o ./system/src/stm32l0xx/stm32l0xx_hal_pwr_ex.o ./system/src/stm32l0xx/stm32l0xx_hal_rcc.o ./system/src/stm32l0xx/stm32l0xx_hal_rcc_ex.o ./system/src/stm32l0xx/stm32l0xx_hal_rng.o ./system/src/stm32l0xx/stm32l0xx_hal_rtc.o ./system/src/stm32l0xx/stm32l0xx_hal_rtc_ex.o ./system/src/stm32l0xx/stm32l0xx_hal_smartcard.o ./system/src/stm32l0xx/stm32l0xx_hal_smartcard_ex.o ./system/src/stm32l0xx/stm32l0xx_hal_smbus.o ./system/src/stm32l0xx/stm32l0xx_hal_spi.o ./system/src/stm32l0xx/stm32l0xx_hal_tim.o ./system/src/stm32l0xx/stm32l0xx_hal_tim_ex.o ./system/src/stm32l0xx/stm32l0xx_hal_tsc.o ./system/src/stm32l0xx/stm32l0xx_hal_uart.o ./system/src/stm32l0xx/stm32l0xx_hal_uart_ex.o ./system/src/stm32l0xx/stm32l0xx_hal_usart.o ./system/src/stm32l0xx/stm32l0xx_hal_wwdg.o ./system/src/stm32l0xx/stm32l0xx_ll_adc.o ./system/src/stm32l0xx/stm32l0xx_ll_comp.o ./system/src/stm32l0xx/stm32l0xx_ll_crc.o ./system/src/stm32l0xx/stm32l0xx_ll_crs.o ./system/src/stm32l0xx/stm32l0xx_ll_dac.o ./system/src/stm32l0xx/stm32l0xx_ll_dma.o ./system/src/stm32l0xx/stm32l0xx_ll_exti.o ./system/src/stm32l0xx/stm32l0xx_ll_gpio.o ./system/src/stm32l0xx/stm32l0xx_ll_i2c.o ./system/src/stm32l0xx/stm32l0xx_ll_lptim.o ./system/src/stm32l0xx/stm32l0xx_ll_lpuart.o ./system/src/stm32l0xx/stm32l0xx_ll_pwr.o ./system/src/stm32l0xx/stm32l0xx_ll_rcc.o ./system/src/stm32l0xx/stm32l0xx_ll_rng.o ./system/src/stm32l0xx/stm32l0xx_ll_rtc.o ./system/src/stm32l0xx/stm32l0xx_ll_spi.o ./system/src/stm32l0xx/stm32l0xx_ll_tim.o ./system/src/stm32l0xx/stm32l0xx_ll_usart.o ./system/src/stm32l0xx/stm32l0xx_ll_utils.o  ./system/src/newlib/_cxx.o ./system/src/newlib/_exit.o ./system/src/newlib/_sbrk.o ./system/src/newlib/_startup.o ./system/src/newlib/_syscalls.o ./system/src/newlib/assert.o  ./system/src/diag/Trace.o ./system/src/diag/trace_impl.o  ./system/src/cortexm/_initialize_hardware.o ./system/src/cortexm/_reset_hardware.o ./system/src/cortexm/exception_handlers.o  ./system/src/cmsis/startup_stm32l053xx.o ./system/src/cmsis/system_stm32l0xx.o  ./system/src/FreeRTOS/cmsis_os.o ./system/src/FreeRTOS/croutine.o ./system/src/FreeRTOS/event_groups.o ./system/src/FreeRTOS/heap_2.o ./system/src/FreeRTOS/list.o ./system/src/FreeRTOS/port.o ./system/src/FreeRTOS/queue.o ./system/src/FreeRTOS/tasks.o ./system/src/FreeRTOS/timers.o  ./src/freertos.o ./src/main.o ./src/stm32l0xx_hal_msp.o ./src/stm32l0xx_it.o   
Finished building target: FreeRTOS-CMSIS-OS.elf
 
Invoking: Cross ARM GNU Create Flash Image
arm-none-eabi-objcopy -O ihex "FreeRTOS-CMSIS-OS.elf"  "FreeRTOS-CMSIS-OS.hex"
Finished building: FreeRTOS-CMSIS-OS.hex
 
Invoking: Cross ARM GNU Print Size
arm-none-eabi-size --format=berkeley "FreeRTOS-CMSIS-OS.elf"
   text	   data	    bss	    dec	    hex	filename
  42888	   2544	   4120	  49552	   c190	FreeRTOS-CMSIS-OS.elf
Finished building: FreeRTOS-CMSIS-OS.siz
 
12:36:52 **** Incremental Build of configuration Debug for project FreeRTOS-CMSIS-OS ****
make all 
Invoking: Cross ARM GNU Print Size
arm-none-eabi-size --format=berkeley "FreeRTOS-CMSIS-OS.elf"
   text	   data	    bss	    dec	    hex	filename
  42888	   2544	   4120	  49552	   c190	FreeRTOS-CMSIS-OS.elf
Finished building: FreeRTOS-CMSIS-OS.siz
 
13:01:20 **** Incremental Build of configuration Debug for project FreeRTOS-CMSIS-OS ****
make all 
Invoking: Cross ARM GNU Print Size
arm-none-eabi-size --format=berkeley "FreeRTOS-CMSIS-OS.elf"
   text	   data	    bss	    dec	    hex	filename
  42888	   2544	   4120	  49552	   c190	FreeRTOS-CMSIS-OS.elf
Finished building: FreeRTOS-CMSIS-OS.siz
 
13:04:08 **** Incremental Build of configuration Debug for project FreeRTOS-CMSIS-OS ****
make all 
Invoking: Cross ARM GNU Print Size
arm-none-eabi-size --format=berkeley "FreeRTOS-CMSIS-OS.elf"
   text	   data	    bss	    dec	    hex	filename
  42888	   2544	   4120	  49552	   c190	FreeRTOS-CMSIS-OS.elf
Finished building: FreeRTOS-CMSIS-OS.siz
 
13:06:52 **** Incremental Build of configuration Debug for project FreeRTOS-CMSIS-OS ****
make all 
Building file: ../src/main.c
Invoking: Cross ARM GNU C Compiler
arm-none-eabi-gcc -mcpu=cortex-m0plus -mthumb -O0 -fmessage-length=0 -fsigned-char -ffunction-sections -fdata-sections -ffreestanding -fno-move-loop-invariants  -g3 -DDEBUG -DTRACE -I"../include" -I"../system/include" -I"../system/include/arm" -I"../system/include/cmsis" -I"../system/include/cortexm" -I"../system/include/diag" -I"../system/include/stm32l0xx" -I"../system/include/FreeRTOS" -std=gnu11 -MMD -MP -MF"src/main.d" -MT"src/main.o" -c -o "src/main.o" "../src/main.c"
Finished building: ../src/main.c
 
Building target: FreeRTOS-CMSIS-OS.elf
Invoking: Cross ARM GNU C++ Linker
arm-none-eabi-g++ -mcpu=cortex-m0plus -mthumb -O0 -fmessage-length=0 -fsigned-char -ffunction-sections -fdata-sections -ffreestanding -fno-move-loop-invariants  -g3 -T mem.ld -T libs.ld -T sections.ld -nostartfiles -Xlinker --gc-sections -L"../ldscripts" -Wl,-Map,"FreeRTOS-CMSIS-OS.map" -o "FreeRTOS-CMSIS-OS.elf"  ./system/src/stm32l0xx/stm32l0xx_hal.o ./system/src/stm32l0xx/stm32l0xx_hal_adc.o ./system/src/stm32l0xx/stm32l0xx_hal_adc_ex.o ./system/src/stm32l0xx/stm32l0xx_hal_comp.o ./system/src/stm32l0xx/stm32l0xx_hal_comp_ex.o ./system/src/stm32l0xx/stm32l0xx_hal_cortex.o ./system/src/stm32l0xx/stm32l0xx_hal_crc.o ./system/src/stm32l0xx/stm32l0xx_hal_crc_ex.o ./system/src/stm32l0xx/stm32l0xx_hal_cryp.o ./system/src/stm32l0xx/stm32l0xx_hal_cryp_ex.o ./system/src/stm32l0xx/stm32l0xx_hal_dac.o ./system/src/stm32l0xx/stm32l0xx_hal_dac_ex.o ./system/src/stm32l0xx/stm32l0xx_hal_dma.o ./system/src/stm32l0xx/stm32l0xx_hal_firewall.o ./system/src/stm32l0xx/stm32l0xx_hal_flash.o ./system/src/stm32l0xx/stm32l0xx_hal_flash_ex.o ./system/src/stm32l0xx/stm32l0xx_hal_flash_ramfunc.o ./system/src/stm32l0xx/stm32l0xx_hal_gpio.o ./system/src/stm32l0xx/stm32l0xx_hal_i2c.o ./system/src/stm32l0xx/stm32l0xx_hal_i2c_ex.o ./system/src/stm32l0xx/stm32l0xx_hal_i2s.o ./system/src/stm32l0xx/stm32l0xx_hal_irda.o ./system/src/stm32l0xx/stm32l0xx_hal_iwdg.o ./system/src/stm32l0xx/stm32l0xx_hal_lcd.o ./system/src/stm32l0xx/stm32l0xx_hal_lptim.o ./system/src/stm32l0xx/stm32l0xx_hal_pcd.o ./system/src/stm32l0xx/stm32l0xx_hal_pcd_ex.o ./system/src/stm32l0xx/stm32l0xx_hal_pwr.o ./system/src/stm32l0xx/stm32l0xx_hal_pwr_ex.o ./system/src/stm32l0xx/stm32l0xx_hal_rcc.o ./system/src/stm32l0xx/stm32l0xx_hal_rcc_ex.o ./system/src/stm32l0xx/stm32l0xx_hal_rng.o ./system/src/stm32l0xx/stm32l0xx_hal_rtc.o ./system/src/stm32l0xx/stm32l0xx_hal_rtc_ex.o ./system/src/stm32l0xx/stm32l0xx_hal_smartcard.o ./system/src/stm32l0xx/stm32l0xx_hal_smartcard_ex.o ./system/src/stm32l0xx/stm32l0xx_hal_smbus.o ./system/src/stm32l0xx/stm32l0xx_hal_spi.o ./system/src/stm32l0xx/stm32l0xx_hal_tim.o ./system/src/stm32l0xx/stm32l0xx_hal_tim_ex.o ./system/src/stm32l0xx/stm32l0xx_hal_tsc.o ./system/src/stm32l0xx/stm32l0xx_hal_uart.o ./system/src/stm32l0xx/stm32l0xx_hal_uart_ex.o ./system/src/stm32l0xx/stm32l0xx_hal_usart.o ./system/src/stm32l0xx/stm32l0xx_hal_wwdg.o ./system/src/stm32l0xx/stm32l0xx_ll_adc.o ./system/src/stm32l0xx/stm32l0xx_ll_comp.o ./system/src/stm32l0xx/stm32l0xx_ll_crc.o ./system/src/stm32l0xx/stm32l0xx_ll_crs.o ./system/src/stm32l0xx/stm32l0xx_ll_dac.o ./system/src/stm32l0xx/stm32l0xx_ll_dma.o ./system/src/stm32l0xx/stm32l0xx_ll_exti.o ./system/src/stm32l0xx/stm32l0xx_ll_gpio.o ./system/src/stm32l0xx/stm32l0xx_ll_i2c.o ./system/src/stm32l0xx/stm32l0xx_ll_lptim.o ./system/src/stm32l0xx/stm32l0xx_ll_lpuart.o ./system/src/stm32l0xx/stm32l0xx_ll_pwr.o ./system/src/stm32l0xx/stm32l0xx_ll_rcc.o ./system/src/stm32l0xx/stm32l0xx_ll_rng.o ./system/src/stm32l0xx/stm32l0xx_ll_rtc.o ./system/src/stm32l0xx/stm32l0xx_ll_spi.o ./system/src/stm32l0xx/stm32l0xx_ll_tim.o ./system/src/stm32l0xx/stm32l0xx_ll_usart.o ./system/src/stm32l0xx/stm32l0xx_ll_utils.o  ./system/src/newlib/_cxx.o ./system/src/newlib/_exit.o ./system/src/newlib/_sbrk.o ./system/src/newlib/_startup.o ./system/src/newlib/_syscalls.o ./system/src/newlib/assert.o  ./system/src/diag/Trace.o ./system/src/diag/trace_impl.o  ./system/src/cortexm/_initialize_hardware.o ./system/src/cortexm/_reset_hardware.o ./system/src/cortexm/exception_handlers.o  ./system/src/cmsis/startup_stm32l053xx.o ./system/src/cmsis/system_stm32l0xx.o  ./system/src/FreeRTOS/cmsis_os.o ./system/src/FreeRTOS/croutine.o ./system/src/FreeRTOS/event_groups.o ./system/src/FreeRTOS/heap_2.o ./system/src/FreeRTOS/list.o ./system/src/FreeRTOS/port.o ./system/src/FreeRTOS/queue.o ./system/src/FreeRTOS/tasks.o ./system/src/FreeRTOS/timers.o  ./src/freertos.o ./src/main.o ./src/stm32l0xx_hal_msp.o ./src/stm32l0xx_it.o   
Finished building target: FreeRTOS-CMSIS-OS.elf
 
Invoking: Cross ARM GNU Create Flash Image
arm-none-eabi-objcopy -O ihex "FreeRTOS-CMSIS-OS.elf"  "FreeRTOS-CMSIS-OS.hex"
Finished building: FreeRTOS-CMSIS-OS.hex
 
Invoking: Cross ARM GNU Print Size
arm-none-eabi-size --format=berkeley "FreeRTOS-CMSIS-OS.elf"
   text	   data	    bss	    dec	    hex	filename
  42888	   2544	   4120	  49552	   c190	FreeRTOS-CMSIS-OS.elf
Finished building: FreeRTOS-CMSIS-OS.siz
 
13:33:11 **** Build of configuration Debug for project FreeRTOS-CMSIS-OS ****
make all 
Building file: ../src/main.c
Invoking: Cross ARM GNU C Compiler
arm-none-eabi-gcc -mcpu=cortex-m0plus -mthumb -O0 -fmessage-length=0 -fsigned-char -ffunction-sections -fdata-sections -ffreestanding -fno-move-loop-invariants  -g3 -DDEBUG -DTRACE -I"../include" -I"../system/include" -I"../system/include/arm" -I"../system/include/cmsis" -I"../system/include/cortexm" -I"../system/include/diag" -I"../system/include/stm32l0xx" -I"../system/include/FreeRTOS" -std=gnu11 -MMD -MP -MF"src/main.d" -MT"src/main.o" -c -o "src/main.o" "../src/main.c"
Finished building: ../src/main.c
 
Building target: FreeRTOS-CMSIS-OS.elf
Invoking: Cross ARM GNU C++ Linker
arm-none-eabi-g++ -mcpu=cortex-m0plus -mthumb -O0 -fmessage-length=0 -fsigned-char -ffunction-sections -fdata-sections -ffreestanding -fno-move-loop-invariants  -g3 -T mem.ld -T libs.ld -T sections.ld -nostartfiles -Xlinker --gc-sections -L"../ldscripts" -Wl,-Map,"FreeRTOS-CMSIS-OS.map" -o "FreeRTOS-CMSIS-OS.elf"  ./system/src/stm32l0xx/stm32l0xx_hal.o ./system/src/stm32l0xx/stm32l0xx_hal_adc.o ./system/src/stm32l0xx/stm32l0xx_hal_adc_ex.o ./system/src/stm32l0xx/stm32l0xx_hal_comp.o ./system/src/stm32l0xx/stm32l0xx_hal_comp_ex.o ./system/src/stm32l0xx/stm32l0xx_hal_cortex.o ./system/src/stm32l0xx/stm32l0xx_hal_crc.o ./system/src/stm32l0xx/stm32l0xx_hal_crc_ex.o ./system/src/stm32l0xx/stm32l0xx_hal_cryp.o ./system/src/stm32l0xx/stm32l0xx_hal_cryp_ex.o ./system/src/stm32l0xx/stm32l0xx_hal_dac.o ./system/src/stm32l0xx/stm32l0xx_hal_dac_ex.o ./system/src/stm32l0xx/stm32l0xx_hal_dma.o ./system/src/stm32l0xx/stm32l0xx_hal_firewall.o ./system/src/stm32l0xx/stm32l0xx_hal_flash.o ./system/src/stm32l0xx/stm32l0xx_hal_flash_ex.o ./system/src/stm32l0xx/stm32l0xx_hal_flash_ramfunc.o ./system/src/stm32l0xx/stm32l0xx_hal_gpio.o ./system/src/stm32l0xx/stm32l0xx_hal_i2c.o ./system/src/stm32l0xx/stm32l0xx_hal_i2c_ex.o ./system/src/stm32l0xx/stm32l0xx_hal_i2s.o ./system/src/stm32l0xx/stm32l0xx_hal_irda.o ./system/src/stm32l0xx/stm32l0xx_hal_iwdg.o ./system/src/stm32l0xx/stm32l0xx_hal_lcd.o ./system/src/stm32l0xx/stm32l0xx_hal_lptim.o ./system/src/stm32l0xx/stm32l0xx_hal_pcd.o ./system/src/stm32l0xx/stm32l0xx_hal_pcd_ex.o ./system/src/stm32l0xx/stm32l0xx_hal_pwr.o ./system/src/stm32l0xx/stm32l0xx_hal_pwr_ex.o ./system/src/stm32l0xx/stm32l0xx_hal_rcc.o ./system/src/stm32l0xx/stm32l0xx_hal_rcc_ex.o ./system/src/stm32l0xx/stm32l0xx_hal_rng.o ./system/src/stm32l0xx/stm32l0xx_hal_rtc.o ./system/src/stm32l0xx/stm32l0xx_hal_rtc_ex.o ./system/src/stm32l0xx/stm32l0xx_hal_smartcard.o ./system/src/stm32l0xx/stm32l0xx_hal_smartcard_ex.o ./system/src/stm32l0xx/stm32l0xx_hal_smbus.o ./system/src/stm32l0xx/stm32l0xx_hal_spi.o ./system/src/stm32l0xx/stm32l0xx_hal_tim.o ./system/src/stm32l0xx/stm32l0xx_hal_tim_ex.o ./system/src/stm32l0xx/stm32l0xx_hal_tsc.o ./system/src/stm32l0xx/stm32l0xx_hal_uart.o ./system/src/stm32l0xx/stm32l0xx_hal_uart_ex.o ./system/src/stm32l0xx/stm32l0xx_hal_usart.o ./system/src/stm32l0xx/stm32l0xx_hal_wwdg.o ./system/src/stm32l0xx/stm32l0xx_ll_adc.o ./system/src/stm32l0xx/stm32l0xx_ll_comp.o ./system/src/stm32l0xx/stm32l0xx_ll_crc.o ./system/src/stm32l0xx/stm32l0xx_ll_crs.o ./system/src/stm32l0xx/stm32l0xx_ll_dac.o ./system/src/stm32l0xx/stm32l0xx_ll_dma.o ./system/src/stm32l0xx/stm32l0xx_ll_exti.o ./system/src/stm32l0xx/stm32l0xx_ll_gpio.o ./system/src/stm32l0xx/stm32l0xx_ll_i2c.o ./system/src/stm32l0xx/stm32l0xx_ll_lptim.o ./system/src/stm32l0xx/stm32l0xx_ll_lpuart.o ./system/src/stm32l0xx/stm32l0xx_ll_pwr.o ./system/src/stm32l0xx/stm32l0xx_ll_rcc.o ./system/src/stm32l0xx/stm32l0xx_ll_rng.o ./system/src/stm32l0xx/stm32l0xx_ll_rtc.o ./system/src/stm32l0xx/stm32l0xx_ll_spi.o ./system/src/stm32l0xx/stm32l0xx_ll_tim.o ./system/src/stm32l0xx/stm32l0xx_ll_usart.o ./system/src/stm32l0xx/stm32l0xx_ll_utils.o  ./system/src/newlib/_cxx.o ./system/src/newlib/_exit.o ./system/src/newlib/_sbrk.o ./system/src/newlib/_startup.o ./system/src/newlib/_syscalls.o ./system/src/newlib/assert.o  ./system/src/diag/Trace.o ./system/src/diag/trace_impl.o  ./system/src/cortexm/_initialize_hardware.o ./system/src/cortexm/_reset_hardware.o ./system/src/cortexm/exception_handlers.o  ./system/src/cmsis/startup_stm32l053xx.o ./system/src/cmsis/system_stm32l0xx.o  ./system/src/FreeRTOS/cmsis_os.o ./system/src/FreeRTOS/croutine.o ./system/src/FreeRTOS/event_groups.o ./system/src/FreeRTOS/heap_2.o ./system/src/FreeRTOS/list.o ./system/src/FreeRTOS/port.o ./system/src/FreeRTOS/queue.o ./system/src/FreeRTOS/tasks.o ./system/src/FreeRTOS/timers.o  ./src/freertos.o ./src/main.o ./src/stm32l0xx_hal_msp.o ./src/stm32l0xx_it.o   
Finished building target: FreeRTOS-CMSIS-OS.elf
 
Invoking: Cross ARM GNU Create Flash Image
arm-none-eabi-objcopy -O ihex "FreeRTOS-CMSIS-OS.elf"  "FreeRTOS-CMSIS-OS.hex"
Finished building: FreeRTOS-CMSIS-OS.hex
 
Invoking: Cross ARM GNU Print Size
arm-none-eabi-size --format=berkeley "FreeRTOS-CMSIS-OS.elf"
   text	   data	    bss	    dec	    hex	filename
  42896	   2544	   4120	  49560	   c198	FreeRTOS-CMSIS-OS.elf
Finished building: FreeRTOS-CMSIS-OS.siz
 
