Archive member included to satisfy reference by file (symbol)

/home/project-mar/opt/gcc-arm-none-eabi-6-2017-q1-update/bin/../lib/gcc/arm-none-eabi/6.3.1/thumb/v6-m/libgcc.a(_udivsi3.o)
                              ./system/src/stm32l0xx/stm32l0xx_hal.o (__aeabi_uidiv)
/home/project-mar/opt/gcc-arm-none-eabi-6-2017-q1-update/bin/../lib/gcc/arm-none-eabi/6.3.1/thumb/v6-m/libgcc.a(_dvmd_tls.o)
                              /home/project-mar/opt/gcc-arm-none-eabi-6-2017-q1-update/bin/../lib/gcc/arm-none-eabi/6.3.1/thumb/v6-m/libgcc.a(_udivsi3.o) (__aeabi_idiv0)
/home/project-mar/opt/gcc-arm-none-eabi-6-2017-q1-update/bin/../lib/gcc/arm-none-eabi/6.3.1/thumb/v6-m/libgcc.a(_aeabi_uldivmod.o)
                              ./system/src/stm32l0xx/stm32l0xx_hal_uart.o (__aeabi_uldivmod)
/home/project-mar/opt/gcc-arm-none-eabi-6-2017-q1-update/bin/../lib/gcc/arm-none-eabi/6.3.1/thumb/v6-m/libgcc.a(_udivmoddi4.o)
                              /home/project-mar/opt/gcc-arm-none-eabi-6-2017-q1-update/bin/../lib/gcc/arm-none-eabi/6.3.1/thumb/v6-m/libgcc.a(_aeabi_uldivmod.o) (__udivmoddi4)
/home/project-mar/opt/gcc-arm-none-eabi-6-2017-q1-update/bin/../lib/gcc/arm-none-eabi/6.3.1/thumb/v6-m/libgcc.a(unwind-arm.o)
                              ./system/src/newlib/_cxx.o (__aeabi_unwind_cpp_pr0)
/home/project-mar/opt/gcc-arm-none-eabi-6-2017-q1-update/bin/../lib/gcc/arm-none-eabi/6.3.1/thumb/v6-m/libgcc.a(libunwind.o)
                              /home/project-mar/opt/gcc-arm-none-eabi-6-2017-q1-update/bin/../lib/gcc/arm-none-eabi/6.3.1/thumb/v6-m/libgcc.a(unwind-arm.o) (restore_core_regs)
/home/project-mar/opt/gcc-arm-none-eabi-6-2017-q1-update/bin/../lib/gcc/arm-none-eabi/6.3.1/thumb/v6-m/libgcc.a(pr-support.o)
                              /home/project-mar/opt/gcc-arm-none-eabi-6-2017-q1-update/bin/../lib/gcc/arm-none-eabi/6.3.1/thumb/v6-m/libgcc.a(unwind-arm.o) (__gnu_unwind_execute)
/home/project-mar/opt/gcc-arm-none-eabi-6-2017-q1-update/bin/../lib/gcc/arm-none-eabi/6.3.1/thumb/v6-m/libgcc.a(_clzdi2.o)
                              /home/project-mar/opt/gcc-arm-none-eabi-6-2017-q1-update/bin/../lib/gcc/arm-none-eabi/6.3.1/thumb/v6-m/libgcc.a(_udivmoddi4.o) (__clzdi2)
/home/project-mar/opt/gcc-arm-none-eabi-6-2017-q1-update/bin/../lib/gcc/arm-none-eabi/6.3.1/thumb/v6-m/libgcc.a(_clzsi2.o)
                              /home/project-mar/opt/gcc-arm-none-eabi-6-2017-q1-update/bin/../lib/gcc/arm-none-eabi/6.3.1/thumb/v6-m/libgcc.a(_clzdi2.o) (__clzsi2)
/home/project-mar/opt/gcc-arm-none-eabi-6-2017-q1-update/bin/../lib/gcc/arm-none-eabi/6.3.1/../../../../arm-none-eabi/lib/thumb/v6-m/libg.a(lib_a-errno.o)
                              ./system/src/newlib/_sbrk.o (__errno)
/home/project-mar/opt/gcc-arm-none-eabi-6-2017-q1-update/bin/../lib/gcc/arm-none-eabi/6.3.1/../../../../arm-none-eabi/lib/thumb/v6-m/libg.a(lib_a-impure.o)
                              /home/project-mar/opt/gcc-arm-none-eabi-6-2017-q1-update/bin/../lib/gcc/arm-none-eabi/6.3.1/../../../../arm-none-eabi/lib/thumb/v6-m/libg.a(lib_a-errno.o) (_impure_ptr)
/home/project-mar/opt/gcc-arm-none-eabi-6-2017-q1-update/bin/../lib/gcc/arm-none-eabi/6.3.1/../../../../arm-none-eabi/lib/thumb/v6-m/libg.a(lib_a-init.o)
                              ./system/src/cmsis/startup_stm32l053xx.o (__libc_init_array)
/home/project-mar/opt/gcc-arm-none-eabi-6-2017-q1-update/bin/../lib/gcc/arm-none-eabi/6.3.1/../../../../arm-none-eabi/lib/thumb/v6-m/libg.a(lib_a-memcpy-stub.o)
                              ./system/src/FreeRTOS/queue.o (memcpy)
/home/project-mar/opt/gcc-arm-none-eabi-6-2017-q1-update/bin/../lib/gcc/arm-none-eabi/6.3.1/../../../../arm-none-eabi/lib/thumb/v6-m/libg.a(lib_a-memset.o)
                              ./system/src/stm32l0xx/stm32l0xx_hal_rcc.o (memset)
/home/project-mar/opt/gcc-arm-none-eabi-6-2017-q1-update/bin/../lib/gcc/arm-none-eabi/6.3.1/../../../../arm-none-eabi/lib/thumb/v6-m/libg.a(lib_a-strlen-stub.o)
                              ./system/src/diag/Trace.o (strlen)
/home/project-mar/opt/gcc-arm-none-eabi-6-2017-q1-update/bin/../lib/gcc/arm-none-eabi/6.3.1/../../../../arm-none-eabi/lib/thumb/v6-m/libg.a(lib_a-vsnprintf.o)
                              ./system/src/diag/Trace.o (vsnprintf)
/home/project-mar/opt/gcc-arm-none-eabi-6-2017-q1-update/bin/../lib/gcc/arm-none-eabi/6.3.1/../../../../arm-none-eabi/lib/thumb/v6-m/libg.a(lib_a-svfprintf.o)
                              /home/project-mar/opt/gcc-arm-none-eabi-6-2017-q1-update/bin/../lib/gcc/arm-none-eabi/6.3.1/../../../../arm-none-eabi/lib/thumb/v6-m/libg.a(lib_a-vsnprintf.o) (_svfprintf_r)
/home/project-mar/opt/gcc-arm-none-eabi-6-2017-q1-update/bin/../lib/gcc/arm-none-eabi/6.3.1/../../../../arm-none-eabi/lib/thumb/v6-m/libg.a(lib_a-dtoa.o)
                              /home/project-mar/opt/gcc-arm-none-eabi-6-2017-q1-update/bin/../lib/gcc/arm-none-eabi/6.3.1/../../../../arm-none-eabi/lib/thumb/v6-m/libg.a(lib_a-svfprintf.o) (_dtoa_r)
[...]
Memory Configuration

Name             Origin             Length             Attributes
FLASH            0x0000000008000000 0x0000000000010000 xr
RAM              0x0000000020000000 0x0000000000002000 xrw
CCMRAM           0x0000000010000000 0x0000000000000000 xrw
FLASHB1          0x0000000000000000 0x0000000000000000 xr
EXTMEMB0         0x0000000000000000 0x0000000000000000 xr
EXTMEMB1         0x0000000000000000 0x0000000000000000 xr
EXTMEMB2         0x0000000000000000 0x0000000000000000 xr
EXTMEMB3         0x0000000000000000 0x0000000000000000 xr
*default*        0x0000000000000000 0xffffffffffffffff

Linker script and memory map

LOAD ./system/src/stm32l0xx/stm32l0xx_hal.o
LOAD ./system/src/stm32l0xx/stm32l0xx_hal_adc.o
LOAD ./system/src/stm32l0xx/stm32l0xx_hal_adc_ex.o
LOAD ./system/src/stm32l0xx/stm32l0xx_hal_comp.o
LOAD ./system/src/stm32l0xx/stm32l0xx_hal_comp_ex.o
LOAD ./system/src/stm32l0xx/stm32l0xx_hal_cortex.o
LOAD ./system/src/stm32l0xx/stm32l0xx_hal_crc.o
LOAD ./system/src/stm32l0xx/stm32l0xx_hal_crc_ex.o
LOAD ./system/src/stm32l0xx/stm32l0xx_hal_cryp.o
LOAD ./system/src/stm32l0xx/stm32l0xx_hal_cryp_ex.o
LOAD ./system/src/stm32l0xx/stm32l0xx_hal_dac.o
LOAD ./system/src/stm32l0xx/stm32l0xx_hal_dac_ex.o
LOAD ./system/src/stm32l0xx/stm32l0xx_hal_dma.o
LOAD ./system/src/stm32l0xx/stm32l0xx_hal_firewall.o
LOAD ./system/src/stm32l0xx/stm32l0xx_hal_flash.o
LOAD ./system/src/stm32l0xx/stm32l0xx_hal_flash_ex.o
LOAD ./system/src/stm32l0xx/stm32l0xx_hal_flash_ramfunc.o
LOAD ./system/src/stm32l0xx/stm32l0xx_hal_gpio.o
LOAD ./system/src/stm32l0xx/stm32l0xx_hal_i2c.o
LOAD ./system/src/stm32l0xx/stm32l0xx_hal_i2c_ex.o
LOAD ./system/src/stm32l0xx/stm32l0xx_hal_i2s.o
LOAD ./system/src/stm32l0xx/stm32l0xx_hal_irda.o
LOAD ./system/src/stm32l0xx/stm32l0xx_hal_iwdg.o
LOAD ./system/src/stm32l0xx/stm32l0xx_hal_lcd.o
LOAD ./system/src/stm32l0xx/stm32l0xx_hal_lptim.o
LOAD ./system/src/stm32l0xx/stm32l0xx_hal_pcd.o
LOAD ./system/src/stm32l0xx/stm32l0xx_hal_pcd_ex.o
LOAD ./system/src/stm32l0xx/stm32l0xx_hal_pwr.o
LOAD ./system/src/stm32l0xx/stm32l0xx_hal_pwr_ex.o
LOAD ./system/src/stm32l0xx/stm32l0xx_hal_rcc.o
LOAD ./system/src/stm32l0xx/stm32l0xx_hal_rcc_ex.o
LOAD ./system/src/stm32l0xx/stm32l0xx_hal_rng.o
LOAD ./system/src/stm32l0xx/stm32l0xx_hal_rtc.o
LOAD ./system/src/stm32l0xx/stm32l0xx_hal_rtc_ex.o
LOAD ./system/src/stm32l0xx/stm32l0xx_hal_smartcard.o
LOAD ./system/src/stm32l0xx/stm32l0xx_hal_smartcard_ex.o
LOAD ./system/src/stm32l0xx/stm32l0xx_hal_smbus.o
LOAD ./system/src/stm32l0xx/stm32l0xx_hal_spi.o
LOAD ./system/src/stm32l0xx/stm32l0xx_hal_tim.o
LOAD ./system/src/stm32l0xx/stm32l0xx_hal_tim_ex.o
LOAD ./system/src/stm32l0xx/stm32l0xx_hal_tsc.o
LOAD ./system/src/stm32l0xx/stm32l0xx_hal_uart.o
LOAD ./system/src/stm32l0xx/stm32l0xx_hal_uart_ex.o
LOAD ./system/src/stm32l0xx/stm32l0xx_hal_usart.o
LOAD ./system/src/stm32l0xx/stm32l0xx_hal_wwdg.o
LOAD ./system/src/stm32l0xx/stm32l0xx_ll_adc.o
LOAD ./system/src/stm32l0xx/stm32l0xx_ll_comp.o
LOAD ./system/src/stm32l0xx/stm32l0xx_ll_crc.o
LOAD ./system/src/stm32l0xx/stm32l0xx_ll_crs.o
LOAD ./system/src/stm32l0xx/stm32l0xx_ll_dac.o
LOAD ./system/src/stm32l0xx/stm32l0xx_ll_dma.o
LOAD ./system/src/stm32l0xx/stm32l0xx_ll_exti.o
LOAD ./system/src/stm32l0xx/stm32l0xx_ll_gpio.o
LOAD ./system/src/stm32l0xx/stm32l0xx_ll_i2c.o
LOAD ./system/src/stm32l0xx/stm32l0xx_ll_lptim.o
LOAD ./system/src/stm32l0xx/stm32l0xx_ll_lpuart.o
LOAD ./system/src/stm32l0xx/stm32l0xx_ll_pwr.o
LOAD ./system/src/stm32l0xx/stm32l0xx_ll_rcc.o
LOAD ./system/src/stm32l0xx/stm32l0xx_ll_rng.o
LOAD ./system/src/stm32l0xx/stm32l0xx_ll_rtc.o
LOAD ./system/src/stm32l0xx/stm32l0xx_ll_spi.o
LOAD ./system/src/stm32l0xx/stm32l0xx_ll_tim.o
LOAD ./system/src/stm32l0xx/stm32l0xx_ll_usart.o
LOAD ./system/src/stm32l0xx/stm32l0xx_ll_utils.o
LOAD ./system/src/newlib/_cxx.o
LOAD ./system/src/newlib/_exit.o
LOAD ./system/src/newlib/_sbrk.o
LOAD ./system/src/newlib/_startup.o
LOAD ./system/src/newlib/_syscalls.o
LOAD ./system/src/newlib/assert.o
LOAD ./system/src/diag/Trace.o
LOAD ./system/src/diag/trace_impl.o
LOAD ./system/src/cortexm/_initialize_hardware.o
LOAD ./system/src/cortexm/_reset_hardware.o
LOAD ./system/src/cortexm/exception_handlers.o
LOAD ./system/src/cmsis/startup_stm32l053xx.o
LOAD ./system/src/cmsis/system_stm32l0xx.o
LOAD ./system/src/FreeRTOS/cmsis_os.o
LOAD ./system/src/FreeRTOS/croutine.o
LOAD ./system/src/FreeRTOS/event_groups.o
LOAD ./system/src/FreeRTOS/heap_2.o
LOAD ./system/src/FreeRTOS/list.o
LOAD ./system/src/FreeRTOS/port.o
LOAD ./system/src/FreeRTOS/queue.o
LOAD ./system/src/FreeRTOS/tasks.o
LOAD ./system/src/FreeRTOS/timers.o
LOAD ./src/freertos.o
LOAD ./src/main.o
LOAD ./src/stm32l0xx_hal_msp.o
LOAD ./src/stm32l0xx_it.o
LOAD /home/project-mar/opt/gcc-arm-none-eabi-6-2017-q1-update/bin/../lib/gcc/arm-none-eabi/6.3.1/../../../../arm-none-eabi/lib/thumb/v6-m/libstdc++.a
LOAD /home/project-mar/opt/gcc-arm-none-eabi-6-2017-q1-update/bin/../lib/gcc/arm-none-eabi/6.3.1/../../../../arm-none-eabi/lib/thumb/v6-m/libm.a
START GROUP
LOAD /home/project-mar/opt/gcc-arm-none-eabi-6-2017-q1-update/bin/../lib/gcc/arm-none-eabi/6.3.1/thumb/v6-m/libgcc.a
LOAD /home/project-mar/opt/gcc-arm-none-eabi-6-2017-q1-update/bin/../lib/gcc/arm-none-eabi/6.3.1/../../../../arm-none-eabi/lib/thumb/v6-m/libg.a
LOAD /home/project-mar/opt/gcc-arm-none-eabi-6-2017-q1-update/bin/../lib/gcc/arm-none-eabi/6.3.1/../../../../arm-none-eabi/lib/thumb/v6-m/libc.a
END GROUP
                0x0000000020002000                __stack = (ORIGIN (RAM) + LENGTH (RAM))
                0x0000000020002000                _estack = __stack
                0x0000000000000400                __Main_Stack_Size = 0x400
                [!provide]                        PROVIDE (_Main_Stack_Size, __Main_Stack_Size)
                0x0000000020001c00                __Main_Stack_Limit = (__stack - __Main_Stack_Size)
                [!provide]                        PROVIDE (_Main_Stack_Limit, __Main_Stack_Limit)
                0x0000000000000100                _Minimum_Stack_Size = 0x100
                0x0000000020001928                PROVIDE (_Heap_Begin, _end_noinit)
                0x0000000020001c00                PROVIDE (_Heap_Limit, (__stack - __Main_Stack_Size))

.isr_vector     0x0000000008000000      0x2ac
 FILL mask 0xff
                0x0000000008000000                __vectors_start = ABSOLUTE (.)
                0x0000000008000000                __vectors_start__ = ABSOLUTE (.)
 *(.isr_vector)
 .isr_vector    0x0000000008000000       0xc0 ./system/src/cmsis/startup_stm32l053xx.o
                0x0000000008000000                g_pfnVectors
 *(.cfmconfig)
 *(.after_vectors .after_vectors.*)
 .after_vectors
                0x00000000080000c0      0x17c ./system/src/newlib/_startup.o
                0x00000000080000c0                _start
 .after_vectors
                0x000000000800023c       0x70 ./system/src/cortexm/exception_handlers.o
                0x000000000800023c                Reset_Handler
                0x0000000008000244                NMI_Handler
                0x0000000008000266                HardFault_Handler_C

.inits          0x00000000080002ac       0x28
                0x00000000080002ac                __data_regions_array_start = .
                0x00000000080002ac        0x4 LONG 0x8009ff8 LOADADDR (.data)
                0x00000000080002b0        0x4 LONG 0x20000000 ADDR (.data)
                0x00000000080002b4        0x4 LONG 0x20000a20 (ADDR (.data) + SIZEOF (.data))
                0x00000000080002b8        0x4 LONG 0x8009ff8 LOADADDR (.data_CCMRAM)
                0x00000000080002bc        0x4 LONG 0x10000000 ADDR (.data_CCMRAM)
                0x00000000080002c0        0x4 LONG 0x10000000 (ADDR (.data_CCMRAM) + SIZEOF (.data_CCMRAM))
                0x00000000080002c4                __data_regions_array_end = .
                0x00000000080002c4                __bss_regions_array_start = .
                0x00000000080002c4        0x4 LONG 0x20000a20 ADDR (.bss)
                0x00000000080002c8        0x4 LONG 0x20001928 (ADDR (.bss) + SIZEOF (.bss))
                0x00000000080002cc        0x4 LONG 0x10000000 ADDR (.bss_CCMRAM)
                0x00000000080002d0        0x4 LONG 0x10000000 (ADDR (.bss_CCMRAM) + SIZEOF (.bss_CCMRAM))
                0x00000000080002d4                __bss_regions_array_end = .
 *(.init)
 *(.fini)
                0x00000000080002d4                . = ALIGN (0x4)
                0x00000000080002d4                PROVIDE (__preinit_array_start, .)
 *(.preinit_array_sysinit .preinit_array_sysinit.*)
 *(.preinit_array_platform .preinit_array_platform.*)
 *(.preinit_array .preinit_array.*)
                0x00000000080002d4                PROVIDE (__preinit_array_end, .)
                0x00000000080002d4                . = ALIGN (0x4)
                0x00000000080002d4                PROVIDE (__init_array_start, .)
 *(SORT(.init_array.*))
 *(.init_array)
                0x00000000080002d4                PROVIDE (__init_array_end, .)
                0x00000000080002d4                . = ALIGN (0x4)
                0x00000000080002d4                PROVIDE (__fini_array_start, .)
 *(SORT(.fini_array.*))
 *(.fini_array)
                0x00000000080002d4                PROVIDE (__fini_array_end, .)

.flashtext
 *(.flashtext .flashtext.*)

.text           0x00000000080002e0     0x9d10
 *(.text .text.*)
 .text.HAL_Init
                0x00000000080002e0       0x28 ./system/src/stm32l0xx/stm32l0xx_hal.o
                0x00000000080002e0                HAL_Init
 .text.HAL_InitTick
                0x0000000008000308       0x3c ./system/src/stm32l0xx/stm32l0xx_hal.o
                0x0000000008000308                HAL_InitTick
 .text.HAL_IncTick
                0x0000000008000344       0x18 ./system/src/stm32l0xx/stm32l0xx_hal.o
                0x0000000008000344                HAL_IncTick
 .text.HAL_GetTick
                0x000000000800035c       0x14 ./system/src/stm32l0xx/stm32l0xx_hal.o
                0x000000000800035c                HAL_GetTick
 .text.NVIC_SetPriority
                0x0000000008000370       0xdc ./system/src/stm32l0xx/stm32l0xx_hal_cortex.o
 .text.SysTick_Config
                0x000000000800044c       0x48 ./system/src/stm32l0xx/stm32l0xx_hal_cortex.o
 .text.HAL_NVIC_SetPriority
                0x0000000008000494       0x2c ./system/src/stm32l0xx/stm32l0xx_hal_cortex.o
                0x0000000008000494                HAL_NVIC_SetPriority
 .text.HAL_SYSTICK_Config
                0x00000000080004c0       0x1a ./system/src/stm32l0xx/stm32l0xx_hal_cortex.o
                0x00000000080004c0                HAL_SYSTICK_Config
 *fill*         0x00000000080004da        0x2 
 .text.HAL_SYSTICK_CLKSourceConfig
                0x00000000080004dc       0x34 ./system/src/stm32l0xx/stm32l0xx_hal_cortex.o
                0x00000000080004dc                HAL_SYSTICK_CLKSourceConfig
 .text.HAL_GPIO_Init
                0x0000000008000510      0x2ec ./system/src/stm32l0xx/stm32l0xx_hal_gpio.o
                0x0000000008000510                HAL_GPIO_Init
 .text.HAL_GPIO_WritePin
                0x00000000080007fc       0x3a ./system/src/stm32l0xx/stm32l0xx_hal_gpio.o
                0x00000000080007fc                HAL_GPIO_WritePin
 .text.HAL_GPIO_TogglePin
                0x0000000008000836       0x24 ./system/src/stm32l0xx/stm32l0xx_hal_gpio.o
                0x0000000008000836                HAL_GPIO_TogglePin
 *fill*         0x000000000800085a        0x2 
 .text.HAL_RCC_OscConfig
                0x000000000800085c      0x744 ./system/src/stm32l0xx/stm32l0xx_hal_rcc.o
                0x000000000800085c                HAL_RCC_OscConfig
 .text.HAL_RCC_ClockConfig
                0x0000000008000fa0      0x234 ./system/src/stm32l0xx/stm32l0xx_hal_rcc.o
                0x0000000008000fa0                HAL_RCC_ClockConfig
 .text.HAL_RCC_GetSysClockFreq
                0x00000000080011d4       0xfc ./system/src/stm32l0xx/stm32l0xx_hal_rcc.o
                0x00000000080011d4                HAL_RCC_GetSysClockFreq
 .text.HAL_RCC_GetHCLKFreq
                0x00000000080012d0       0x14 ./system/src/stm32l0xx/stm32l0xx_hal_rcc.o
                0x00000000080012d0                HAL_RCC_GetHCLKFreq
 .text.HAL_RCC_GetPCLK1Freq
                0x00000000080012e4       0x2c ./system/src/stm32l0xx/stm32l0xx_hal_rcc.o
                0x00000000080012e4                HAL_RCC_GetPCLK1Freq
 .text.HAL_RCC_GetPCLK2Freq
                0x0000000008001310       0x2c ./system/src/stm32l0xx/stm32l0xx_hal_rcc.o
                0x0000000008001310                HAL_RCC_GetPCLK2Freq
 .text.RCC_SetFlashLatencyFromMSIRange
                0x000000000800133c       0xb0 ./system/src/stm32l0xx/stm32l0xx_hal_rcc.o
 .text.HAL_RCCEx_GetPeriphCLKFreq
                0x00000000080013ec      0x384 ./system/src/stm32l0xx/stm32l0xx_hal_rcc_ex.o
                0x00000000080013ec                HAL_RCCEx_GetPeriphCLKFreq
 .text.HAL_UART_Init
                0x0000000008001770       0xb0 ./system/src/stm32l0xx/stm32l0xx_hal_uart.o
                0x0000000008001770                HAL_UART_Init
 .text.HAL_UART_Transmit
                0x0000000008001820      0x142 ./system/src/stm32l0xx/stm32l0xx_hal_uart.o
                0x0000000008001820                HAL_UART_Transmit
 *fill*         0x0000000008001962        0x2 
 .text.HAL_UART_Receive
                0x0000000008001964      0x1c0 ./system/src/stm32l0xx/stm32l0xx_hal_uart.o
                0x0000000008001964                HAL_UART_Receive
 .text.UART_SetConfig
                0x0000000008001b24      0x660 ./system/src/stm32l0xx/stm32l0xx_hal_uart.o
                0x0000000008001b24                UART_SetConfig
 .text.UART_AdvFeatureConfig
                0x0000000008002184      0x158 ./system/src/stm32l0xx/stm32l0xx_hal_uart.o
                0x0000000008002184                UART_AdvFeatureConfig
 .text.UART_CheckIdleState
                0x00000000080022dc       0x94 ./system/src/stm32l0xx/stm32l0xx_hal_uart.o
                0x00000000080022dc                UART_CheckIdleState
 .text.UART_WaitOnFlagUntilTimeout
                0x0000000008002370       0x98 ./system/src/stm32l0xx/stm32l0xx_hal_uart.o
                0x0000000008002370                UART_WaitOnFlagUntilTimeout
 .text._exit    0x0000000008002408        0xa ./system/src/newlib/_exit.o
                0x0000000008002408                _exit
 *fill*         0x0000000008002412        0x2 
 .text._sbrk    0x0000000008002414       0x68 ./system/src/newlib/_sbrk.o
                0x0000000008002414                _sbrk
 .text.__initialize_args
                0x000000000800247c       0x24 ./system/src/newlib/_syscalls.o
                0x000000000800247c                __initialize_args
 .text.trace_printf
                0x00000000080024a0       0x48 ./system/src/diag/Trace.o
                0x00000000080024a0                trace_printf
 .text.trace_write
                0x00000000080024e8       0x16 ./system/src/diag/trace_impl.o
                0x00000000080024e8                trace_write
 .text.__initialize_hardware_early
                0x00000000080024fe        0xe ./system/src/cortexm/_initialize_hardware.o
                0x00000000080024fe                __initialize_hardware_early
 .text.__initialize_hardware
                0x000000000800250c        0xe ./system/src/cortexm/_initialize_hardware.o
                0x000000000800250c                __initialize_hardware
 *fill*         0x000000000800251a        0x2 
 .text.dumpExceptionStack
                0x000000000800251c       0xcc ./system/src/cortexm/exception_handlers.o
                0x000000000800251c                dumpExceptionStack
 .text.Default_Handler
                0x00000000080025e8        0x2 ./system/src/cmsis/startup_stm32l053xx.o
                0x00000000080025e8                TSC_IRQHandler
                0x00000000080025e8                ADC1_COMP_IRQHandler
                0x00000000080025e8                PVD_IRQHandler
                0x00000000080025e8                I2C1_IRQHandler
                0x00000000080025e8                RCC_CRS_IRQHandler
                0x00000000080025e8                SPI1_IRQHandler
                0x00000000080025e8                TIM6_DAC_IRQHandler
                0x00000000080025e8                EXTI2_3_IRQHandler
                0x00000000080025e8                I2C2_IRQHandler
                0x00000000080025e8                RTC_IRQHandler
                0x00000000080025e8                LCD_IRQHandler
                0x00000000080025e8                DMA1_Channel4_5_6_7_IRQHandler
                0x00000000080025e8                DMA1_Channel1_IRQHandler
                0x00000000080025e8                Default_Handler
                0x00000000080025e8                TIM22_IRQHandler
                0x00000000080025e8                EXTI0_1_IRQHandler
                0x00000000080025e8                USB_IRQHandler
                0x00000000080025e8                SPI2_IRQHandler
                0x00000000080025e8                TIM21_IRQHandler
                0x00000000080025e8                WWDG_IRQHandler
                0x00000000080025e8                TIM2_IRQHandler
                0x00000000080025e8                DMA1_Channel2_3_IRQHandler
                0x00000000080025e8                USART2_IRQHandler
                0x00000000080025e8                FLASH_IRQHandler
                0x00000000080025e8                USART1_IRQHandler
                0x00000000080025e8                RNG_LPUART1_IRQHandler
                0x00000000080025e8                LPTIM1_IRQHandler
 *fill*         0x00000000080025ea        0x2 
 .text.SystemInit
                0x00000000080025ec       0x7c ./system/src/cmsis/system_stm32l0xx.o
                0x00000000080025ec                SystemInit
 .text.SystemCoreClockUpdate
                0x0000000008002668      0x12c ./system/src/cmsis/system_stm32l0xx.o
                0x0000000008002668                SystemCoreClockUpdate
 .text.makeFreeRtosPriority
                0x0000000008002794       0x32 ./system/src/FreeRTOS/cmsis_os.o
 .text.osKernelStart
                0x00000000080027c6       0x10 ./system/src/FreeRTOS/cmsis_os.o
                0x00000000080027c6                osKernelStart
 .text.osThreadCreate
                0x00000000080027d6       0x50 ./system/src/FreeRTOS/cmsis_os.o
                0x00000000080027d6                osThreadCreate
 .text.osDelay  0x0000000008002826       0x28 ./system/src/FreeRTOS/cmsis_os.o
                0x0000000008002826                osDelay
 .text.osSystickHandler
                0x000000000800284e       0x18 ./system/src/FreeRTOS/cmsis_os.o
                0x000000000800284e                osSystickHandler
 *fill*         0x0000000008002866        0x2 
 .text.pvPortMalloc
                0x0000000008002868      0x11c ./system/src/FreeRTOS/heap_2.o
                0x0000000008002868                pvPortMalloc
 .text.vPortFree
                0x0000000008002984       0x74 ./system/src/FreeRTOS/heap_2.o
                0x0000000008002984                vPortFree
 .text.prvHeapInit
                0x00000000080029f8       0x50 ./system/src/FreeRTOS/heap_2.o
 .text.vListInitialise
                0x0000000008002a48       0x3c ./system/src/FreeRTOS/list.o
                0x0000000008002a48                vListInitialise
 .text.vListInitialiseItem
                0x0000000008002a84       0x16 ./system/src/FreeRTOS/list.o
                0x0000000008002a84                vListInitialiseItem
 .text.vListInsertEnd
                0x0000000008002a9a       0x44 ./system/src/FreeRTOS/list.o
                0x0000000008002a9a                vListInsertEnd
 .text.vListInsert
                0x0000000008002ade       0x6c ./system/src/FreeRTOS/list.o
                0x0000000008002ade                vListInsert
 .text.uxListRemove
                0x0000000008002b4a       0x50 ./system/src/FreeRTOS/list.o
                0x0000000008002b4a                uxListRemove
 *fill*         0x0000000008002b9a        0x2 
 .text.pxPortInitialiseStack
                0x0000000008002b9c       0x54 ./system/src/FreeRTOS/port.o
                0x0000000008002b9c                pxPortInitialiseStack
 .text.prvTaskExitError
                0x0000000008002bf0       0x18 ./system/src/FreeRTOS/port.o
 .text.SVC_Handler
                0x0000000008002c08        0xa ./system/src/FreeRTOS/port.o
                0x0000000008002c08                SVC_Handler
 *fill*         0x0000000008002c12        0xe 
 .text.vPortStartFirstTask
                0x0000000008002c20       0x38 ./system/src/FreeRTOS/port.o
 .text.xPortStartScheduler
                0x0000000008002c58       0x44 ./system/src/FreeRTOS/port.o
                0x0000000008002c58                xPortStartScheduler
 .text.vPortYield
                0x0000000008002c9c       0x20 ./system/src/FreeRTOS/port.o
                0x0000000008002c9c                vPortYield
 .text.vPortEnterCritical
                0x0000000008002cbc       0x24 ./system/src/FreeRTOS/port.o
                0x0000000008002cbc                vPortEnterCritical
 .text.vPortExitCritical
                0x0000000008002ce0       0x30 ./system/src/FreeRTOS/port.o
                0x0000000008002ce0                vPortExitCritical
 .text.ulSetInterruptMaskFromISR
                0x0000000008002d10        0xc ./system/src/FreeRTOS/port.o
                0x0000000008002d10                ulSetInterruptMaskFromISR
 .text.vClearInterruptMaskFromISR
                0x0000000008002d1c        0x8 ./system/src/FreeRTOS/port.o
                0x0000000008002d1c                vClearInterruptMaskFromISR
 *fill*         0x0000000008002d24        0xc 
 .text.PendSV_Handler
                0x0000000008002d30       0x48 ./system/src/FreeRTOS/port.o
                0x0000000008002d30                PendSV_Handler
 .text.xPortSysTickHandler
                0x0000000008002d78       0x34 ./system/src/FreeRTOS/port.o
                0x0000000008002d78                xPortSysTickHandler
 .text.prvSetupTimerInterrupt
                0x0000000008002dac       0x34 ./system/src/FreeRTOS/port.o
 .text.xTaskCreate
                0x0000000008002de0       0x90 ./system/src/FreeRTOS/tasks.o
                0x0000000008002de0                xTaskCreate
 .text.prvInitialiseNewTask
                0x0000000008002e70      0x108 ./system/src/FreeRTOS/tasks.o
 .text.prvAddNewTaskToReadyList
                0x0000000008002f78       0xd0 ./system/src/FreeRTOS/tasks.o
 .text.vTaskDelay
                0x0000000008003048       0x4c ./system/src/FreeRTOS/tasks.o
                0x0000000008003048                vTaskDelay
 .text.vTaskStartScheduler
                0x0000000008003094       0x6c ./system/src/FreeRTOS/tasks.o
                0x0000000008003094                vTaskStartScheduler
 .text.vTaskSuspendAll
                0x0000000008003100       0x18 ./system/src/FreeRTOS/tasks.o
                0x0000000008003100                vTaskSuspendAll
 .text.xTaskResumeAll
                0x0000000008003118      0x118 ./system/src/FreeRTOS/tasks.o
                0x0000000008003118                xTaskResumeAll
 .text.xTaskIncrementTick
                0x0000000008003230      0x168 ./system/src/FreeRTOS/tasks.o
                0x0000000008003230                xTaskIncrementTick
 .text.vTaskSwitchContext
                0x0000000008003398       0xa4 ./system/src/FreeRTOS/tasks.o
                0x0000000008003398                vTaskSwitchContext
 .text.prvIdleTask
                0x000000000800343c       0x20 ./system/src/FreeRTOS/tasks.o
 .text.prvInitialiseTaskLists
                0x000000000800345c       0x88 ./system/src/FreeRTOS/tasks.o
 .text.prvCheckTasksWaitingTermination
                0x00000000080034e4       0x74 ./system/src/FreeRTOS/tasks.o
 .text.prvDeleteTCB
                0x0000000008003558       0x22 ./system/src/FreeRTOS/tasks.o
 *fill*         0x000000000800357a        0x2 
 .text.prvResetNextTaskUnblockTime
                0x000000000800357c       0x48 ./system/src/FreeRTOS/tasks.o
 .text.xTaskGetSchedulerState
                0x00000000080035c4       0x38 ./system/src/FreeRTOS/tasks.o
                0x00000000080035c4                xTaskGetSchedulerState
 .text.prvAddCurrentTaskToDelayedList
                0x00000000080035fc       0xa8 ./system/src/FreeRTOS/tasks.o
 .text.main     0x00000000080036a4       0x8c ./src/main.o
                0x00000000080036a4                main
 .text.SystemClock_Config
                0x0000000008003730       0xc0 ./src/main.o
                0x0000000008003730                SystemClock_Config
 .text.MX_GPIO_Init
                0x00000000080037f0      0x13c ./src/main.o
 .text.ModBusTask
                0x000000000800392c       0x88 ./src/main.o
                0x000000000800392c                ModBusTask
 .text.StartTASK1
                0x00000000080039b4       0x20 ./src/main.o
                0x00000000080039b4                StartTASK1
 .text.StartTASK2
                0x00000000080039d4       0x24 ./src/main.o
                0x00000000080039d4                StartTASK2
 .text.Error_Handler
                0x00000000080039f8        0x6 ./src/main.o
                0x00000000080039f8                Error_Handler
 *fill*         0x00000000080039fe        0x2 
 .text.HAL_MspInit
                0x0000000008003a00       0x54 ./src/stm32l0xx_hal_msp.o
                0x0000000008003a00                HAL_MspInit
 .text.HAL_UART_MspInit
                0x0000000008003a54       0xb0 ./src/stm32l0xx_hal_msp.o
                0x0000000008003a54                HAL_UART_MspInit
 .text.HardFault_Handler
                0x0000000008003b04        0x6 ./src/stm32l0xx_it.o
                0x0000000008003b04                HardFault_Handler
 .text.SysTick_Handler
                0x0000000008003b0a       0x12 ./src/stm32l0xx_it.o
                0x0000000008003b0a                SysTick_Handler
 .text.EXTI4_15_IRQHandler
                0x0000000008003b1c        0xa ./src/stm32l0xx_it.o
                0x0000000008003b1c                EXTI4_15_IRQHandler
 *fill*         0x0000000008003b26        0x2 
 .text          0x0000000008003b28      0x114 /home/project-mar/opt/gcc-arm-none-eabi-6-2017-q1-update/bin/../lib/gcc/arm-none-eabi/6.3.1/thumb/v6-m/libgcc.a(_udivsi3.o)
                0x0000000008003b28                __udivsi3
                0x0000000008003b28                __aeabi_uidiv
                0x0000000008003c34                __aeabi_uidivmod
 .text          0x0000000008003c3c        0x4 /home/project-mar/opt/gcc-arm-none-eabi-6-2017-q1-update/bin/../lib/gcc/arm-none-eabi/6.3.1/thumb/v6-m/libgcc.a(_dvmd_tls.o)
                0x0000000008003c3c                __aeabi_ldiv0
                0x0000000008003c3c                __aeabi_idiv0
 .text          0x0000000008003c40       0x40 /home/project-mar/opt/gcc-arm-none-eabi-6-2017-q1-update/bin/../lib/gcc/arm-none-eabi/6.3.1/thumb/v6-m/libgcc.a(_aeabi_uldivmod.o)
                0x0000000008003c40                __aeabi_uldivmod
 .text          0x0000000008003c80      0x180 /home/project-mar/opt/gcc-arm-none-eabi-6-2017-q1-update/bin/../lib/gcc/arm-none-eabi/6.3.1/thumb/v6-m/libgcc.a(_udivmoddi4.o)
                0x0000000008003c80                __udivmoddi4
 .text          0x0000000008003e00       0x18 /home/project-mar/opt/gcc-arm-none-eabi-6-2017-q1-update/bin/../lib/gcc/arm-none-eabi/6.3.1/thumb/v6-m/libgcc.a(_clzdi2.o)
                0x0000000008003e00                __clzdi2
 .text          0x0000000008003e18       0x3c /home/project-mar/opt/gcc-arm-none-eabi-6-2017-q1-update/bin/../lib/gcc/arm-none-eabi/6.3.1/thumb/v6-m/libgcc.a(_clzsi2.o)
                0x0000000008003e18                __clzsi2
 .text.__errno  0x0000000008003e54        0xc /home/project-mar/opt/gcc-arm-none-eabi-6-2017-q1-update/bin/../lib/gcc/arm-none-eabi/6.3.1/../../../../arm-none-eabi/lib/thumb/v6-m/libg.a(lib_a-errno.o)
                0x0000000008003e54                __errno
 .text.memcpy   0x0000000008003e60       0x84 /home/project-mar/opt/gcc-arm-none-eabi-6-2017-q1-update/bin/../lib/gcc/arm-none-eabi/6.3.1/../../../../arm-none-eabi/lib/thumb/v6-m/libg.a(lib_a-memcpy-stub.o)
                0x0000000008003e60                memcpy
 .text.memset   0x0000000008003ee4       0x94 /home/project-mar/opt/gcc-arm-none-eabi-6-2017-q1-update/bin/../lib/gcc/arm-none-eabi/6.3.1/../../../../arm-none-eabi/lib/thumb/v6-m/libg.a(lib_a-memset.o)
                0x0000000008003ee4                memset
 .text.strlen   0x0000000008003f78       0x64 /home/project-mar/opt/gcc-arm-none-eabi-6-2017-q1-update/bin/../lib/gcc/arm-none-eabi/6.3.1/../../../../arm-none-eabi/lib/thumb/v6-m/libg.a(lib_a-strlen-stub.o)
                0x0000000008003f78                strlen
 .text._vsnprintf_r
                0x0000000008003fdc       0x74 /home/project-mar/opt/gcc-arm-none-eabi-6-2017-q1-update/bin/../lib/gcc/arm-none-eabi/6.3.1/../../../../arm-none-eabi/lib/thumb/v6-m/libg.a(lib_a-vsnprintf.o)
                0x0000000008003fdc                _vsnprintf_r
 .text.vsnprintf
                0x0000000008004050       0x20 /home/project-mar/opt/gcc-arm-none-eabi-6-2017-q1-update/bin/../lib/gcc/arm-none-eabi/6.3.1/../../../../arm-none-eabi/lib/thumb/v6-m/libg.a(lib_a-vsnprintf.o)
                0x0000000008004050                vsnprintf
 .text._svfprintf_r
                0x0000000008004070     0x15fc /home/project-mar/opt/gcc-arm-none-eabi-6-2017-q1-update/bin/../lib/gcc/arm-none-eabi/6.3.1/../../../../arm-none-eabi/lib/thumb/v6-m/libg.a(lib_a-svfprintf.o)
                0x0000000008004070                _svfprintf_r
 .text.quorem   0x000000000800566c      0x154 /home/project-mar/opt/gcc-arm-none-eabi-6-2017-q1-update/bin/../lib/gcc/arm-none-eabi/6.3.1/../../../../arm-none-eabi/lib/thumb/v6-m/libg.a(lib_a-dtoa.o)
 .text._dtoa_r  0x00000000080057c0      0xf88 /home/project-mar/opt/gcc-arm-none-eabi-6-2017-q1-update/bin/../lib/gcc/arm-none-eabi/6.3.1/../../../../arm-none-eabi/lib/thumb/v6-m/libg.a(lib_a-dtoa.o)
                0x00000000080057c0                _dtoa_r
 .text._localeconv_r
                0x0000000008006748       0x1c /home/project-mar/opt/gcc-arm-none-eabi-6-2017-q1-update/bin/../lib/gcc/arm-none-eabi/6.3.1/../../../../arm-none-eabi/lib/thumb/v6-m/libg.a(lib_a-localeconv.o)
                0x0000000008006748                _localeconv_r
 .text._malloc_r
                0x0000000008006764      0x568 /home/project-mar/opt/gcc-arm-none-eabi-6-2017-q1-update/bin/../lib/gcc/arm-none-eabi/6.3.1/../../../../arm-none-eabi/lib/thumb/v6-m/libg.a(lib_a-mallocr.o)
                0x0000000008006764                _malloc_r
 .text.memchr   0x0000000008006ccc       0x80 /home/project-mar/opt/gcc-arm-none-eabi-6-2017-q1-update/bin/../lib/gcc/arm-none-eabi/6.3.1/../../../../arm-none-eabi/lib/thumb/v6-m/libg.a(lib_a-memchr-stub.o)
                0x0000000008006ccc                memchr
 .text.__malloc_lock
                0x0000000008006d4c       0x10 /home/project-mar/opt/gcc-arm-none-eabi-6-2017-q1-update/bin/../lib/gcc/arm-none-eabi/6.3.1/../../../../arm-none-eabi/lib/thumb/v6-m/libg.a(lib_a-mlock.o)
                0x0000000008006d4c                __malloc_lock
 .text.__malloc_unlock
                0x0000000008006d5c       0x10 /home/project-mar/opt/gcc-arm-none-eabi-6-2017-q1-update/bin/../lib/gcc/arm-none-eabi/6.3.1/../../../../arm-none-eabi/lib/thumb/v6-m/libg.a(lib_a-mlock.o)
                0x0000000008006d5c                __malloc_unlock
 .text._Balloc  0x0000000008006d6c       0x50 /home/project-mar/opt/gcc-arm-none-eabi-6-2017-q1-update/bin/../lib/gcc/arm-none-eabi/6.3.1/../../../../arm-none-eabi/lib/thumb/v6-m/libg.a(lib_a-mprec.o)
                0x0000000008006d6c                _Balloc
 .text._Bfree   0x0000000008006dbc       0x14 /home/project-mar/opt/gcc-arm-none-eabi-6-2017-q1-update/bin/../lib/gcc/arm-none-eabi/6.3.1/../../../../arm-none-eabi/lib/thumb/v6-m/libg.a(lib_a-mprec.o)
                0x0000000008006dbc                _Bfree
 .text.__multadd
                0x0000000008006dd0       0x8c /home/project-mar/opt/gcc-arm-none-eabi-6-2017-q1-update/bin/../lib/gcc/arm-none-eabi/6.3.1/../../../../arm-none-eabi/lib/thumb/v6-m/libg.a(lib_a-mprec.o)
                0x0000000008006dd0                __multadd
 .text.__hi0bits
                0x0000000008006e5c       0x34 /home/project-mar/opt/gcc-arm-none-eabi-6-2017-q1-update/bin/../lib/gcc/arm-none-eabi/6.3.1/../../../../arm-none-eabi/lib/thumb/v6-m/libg.a(lib_a-mprec.o)
                0x0000000008006e5c                __hi0bits
 .text.__lo0bits
                0x0000000008006e90       0x5c /home/project-mar/opt/gcc-arm-none-eabi-6-2017-q1-update/bin/../lib/gcc/arm-none-eabi/6.3.1/../../../../arm-none-eabi/lib/thumb/v6-m/libg.a(lib_a-mprec.o)
                0x0000000008006e90                __lo0bits
 .text.__i2b    0x0000000008006eec       0x14 /home/project-mar/opt/gcc-arm-none-eabi-6-2017-q1-update/bin/../lib/gcc/arm-none-eabi/6.3.1/../../../../arm-none-eabi/lib/thumb/v6-m/libg.a(lib_a-mprec.o)
                0x0000000008006eec                __i2b
 .text.__multiply
                0x0000000008006f00      0x154 /home/project-mar/opt/gcc-arm-none-eabi-6-2017-q1-update/bin/../lib/gcc/arm-none-eabi/6.3.1/../../../../arm-none-eabi/lib/thumb/v6-m/libg.a(lib_a-mprec.o)
                0x0000000008006f00                __multiply
 .text.__pow5mult
                0x0000000008007054       0xc0 /home/project-mar/opt/gcc-arm-none-eabi-6-2017-q1-update/bin/../lib/gcc/arm-none-eabi/6.3.1/../../../../arm-none-eabi/lib/thumb/v6-m/libg.a(lib_a-mprec.o)
                0x0000000008007054                __pow5mult
 .text.__lshift
                0x0000000008007114       0xc0 /home/project-mar/opt/gcc-arm-none-eabi-6-2017-q1-update/bin/../lib/gcc/arm-none-eabi/6.3.1/../../../../arm-none-eabi/lib/thumb/v6-m/libg.a(lib_a-mprec.o)
                0x0000000008007114                __lshift
 .text.__mcmp   0x00000000080071d4       0x34 /home/project-mar/opt/gcc-arm-none-eabi-6-2017-q1-update/bin/../lib/gcc/arm-none-eabi/6.3.1/../../../../arm-none-eabi/lib/thumb/v6-m/libg.a(lib_a-mprec.o)
                0x00000000080071d4                __mcmp
 .text.__mdiff  0x0000000008007208      0x138 /home/project-mar/opt/gcc-arm-none-eabi-6-2017-q1-update/bin/../lib/gcc/arm-none-eabi/6.3.1/../../../../arm-none-eabi/lib/thumb/v6-m/libg.a(lib_a-mprec.o)
                0x0000000008007208                __mdiff
 .text.__d2b    0x0000000008007340       0xbc /home/project-mar/opt/gcc-arm-none-eabi-6-2017-q1-update/bin/../lib/gcc/arm-none-eabi/6.3.1/../../../../arm-none-eabi/lib/thumb/v6-m/libg.a(lib_a-mprec.o)
                0x0000000008007340                __d2b
 .text._sbrk_r  0x00000000080073fc       0x24 /home/project-mar/opt/gcc-arm-none-eabi-6-2017-q1-update/bin/../lib/gcc/arm-none-eabi/6.3.1/../../../../arm-none-eabi/lib/thumb/v6-m/libg.a(lib_a-sbrkr.o)
                0x00000000080073fc                _sbrk_r
 .text.__ssprint_r
                0x0000000008007420      0x120 /home/project-mar/opt/gcc-arm-none-eabi-6-2017-q1-update/bin/../lib/gcc/arm-none-eabi/6.3.1/../../../../arm-none-eabi/lib/thumb/v6-m/libg.a(lib_a-svfiprintf.o)
                0x0000000008007420                __ssprint_r
 .text._calloc_r
                0x0000000008007540       0x58 /home/project-mar/opt/gcc-arm-none-eabi-6-2017-q1-update/bin/../lib/gcc/arm-none-eabi/6.3.1/../../../../arm-none-eabi/lib/thumb/v6-m/libg.a(lib_a-callocr.o)
                0x0000000008007540                _calloc_r
 .text._malloc_trim_r
                0x0000000008007598       0xa0 /home/project-mar/opt/gcc-arm-none-eabi-6-2017-q1-update/bin/../lib/gcc/arm-none-eabi/6.3.1/../../../../arm-none-eabi/lib/thumb/v6-m/libg.a(lib_a-freer.o)
                0x0000000008007598                _malloc_trim_r
 .text._free_r  0x0000000008007638      0x1bc /home/project-mar/opt/gcc-arm-none-eabi-6-2017-q1-update/bin/../lib/gcc/arm-none-eabi/6.3.1/../../../../arm-none-eabi/lib/thumb/v6-m/libg.a(lib_a-freer.o)
                0x0000000008007638                _free_r
 .text.__retarget_lock_acquire_recursive
                0x00000000080077f4        0x4 /home/project-mar/opt/gcc-arm-none-eabi-6-2017-q1-update/bin/../lib/gcc/arm-none-eabi/6.3.1/../../../../arm-none-eabi/lib/thumb/v6-m/libg.a(lib_a-lock.o)
                0x00000000080077f4                __retarget_lock_acquire_recursive
 .text.__retarget_lock_release_recursive
                0x00000000080077f8        0x4 /home/project-mar/opt/gcc-arm-none-eabi-6-2017-q1-update/bin/../lib/gcc/arm-none-eabi/6.3.1/../../../../arm-none-eabi/lib/thumb/v6-m/libg.a(lib_a-lock.o)
                0x00000000080077f8                __retarget_lock_release_recursive
 .text.__ascii_mbtowc
                0x00000000080077fc       0x2c /home/project-mar/opt/gcc-arm-none-eabi-6-2017-q1-update/bin/../lib/gcc/arm-none-eabi/6.3.1/../../../../arm-none-eabi/lib/thumb/v6-m/libg.a(lib_a-mbtowc_r.o)
                0x00000000080077fc                __ascii_mbtowc
 .text.memmove  0x0000000008007828       0xa0 /home/project-mar/opt/gcc-arm-none-eabi-6-2017-q1-update/bin/../lib/gcc/arm-none-eabi/6.3.1/../../../../arm-none-eabi/lib/thumb/v6-m/libg.a(lib_a-memmove.o)
                0x0000000008007828                memmove
 .text._realloc_r
                0x00000000080078c8      0x37c /home/project-mar/opt/gcc-arm-none-eabi-6-2017-q1-update/bin/../lib/gcc/arm-none-eabi/6.3.1/../../../../arm-none-eabi/lib/thumb/v6-m/libg.a(lib_a-reallocr.o)
                0x00000000080078c8                _realloc_r
 .text.__ascii_wctomb
                0x0000000008007c44       0x1c /home/project-mar/opt/gcc-arm-none-eabi-6-2017-q1-update/bin/../lib/gcc/arm-none-eabi/6.3.1/../../../../arm-none-eabi/lib/thumb/v6-m/libg.a(lib_a-wctomb_r.o)
                0x0000000008007c44                __ascii_wctomb
 .text          0x0000000008007c60      0x1d4 /home/project-mar/opt/gcc-arm-none-eabi-6-2017-q1-update/bin/../lib/gcc/arm-none-eabi/6.3.1/thumb/v6-m/libgcc.a(_divsi3.o)
                0x0000000008007c60                __aeabi_idiv
                0x0000000008007c60                __divsi3
                0x0000000008007e2c                __aeabi_idivmod
 .text          0x0000000008007e34       0x7c /home/project-mar/opt/gcc-arm-none-eabi-6-2017-q1-update/bin/../lib/gcc/arm-none-eabi/6.3.1/thumb/v6-m/libgcc.a(_arm_cmpdf2.o)
                0x0000000008007e34                __aeabi_cdrcmple
                0x0000000008007e44                __aeabi_cdcmple
                0x0000000008007e44                __aeabi_cdcmpeq
                0x0000000008007e54                __aeabi_dcmpeq
                0x0000000008007e60                __aeabi_dcmplt
                0x0000000008007e74                __aeabi_dcmple
                0x0000000008007e88                __aeabi_dcmpgt
                0x0000000008007e9c                __aeabi_dcmpge
 .text          0x0000000008007eb0      0x620 /home/project-mar/opt/gcc-arm-none-eabi-6-2017-q1-update/bin/../lib/gcc/arm-none-eabi/6.3.1/thumb/v6-m/libgcc.a(adddf3.o)
                0x0000000008007eb0                __aeabi_dadd
 .text          0x00000000080084d0      0x668 /home/project-mar/opt/gcc-arm-none-eabi-6-2017-q1-update/bin/../lib/gcc/arm-none-eabi/6.3.1/thumb/v6-m/libgcc.a(divdf3.o)
                0x00000000080084d0                __aeabi_ddiv
 .text          0x0000000008008b38       0x74 /home/project-mar/opt/gcc-arm-none-eabi-6-2017-q1-update/bin/../lib/gcc/arm-none-eabi/6.3.1/thumb/v6-m/libgcc.a(eqdf2.o)
                0x0000000008008b38                __eqdf2
                0x0000000008008b38                __nedf2
 .text          0x0000000008008bac       0xc8 /home/project-mar/opt/gcc-arm-none-eabi-6-2017-q1-update/bin/../lib/gcc/arm-none-eabi/6.3.1/thumb/v6-m/libgcc.a(gedf2.o)
                0x0000000008008bac                __gtdf2
                0x0000000008008bac                __gedf2
 .text          0x0000000008008c74       0xc4 /home/project-mar/opt/gcc-arm-none-eabi-6-2017-q1-update/bin/../lib/gcc/arm-none-eabi/6.3.1/thumb/v6-m/libgcc.a(ledf2.o)
                0x0000000008008c74                __ltdf2
                0x0000000008008c74                __ledf2
 .text          0x0000000008008d38      0x500 /home/project-mar/opt/gcc-arm-none-eabi-6-2017-q1-update/bin/../lib/gcc/arm-none-eabi/6.3.1/thumb/v6-m/libgcc.a(muldf3.o)
                0x0000000008008d38                __aeabi_dmul
 .text          0x0000000008009238      0x62c /home/project-mar/opt/gcc-arm-none-eabi-6-2017-q1-update/bin/../lib/gcc/arm-none-eabi/6.3.1/thumb/v6-m/libgcc.a(subdf3.o)
                0x0000000008009238                __aeabi_dsub
 .text          0x0000000008009864       0x40 /home/project-mar/opt/gcc-arm-none-eabi-6-2017-q1-update/bin/../lib/gcc/arm-none-eabi/6.3.1/thumb/v6-m/libgcc.a(unorddf2.o)
                0x0000000008009864                __aeabi_dcmpun
 .text          0x00000000080098a4       0x68 /home/project-mar/opt/gcc-arm-none-eabi-6-2017-q1-update/bin/../lib/gcc/arm-none-eabi/6.3.1/thumb/v6-m/libgcc.a(fixdfsi.o)
                0x00000000080098a4                __aeabi_d2iz
 .text          0x000000000800990c       0x84 /home/project-mar/opt/gcc-arm-none-eabi-6-2017-q1-update/bin/../lib/gcc/arm-none-eabi/6.3.1/thumb/v6-m/libgcc.a(floatsidf.o)
                0x000000000800990c                __aeabi_i2d
 .text          0x0000000008009990       0x70 /home/project-mar/opt/gcc-arm-none-eabi-6-2017-q1-update/bin/../lib/gcc/arm-none-eabi/6.3.1/thumb/v6-m/libgcc.a(floatunsidf.o)
                0x0000000008009990                __aeabi_ui2d
 *(.rodata .rodata.* .constdata .constdata.*)
 .rodata.UART_SetConfig
                0x0000000008009a00       0x48 ./system/src/stm32l0xx/stm32l0xx_hal_uart.o
 .rodata        0x0000000008009a48       0xbd ./system/src/cortexm/exception_handlers.o
 *fill*         0x0000000008009b05        0x3 
 .rodata.AHBPrescTable
                0x0000000008009b08       0x10 ./system/src/cmsis/system_stm32l0xx.o
                0x0000000008009b08                AHBPrescTable
 .rodata.APBPrescTable
                0x0000000008009b18        0x8 ./system/src/cmsis/system_stm32l0xx.o
                0x0000000008009b18                APBPrescTable
 .rodata.PLLMulTable
                0x0000000008009b20        0x9 ./system/src/cmsis/system_stm32l0xx.o
                0x0000000008009b20                PLLMulTable
 *fill*         0x0000000008009b29        0x3 
 .rodata        0x0000000008009b2c        0x5 ./system/src/FreeRTOS/tasks.o
 *fill*         0x0000000008009b31        0x3 
 .rodata        0x0000000008009b34       0x54 ./src/main.o
 .rodata._svfprintf_r
                0x0000000008009b88      0x164 /home/project-mar/opt/gcc-arm-none-eabi-6-2017-q1-update/bin/../lib/gcc/arm-none-eabi/6.3.1/../../../../arm-none-eabi/lib/thumb/v6-m/libg.a(lib_a-svfprintf.o)
 .rodata._svfprintf_r.str1.4
                0x0000000008009cec       0x42 /home/project-mar/opt/gcc-arm-none-eabi-6-2017-q1-update/bin/../lib/gcc/arm-none-eabi/6.3.1/../../../../arm-none-eabi/lib/thumb/v6-m/libg.a(lib_a-svfprintf.o)
 *fill*         0x0000000008009d2e        0x2 
 .rodata.blanks.7228
                0x0000000008009d30       0x10 /home/project-mar/opt/gcc-arm-none-eabi-6-2017-q1-update/bin/../lib/gcc/arm-none-eabi/6.3.1/../../../../arm-none-eabi/lib/thumb/v6-m/libg.a(lib_a-svfprintf.o)
 .rodata.zeroes.7229
                0x0000000008009d40       0x10 /home/project-mar/opt/gcc-arm-none-eabi-6-2017-q1-update/bin/../lib/gcc/arm-none-eabi/6.3.1/../../../../arm-none-eabi/lib/thumb/v6-m/libg.a(lib_a-svfprintf.o)
 .rodata._dtoa_r.str1.4
                0x0000000008009d50       0x10 /home/project-mar/opt/gcc-arm-none-eabi-6-2017-q1-update/bin/../lib/gcc/arm-none-eabi/6.3.1/../../../../arm-none-eabi/lib/thumb/v6-m/libg.a(lib_a-dtoa.o)
                                         0x12 (size before relaxing)
 .rodata.__mprec_bigtens
                0x0000000008009d60       0x28 /home/project-mar/opt/gcc-arm-none-eabi-6-2017-q1-update/bin/../lib/gcc/arm-none-eabi/6.3.1/../../../../arm-none-eabi/lib/thumb/v6-m/libg.a(lib_a-mprec.o)
                0x0000000008009d60                __mprec_bigtens
 .rodata.__mprec_tens
                0x0000000008009d88       0xc8 /home/project-mar/opt/gcc-arm-none-eabi-6-2017-q1-update/bin/../lib/gcc/arm-none-eabi/6.3.1/../../../../arm-none-eabi/lib/thumb/v6-m/libg.a(lib_a-mprec.o)
                0x0000000008009d88                __mprec_tens
 .rodata.p05.6060
                0x0000000008009e50        0xc /home/project-mar/opt/gcc-arm-none-eabi-6-2017-q1-update/bin/../lib/gcc/arm-none-eabi/6.3.1/../../../../arm-none-eabi/lib/thumb/v6-m/libg.a(lib_a-mprec.o)
 .rodata._setlocale_r.str1.4
                0x0000000008009e5c        0xa /home/project-mar/opt/gcc-arm-none-eabi-6-2017-q1-update/bin/../lib/gcc/arm-none-eabi/6.3.1/../../../../arm-none-eabi/lib/thumb/v6-m/libg.a(lib_a-locale.o)
                                          0xd (size before relaxing)
 *fill*         0x0000000008009e66        0x2 
 .rodata.str1.4
                0x0000000008009e68        0x4 /home/project-mar/opt/gcc-arm-none-eabi-6-2017-q1-update/bin/../lib/gcc/arm-none-eabi/6.3.1/../../../../arm-none-eabi/lib/thumb/v6-m/libg.a(lib_a-locale.o)
                                          0x2 (size before relaxing)
 .rodata._ctype_
                0x0000000008009e6c      0x101 /home/project-mar/opt/gcc-arm-none-eabi-6-2017-q1-update/bin/../lib/gcc/arm-none-eabi/6.3.1/../../../../arm-none-eabi/lib/thumb/v6-m/libg.a(lib_a-ctype_.o)
                0x0000000008009e6c                _ctype_
 *fill*         0x0000000008009f6d        0x3 
 .rodata        0x0000000008009f70       0x40 /home/project-mar/opt/gcc-arm-none-eabi-6-2017-q1-update/bin/../lib/gcc/arm-none-eabi/6.3.1/thumb/v6-m/libgcc.a(divdf3.o)
 .rodata        0x0000000008009fb0       0x40 /home/project-mar/opt/gcc-arm-none-eabi-6-2017-q1-update/bin/../lib/gcc/arm-none-eabi/6.3.1/thumb/v6-m/libgcc.a(muldf3.o)
 *(vtable)
 *(.eh_frame*)
 *(.glue_7)
 .glue_7        0x0000000008009ff0        0x0 linker stubs
 *(.glue_7t)
 .glue_7t       0x0000000008009ff0        0x0 linker stubs

.vfp11_veneer   0x0000000008009ff0        0x0
 .vfp11_veneer  0x0000000008009ff0        0x0 linker stubs

.v4_bx          0x0000000008009ff0        0x0
 .v4_bx         0x0000000008009ff0        0x0 linker stubs

.iplt           0x0000000008009ff0        0x0
 .iplt          0x0000000008009ff0        0x0 ./system/src/stm32l0xx/stm32l0xx_hal.o

.ARM.extab
 *(.ARM.extab* .gnu.linkonce.armextab.*)
                0x0000000008009ff0                . = ALIGN (0x4)
                0x0000000008009ff0                __exidx_start = .

.ARM.exidx      0x0000000008009ff0        0x8
 *(.ARM.exidx* .gnu.linkonce.armexidx.*)
 .ARM.exidx     0x0000000008009ff0        0x8 /home/project-mar/opt/gcc-arm-none-eabi-6-2017-q1-update/bin/../lib/gcc/arm-none-eabi/6.3.1/thumb/v6-m/libgcc.a(_udivmoddi4.o)
                0x0000000008009ff8                __exidx_end = .

.rel.dyn        0x0000000008009ff8        0x0
 .rel.iplt      0x0000000008009ff8        0x0 ./system/src/stm32l0xx/stm32l0xx_hal.o
                0x0000000008009ff8                . = ALIGN (0x4)
                0x0000000008009ff8                _etext = .
                0x0000000008009ff8                __etext = .

.data_CCMRAM    0x0000000010000000        0x0 load address 0x0000000008009ff8
 FILL mask 0xff
 *(.data.CCMRAM .data.CCMRAM.*)
                0x0000000010000000                . = ALIGN (0x4)
                0x0000000008009ff8                _sidata = LOADADDR (.data)

.data           0x0000000020000000      0xa20 load address 0x0000000008009ff8
 FILL mask 0xff
                0x0000000020000000                _sdata = .
                0x0000000020000000                __data_start__ = .
 *(.data_begin .data_begin.*)
 .data_begin    0x0000000020000000        0x4 ./system/src/newlib/_startup.o
 *(.data .data.*)
 .data.argv.4263
                0x0000000020000004        0x8 ./system/src/newlib/_syscalls.o
 .data.SystemCoreClock
                0x000000002000000c        0x4 ./system/src/cmsis/system_stm32l0xx.o
                0x000000002000000c                SystemCoreClock
 .data.xFreeBytesRemaining
                0x0000000020000010        0x4 ./system/src/FreeRTOS/heap_2.o
 .data.uxCriticalNesting
                0x0000000020000014        0x4 ./system/src/FreeRTOS/port.o
 .data.aTxBuffer
                0x0000000020000018       0x5b ./src/main.o
                0x0000000020000018                aTxBuffer
 *fill*         0x0000000020000073        0x1 ff
 .data._impure_ptr
                0x0000000020000074        0x4 /home/project-mar/opt/gcc-arm-none-eabi-6-2017-q1-update/bin/../lib/gcc/arm-none-eabi/6.3.1/../../../../arm-none-eabi/lib/thumb/v6-m/libg.a(lib_a-impure.o)
                0x0000000020000074                _impure_ptr
 .data.impure_data
                0x0000000020000078      0x428 /home/project-mar/opt/gcc-arm-none-eabi-6-2017-q1-update/bin/../lib/gcc/arm-none-eabi/6.3.1/../../../../arm-none-eabi/lib/thumb/v6-m/libg.a(lib_a-impure.o)
 .data.__malloc_av_
                0x00000000200004a0      0x408 /home/project-mar/opt/gcc-arm-none-eabi-6-2017-q1-update/bin/../lib/gcc/arm-none-eabi/6.3.1/../../../../arm-none-eabi/lib/thumb/v6-m/libg.a(lib_a-mallocr.o)
                0x00000000200004a0                __malloc_av_
 .data.__malloc_sbrk_base
                0x00000000200008a8        0x4 /home/project-mar/opt/gcc-arm-none-eabi-6-2017-q1-update/bin/../lib/gcc/arm-none-eabi/6.3.1/../../../../arm-none-eabi/lib/thumb/v6-m/libg.a(lib_a-mallocr.o)
                0x00000000200008a8                __malloc_sbrk_base
 .data.__malloc_trim_threshold
                0x00000000200008ac        0x4 /home/project-mar/opt/gcc-arm-none-eabi-6-2017-q1-update/bin/../lib/gcc/arm-none-eabi/6.3.1/../../../../arm-none-eabi/lib/thumb/v6-m/libg.a(lib_a-mallocr.o)
                0x00000000200008ac                __malloc_trim_threshold
 .data.__global_locale
                0x00000000200008b0      0x16c /home/project-mar/opt/gcc-arm-none-eabi-6-2017-q1-update/bin/../lib/gcc/arm-none-eabi/6.3.1/../../../../arm-none-eabi/lib/thumb/v6-m/libg.a(lib_a-locale.o)
                0x00000000200008b0                __global_locale
 *(.data_end .data_end.*)
 .data_end      0x0000000020000a1c        0x4 ./system/src/newlib/_startup.o
                0x0000000020000a20                . = ALIGN (0x4)
                0x0000000020000a20                _edata = .
                0x0000000020000a20                __data_end__ = .

.igot.plt       0x0000000020000a20        0x0 load address 0x000000000800aa18
 .igot.plt      0x0000000020000a20        0x0 ./system/src/stm32l0xx/stm32l0xx_hal.o

.bss_CCMRAM     0x0000000010000000        0x0
 *(.bss.CCMRAM .bss.CCMRAM.*)

.bss            0x0000000020000a20      0xf08
                0x0000000020000a20                __bss_start__ = .
                0x0000000020000a20                _sbss = .
 *(.bss_begin .bss_begin.*)
 .bss_begin     0x0000000020000a20        0x4 ./system/src/newlib/_startup.o
 *(.bss .bss.*)
 .bss.current_heap_end.3947
                0x0000000020000a24        0x4 ./system/src/newlib/_sbrk.o
 .bss.name.4262
                0x0000000020000a28        0x1 ./system/src/newlib/_syscalls.o
 *fill*         0x0000000020000a29        0x3 
 .bss.buf.5152  0x0000000020000a2c       0x80 ./system/src/diag/Trace.o
 .bss.ucHeap    0x0000000020000aac      0xc00 ./system/src/FreeRTOS/heap_2.o
 .bss.xStart    0x00000000200016ac        0x8 ./system/src/FreeRTOS/heap_2.o
 .bss.xEnd      0x00000000200016b4        0x8 ./system/src/FreeRTOS/heap_2.o
 .bss.xHeapHasBeenInitialised.4628
                0x00000000200016bc        0x4 ./system/src/FreeRTOS/heap_2.o
 .bss.pxCurrentTCB
                0x00000000200016c0        0x4 ./system/src/FreeRTOS/tasks.o
                0x00000000200016c0                pxCurrentTCB
 .bss.pxReadyTasksLists
                0x00000000200016c4       0x8c ./system/src/FreeRTOS/tasks.o
 .bss.xDelayedTaskList1
                0x0000000020001750       0x14 ./system/src/FreeRTOS/tasks.o
 .bss.xDelayedTaskList2
                0x0000000020001764       0x14 ./system/src/FreeRTOS/tasks.o
 .bss.pxDelayedTaskList
                0x0000000020001778        0x4 ./system/src/FreeRTOS/tasks.o
 .bss.pxOverflowDelayedTaskList
                0x000000002000177c        0x4 ./system/src/FreeRTOS/tasks.o
 .bss.xPendingReadyList
                0x0000000020001780       0x14 ./system/src/FreeRTOS/tasks.o
 .bss.xTasksWaitingTermination
                0x0000000020001794       0x14 ./system/src/FreeRTOS/tasks.o
 .bss.uxDeletedTasksWaitingCleanUp
                0x00000000200017a8        0x4 ./system/src/FreeRTOS/tasks.o
 .bss.xSuspendedTaskList
                0x00000000200017ac       0x14 ./system/src/FreeRTOS/tasks.o
 .bss.uxCurrentNumberOfTasks
                0x00000000200017c0        0x4 ./system/src/FreeRTOS/tasks.o
 .bss.xTickCount
                0x00000000200017c4        0x4 ./system/src/FreeRTOS/tasks.o
 .bss.uxTopReadyPriority
                0x00000000200017c8        0x4 ./system/src/FreeRTOS/tasks.o
 .bss.xSchedulerRunning
                0x00000000200017cc        0x4 ./system/src/FreeRTOS/tasks.o
 .bss.uxPendedTicks
                0x00000000200017d0        0x4 ./system/src/FreeRTOS/tasks.o
 .bss.xYieldPending
                0x00000000200017d4        0x4 ./system/src/FreeRTOS/tasks.o
 .bss.xNumOfOverflows
                0x00000000200017d8        0x4 ./system/src/FreeRTOS/tasks.o
 .bss.uxTaskNumber
                0x00000000200017dc        0x4 ./system/src/FreeRTOS/tasks.o
 .bss.xNextTaskUnblockTime
                0x00000000200017e0        0x4 ./system/src/FreeRTOS/tasks.o
 .bss.xIdleTaskHandle
                0x00000000200017e4        0x4 ./system/src/FreeRTOS/tasks.o
 .bss.uxSchedulerSuspended
                0x00000000200017e8        0x4 ./system/src/FreeRTOS/tasks.o
 .bss.__malloc_current_mallinfo
                0x00000000200017ec       0x28 /home/project-mar/opt/gcc-arm-none-eabi-6-2017-q1-update/bin/../lib/gcc/arm-none-eabi/6.3.1/../../../../arm-none-eabi/lib/thumb/v6-m/libg.a(lib_a-mallocr.o)
                0x00000000200017ec                __malloc_current_mallinfo
 .bss.__malloc_max_sbrked_mem
                0x0000000020001814        0x4 /home/project-mar/opt/gcc-arm-none-eabi-6-2017-q1-update/bin/../lib/gcc/arm-none-eabi/6.3.1/../../../../arm-none-eabi/lib/thumb/v6-m/libg.a(lib_a-mallocr.o)
                0x0000000020001814                __malloc_max_sbrked_mem
 .bss.__malloc_max_total_mem
                0x0000000020001818        0x4 /home/project-mar/opt/gcc-arm-none-eabi-6-2017-q1-update/bin/../lib/gcc/arm-none-eabi/6.3.1/../../../../arm-none-eabi/lib/thumb/v6-m/libg.a(lib_a-mallocr.o)
                0x0000000020001818                __malloc_max_total_mem
 .bss.__malloc_top_pad
                0x000000002000181c        0x4 /home/project-mar/opt/gcc-arm-none-eabi-6-2017-q1-update/bin/../lib/gcc/arm-none-eabi/6.3.1/../../../../arm-none-eabi/lib/thumb/v6-m/libg.a(lib_a-mallocr.o)
                0x000000002000181c                __malloc_top_pad
 *(COMMON)
 COMMON         0x0000000020001820        0x4 ./system/src/stm32l0xx/stm32l0xx_hal.o
                0x0000000020001820                uwTick
 COMMON         0x0000000020001824        0x4 ./system/src/newlib/_syscalls.o
                0x0000000020001824                errno
 COMMON         0x0000000020001828       0xd8 ./src/main.o
                0x0000000020001828                task1Handle
                0x000000002000182c                Uart1Handle
                0x000000002000189c                aRxBuffer
                0x00000000200018f8                modbusTaskTaskHandle
                0x00000000200018fc                task2Handle
 COMMON         0x0000000020001900       0x21 /home/project-mar/opt/gcc-arm-none-eabi-6-2017-q1-update/bin/../lib/gcc/arm-none-eabi/6.3.1/../../../../arm-none-eabi/lib/thumb/v6-m/libg.a(lib_a-lock.o)
                0x0000000020001900                __lock___atexit_recursive_mutex
                0x0000000020001904                __lock___arc4random_mutex
                0x0000000020001908                __lock___env_recursive_mutex
                0x000000002000190c                __lock___sinit_recursive_mutex
                0x0000000020001910                __lock___malloc_recursive_mutex
                0x0000000020001914                __lock___at_quick_exit_mutex
                0x0000000020001918                __lock___dd_hash_mutex
                0x000000002000191c                __lock___tz_mutex
                0x0000000020001920                __lock___sfp_recursive_mutex
 *(.bss_end .bss_end.*)
 *fill*         0x0000000020001921        0x3 
 .bss_end       0x0000000020001924        0x4 ./system/src/newlib/_startup.o
                0x0000000020001928                . = ALIGN (0x4)
                0x0000000020001928                __bss_end__ = .
                0x0000000020001928                _ebss = .

.noinit_CCMRAM
 *(.noinit.CCMRAM .noinit.CCMRAM.*)

.noinit         0x0000000020001928        0x0
                0x0000000020001928                _noinit = .
 *(.noinit .noinit.*)
                0x0000000020001928                . = ALIGN (0x4)
                0x0000000020001928                _end_noinit = .
                [!provide]                        PROVIDE (end, _end_noinit)
                [!provide]                        PROVIDE (_end, _end_noinit)
                [!provide]                        PROVIDE (__end, _end_noinit)
                [!provide]                        PROVIDE (__end__, _end_noinit)

._check_stack   0x0000000020001928      0x100
                0x0000000020001a28                . = (. + _Minimum_Stack_Size)
 *fill*         0x0000000020001928      0x100 

.b1text
 *(.b1text)
 *(.b1rodata)
 *(.b1rodata.*)

.eb0text
 *(.eb0text)
 *(.eb0rodata)
 *(.eb0rodata.*)

.eb1text
 *(.eb1text)
 *(.eb1rodata)
 *(.eb1rodata.*)

.eb2text
 *(.eb2text)
 *(.eb2rodata)
 *(.eb2rodata.*)

.eb3text
 *(.eb3text)
 *(.eb3rodata)
 *(.eb3rodata.*)

.stab
 *(.stab)

.stabstr
 *(.stabstr)

.stab.excl
 *(.stab.excl)

.stab.exclstr
 *(.stab.exclstr)

.stab.index
 *(.stab.index)

.stab.indexstr
 *(.stab.indexstr)

.comment        0x0000000000000000       0x7f
 *(.comment)
 .comment       0x0000000000000000       0x7f ./system/src/stm32l0xx/stm32l0xx_hal.o
                                         0x80 (size before relaxing)
 .comment       0x000000000000007f       0x80 ./system/src/stm32l0xx/stm32l0xx_hal_cortex.o
 .comment       0x000000000000007f       0x80 ./system/src/stm32l0xx/stm32l0xx_hal_gpio.o
 .comment       0x000000000000007f       0x80 ./system/src/stm32l0xx/stm32l0xx_hal_rcc.o
 .comment       0x000000000000007f       0x80 ./system/src/stm32l0xx/stm32l0xx_hal_rcc_ex.o
 .comment       0x000000000000007f       0x80 ./system/src/stm32l0xx/stm32l0xx_hal_uart.o
 .comment       0x000000000000007f       0x80 ./system/src/newlib/_exit.o
 .comment       0x000000000000007f       0x80 ./system/src/newlib/_sbrk.o
 .comment       0x000000000000007f       0x80 ./system/src/newlib/_startup.o
 .comment       0x000000000000007f       0x80 ./system/src/newlib/_syscalls.o
 .comment       0x000000000000007f       0x80 ./system/src/diag/Trace.o
 .comment       0x000000000000007f       0x80 ./system/src/diag/trace_impl.o
 .comment       0x000000000000007f       0x80 ./system/src/cortexm/_initialize_hardware.o
 .comment       0x000000000000007f       0x80 ./system/src/cortexm/exception_handlers.o
 .comment       0x000000000000007f       0x80 ./system/src/cmsis/system_stm32l0xx.o
 .comment       0x000000000000007f       0x80 ./system/src/FreeRTOS/cmsis_os.o
 .comment       0x000000000000007f       0x80 ./system/src/FreeRTOS/heap_2.o
 .comment       0x000000000000007f       0x80 ./system/src/FreeRTOS/list.o
 .comment       0x000000000000007f       0x80 ./system/src/FreeRTOS/port.o
 .comment       0x000000000000007f       0x80 ./system/src/FreeRTOS/tasks.o
 .comment       0x000000000000007f       0x80 ./src/main.o
 .comment       0x000000000000007f       0x80 ./src/stm32l0xx_hal_msp.o
 .comment       0x000000000000007f       0x80 ./src/stm32l0xx_it.o

.ARM.attributes
                0x0000000000000000       0x30
 .ARM.attributes
                0x0000000000000000       0x32 ./system/src/stm32l0xx/stm32l0xx_hal.o
 .ARM.attributes
                0x0000000000000032       0x32 ./system/src/stm32l0xx/stm32l0xx_hal_cortex.o
 .ARM.attributes
                0x0000000000000064       0x32 ./system/src/stm32l0xx/stm32l0xx_hal_gpio.o
 .ARM.attributes
                0x0000000000000096       0x32 ./system/src/stm32l0xx/stm32l0xx_hal_rcc.o
 .ARM.attributes
                0x00000000000000c8       0x32 ./system/src/stm32l0xx/stm32l0xx_hal_rcc_ex.o
 .ARM.attributes
                0x00000000000000fa       0x32 ./system/src/stm32l0xx/stm32l0xx_hal_uart.o
 .ARM.attributes
                0x000000000000012c       0x32 ./system/src/newlib/_exit.o
 .ARM.attributes
                0x000000000000015e       0x32 ./system/src/newlib/_sbrk.o
 .ARM.attributes
                0x0000000000000190       0x32 ./system/src/newlib/_startup.o
 .ARM.attributes
                0x00000000000001c2       0x32 ./system/src/newlib/_syscalls.o
 .ARM.attributes
                0x00000000000001f4       0x32 ./system/src/diag/Trace.o
 .ARM.attributes
                0x0000000000000226       0x32 ./system/src/diag/trace_impl.o
 .ARM.attributes
                0x0000000000000258       0x32 ./system/src/cortexm/_initialize_hardware.o
 .ARM.attributes
                0x000000000000028a       0x32 ./system/src/cortexm/exception_handlers.o
 .ARM.attributes
                0x00000000000002bc       0x22 ./system/src/cmsis/startup_stm32l053xx.o
 .ARM.attributes
                0x00000000000002de       0x32 ./system/src/cmsis/system_stm32l0xx.o
 .ARM.attributes
                0x0000000000000310       0x32 ./system/src/FreeRTOS/cmsis_os.o
 .ARM.attributes
                0x0000000000000342       0x32 ./system/src/FreeRTOS/heap_2.o
 .ARM.attributes
                0x0000000000000374       0x32 ./system/src/FreeRTOS/list.o
 .ARM.attributes
                0x00000000000003a6       0x32 ./system/src/FreeRTOS/port.o
 .ARM.attributes
                0x00000000000003d8       0x32 ./system/src/FreeRTOS/tasks.o
 .ARM.attributes
                0x000000000000040a       0x32 ./src/main.o
 .ARM.attributes
                0x000000000000043c       0x32 ./src/stm32l0xx_hal_msp.o
 .ARM.attributes
                0x000000000000046e       0x32 ./src/stm32l0xx_it.o
 .ARM.attributes
                0x00000000000004a0       0x1e /home/project-mar/opt/gcc-arm-none-eabi-6-2017-q1-update/bin/../lib/gcc/arm-none-eabi/6.3.1/thumb/v6-m/libgcc.a(_udivsi3.o)
 .ARM.attributes
                0x00000000000004be       0x1e /home/project-mar/opt/gcc-arm-none-eabi-6-2017-q1-update/bin/../lib/gcc/arm-none-eabi/6.3.1/thumb/v6-m/libgcc.a(_dvmd_tls.o)
 .ARM.attributes
                0x00000000000004dc       0x1e /home/project-mar/opt/gcc-arm-none-eabi-6-2017-q1-update/bin/../lib/gcc/arm-none-eabi/6.3.1/thumb/v6-m/libgcc.a(_aeabi_uldivmod.o)
 .ARM.attributes
                0x00000000000004fa       0x2c /home/project-mar/opt/gcc-arm-none-eabi-6-2017-q1-update/bin/../lib/gcc/arm-none-eabi/6.3.1/thumb/v6-m/libgcc.a(_udivmoddi4.o)
 .ARM.attributes
                0x0000000000000526       0x1e /home/project-mar/opt/gcc-arm-none-eabi-6-2017-q1-update/bin/../lib/gcc/arm-none-eabi/6.3.1/thumb/v6-m/libgcc.a(_clzdi2.o)
 .ARM.attributes
                0x0000000000000544       0x1e /home/project-mar/opt/gcc-arm-none-eabi-6-2017-q1-update/bin/../lib/gcc/arm-none-eabi/6.3.1/thumb/v6-m/libgcc.a(_clzsi2.o)
 .ARM.attributes
                0x0000000000000562       0x2c /home/project-mar/opt/gcc-arm-none-eabi-6-2017-q1-update/bin/../lib/gcc/arm-none-eabi/6.3.1/../../../../arm-none-eabi/lib/thumb/v6-m/libg.a(lib_a-errno.o)
 .ARM.attributes
                0x000000000000058e       0x2c /home/project-mar/opt/gcc-arm-none-eabi-6-2017-q1-update/bin/../lib/gcc/arm-none-eabi/6.3.1/../../../../arm-none-eabi/lib/thumb/v6-m/libg.a(lib_a-impure.o)
 .ARM.attributes
                0x00000000000005ba       0x2c /home/project-mar/opt/gcc-arm-none-eabi-6-2017-q1-update/bin/../lib/gcc/arm-none-eabi/6.3.1/../../../../arm-none-eabi/lib/thumb/v6-m/libg.a(lib_a-memcpy-stub.o)
 .ARM.attributes
                0x00000000000005e6       0x2c /home/project-mar/opt/gcc-arm-none-eabi-6-2017-q1-update/bin/../lib/gcc/arm-none-eabi/6.3.1/../../../../arm-none-eabi/lib/thumb/v6-m/libg.a(lib_a-memset.o)
 .ARM.attributes
                0x0000000000000612       0x2c /home/project-mar/opt/gcc-arm-none-eabi-6-2017-q1-update/bin/../lib/gcc/arm-none-eabi/6.3.1/../../../../arm-none-eabi/lib/thumb/v6-m/libg.a(lib_a-strlen-stub.o)
 .ARM.attributes
                0x000000000000063e       0x2c /home/project-mar/opt/gcc-arm-none-eabi-6-2017-q1-update/bin/../lib/gcc/arm-none-eabi/6.3.1/../../../../arm-none-eabi/lib/thumb/v6-m/libg.a(lib_a-vsnprintf.o)
 .ARM.attributes
                0x000000000000066a       0x2c /home/project-mar/opt/gcc-arm-none-eabi-6-2017-q1-update/bin/../lib/gcc/arm-none-eabi/6.3.1/../../../../arm-none-eabi/lib/thumb/v6-m/libg.a(lib_a-svfprintf.o)
 .ARM.attributes
                0x0000000000000696       0x2c /home/project-mar/opt/gcc-arm-none-eabi-6-2017-q1-update/bin/../lib/gcc/arm-none-eabi/6.3.1/../../../../arm-none-eabi/lib/thumb/v6-m/libg.a(lib_a-dtoa.o)
 .ARM.attributes
                0x00000000000006c2       0x2c /home/project-mar/opt/gcc-arm-none-eabi-6-2017-q1-update/bin/../lib/gcc/arm-none-eabi/6.3.1/../../../../arm-none-eabi/lib/thumb/v6-m/libg.a(lib_a-localeconv.o)
 .ARM.attributes
                0x00000000000006ee       0x2c /home/project-mar/opt/gcc-arm-none-eabi-6-2017-q1-update/bin/../lib/gcc/arm-none-eabi/6.3.1/../../../../arm-none-eabi/lib/thumb/v6-m/libg.a(lib_a-mallocr.o)
 .ARM.attributes
                0x000000000000071a       0x2c /home/project-mar/opt/gcc-arm-none-eabi-6-2017-q1-update/bin/../lib/gcc/arm-none-eabi/6.3.1/../../../../arm-none-eabi/lib/thumb/v6-m/libg.a(lib_a-memchr-stub.o)
 .ARM.attributes
                0x0000000000000746       0x2c /home/project-mar/opt/gcc-arm-none-eabi-6-2017-q1-update/bin/../lib/gcc/arm-none-eabi/6.3.1/../../../../arm-none-eabi/lib/thumb/v6-m/libg.a(lib_a-mlock.o)
 .ARM.attributes
                0x0000000000000772       0x2c /home/project-mar/opt/gcc-arm-none-eabi-6-2017-q1-update/bin/../lib/gcc/arm-none-eabi/6.3.1/../../../../arm-none-eabi/lib/thumb/v6-m/libg.a(lib_a-mprec.o)
 .ARM.attributes
                0x000000000000079e       0x2c /home/project-mar/opt/gcc-arm-none-eabi-6-2017-q1-update/bin/../lib/gcc/arm-none-eabi/6.3.1/../../../../arm-none-eabi/lib/thumb/v6-m/libg.a(lib_a-sbrkr.o)
 .ARM.attributes
                0x00000000000007ca       0x2c /home/project-mar/opt/gcc-arm-none-eabi-6-2017-q1-update/bin/../lib/gcc/arm-none-eabi/6.3.1/../../../../arm-none-eabi/lib/thumb/v6-m/libg.a(lib_a-svfiprintf.o)
 .ARM.attributes
                0x00000000000007f6       0x2c /home/project-mar/opt/gcc-arm-none-eabi-6-2017-q1-update/bin/../lib/gcc/arm-none-eabi/6.3.1/../../../../arm-none-eabi/lib/thumb/v6-m/libg.a(lib_a-callocr.o)
 .ARM.attributes
                0x0000000000000822       0x2c /home/project-mar/opt/gcc-arm-none-eabi-6-2017-q1-update/bin/../lib/gcc/arm-none-eabi/6.3.1/../../../../arm-none-eabi/lib/thumb/v6-m/libg.a(lib_a-freer.o)
 .ARM.attributes
                0x000000000000084e       0x2c /home/project-mar/opt/gcc-arm-none-eabi-6-2017-q1-update/bin/../lib/gcc/arm-none-eabi/6.3.1/../../../../arm-none-eabi/lib/thumb/v6-m/libg.a(lib_a-locale.o)
 .ARM.attributes
                0x000000000000087a       0x2c /home/project-mar/opt/gcc-arm-none-eabi-6-2017-q1-update/bin/../lib/gcc/arm-none-eabi/6.3.1/../../../../arm-none-eabi/lib/thumb/v6-m/libg.a(lib_a-lock.o)
 .ARM.attributes
                0x00000000000008a6       0x2c /home/project-mar/opt/gcc-arm-none-eabi-6-2017-q1-update/bin/../lib/gcc/arm-none-eabi/6.3.1/../../../../arm-none-eabi/lib/thumb/v6-m/libg.a(lib_a-mbtowc_r.o)
 .ARM.attributes
                0x00000000000008d2       0x2c /home/project-mar/opt/gcc-arm-none-eabi-6-2017-q1-update/bin/../lib/gcc/arm-none-eabi/6.3.1/../../../../arm-none-eabi/lib/thumb/v6-m/libg.a(lib_a-memmove.o)
 .ARM.attributes
                0x00000000000008fe       0x2c /home/project-mar/opt/gcc-arm-none-eabi-6-2017-q1-update/bin/../lib/gcc/arm-none-eabi/6.3.1/../../../../arm-none-eabi/lib/thumb/v6-m/libg.a(lib_a-reallocr.o)
 .ARM.attributes
                0x000000000000092a       0x2c /home/project-mar/opt/gcc-arm-none-eabi-6-2017-q1-update/bin/../lib/gcc/arm-none-eabi/6.3.1/../../../../arm-none-eabi/lib/thumb/v6-m/libg.a(lib_a-wctomb_r.o)
 .ARM.attributes
                0x0000000000000956       0x2c /home/project-mar/opt/gcc-arm-none-eabi-6-2017-q1-update/bin/../lib/gcc/arm-none-eabi/6.3.1/../../../../arm-none-eabi/lib/thumb/v6-m/libg.a(lib_a-ctype_.o)
 .ARM.attributes
                0x0000000000000982       0x1e /home/project-mar/opt/gcc-arm-none-eabi-6-2017-q1-update/bin/../lib/gcc/arm-none-eabi/6.3.1/thumb/v6-m/libgcc.a(_divsi3.o)
 .ARM.attributes
                0x00000000000009a0       0x1e /home/project-mar/opt/gcc-arm-none-eabi-6-2017-q1-update/bin/../lib/gcc/arm-none-eabi/6.3.1/thumb/v6-m/libgcc.a(_arm_cmpdf2.o)
 .ARM.attributes
                0x00000000000009be       0x2c /home/project-mar/opt/gcc-arm-none-eabi-6-2017-q1-update/bin/../lib/gcc/arm-none-eabi/6.3.1/thumb/v6-m/libgcc.a(adddf3.o)
 .ARM.attributes
                0x00000000000009ea       0x2c /home/project-mar/opt/gcc-arm-none-eabi-6-2017-q1-update/bin/../lib/gcc/arm-none-eabi/6.3.1/thumb/v6-m/libgcc.a(divdf3.o)
 .ARM.attributes
                0x0000000000000a16       0x2c /home/project-mar/opt/gcc-arm-none-eabi-6-2017-q1-update/bin/../lib/gcc/arm-none-eabi/6.3.1/thumb/v6-m/libgcc.a(eqdf2.o)
 .ARM.attributes
                0x0000000000000a42       0x2c /home/project-mar/opt/gcc-arm-none-eabi-6-2017-q1-update/bin/../lib/gcc/arm-none-eabi/6.3.1/thumb/v6-m/libgcc.a(gedf2.o)
 .ARM.attributes
                0x0000000000000a6e       0x2c /home/project-mar/opt/gcc-arm-none-eabi-6-2017-q1-update/bin/../lib/gcc/arm-none-eabi/6.3.1/thumb/v6-m/libgcc.a(ledf2.o)
 .ARM.attributes
                0x0000000000000a9a       0x2c /home/project-mar/opt/gcc-arm-none-eabi-6-2017-q1-update/bin/../lib/gcc/arm-none-eabi/6.3.1/thumb/v6-m/libgcc.a(muldf3.o)
 .ARM.attributes
                0x0000000000000ac6       0x2c /home/project-mar/opt/gcc-arm-none-eabi-6-2017-q1-update/bin/../lib/gcc/arm-none-eabi/6.3.1/thumb/v6-m/libgcc.a(subdf3.o)
 .ARM.attributes
                0x0000000000000af2       0x2c /home/project-mar/opt/gcc-arm-none-eabi-6-2017-q1-update/bin/../lib/gcc/arm-none-eabi/6.3.1/thumb/v6-m/libgcc.a(unorddf2.o)
 .ARM.attributes
                0x0000000000000b1e       0x2c /home/project-mar/opt/gcc-arm-none-eabi-6-2017-q1-update/bin/../lib/gcc/arm-none-eabi/6.3.1/thumb/v6-m/libgcc.a(fixdfsi.o)
 .ARM.attributes
                0x0000000000000b4a       0x2c /home/project-mar/opt/gcc-arm-none-eabi-6-2017-q1-update/bin/../lib/gcc/arm-none-eabi/6.3.1/thumb/v6-m/libgcc.a(floatsidf.o)
 .ARM.attributes
                0x0000000000000b76       0x2c /home/project-mar/opt/gcc-arm-none-eabi-6-2017-q1-update/bin/../lib/gcc/arm-none-eabi/6.3.1/thumb/v6-m/libgcc.a(floatunsidf.o)

.debug
 *(.debug)

.line
 *(.line)

.debug_srcinfo
 *(.debug_srcinfo)

.debug_sfnames
 *(.debug_sfnames)

.debug_aranges  0x0000000000000000      0xca0
 *(.debug_aranges)
 .debug_aranges
                0x0000000000000000       0xe0 ./system/src/stm32l0xx/stm32l0xx_hal.o
 .debug_aranges
                0x00000000000000e0       0xc8 ./system/src/stm32l0xx/stm32l0xx_hal_cortex.o
 .debug_aranges
                0x00000000000001a8       0x58 ./system/src/stm32l0xx/stm32l0xx_hal_gpio.o
 .debug_aranges
                0x0000000000000200       0x88 ./system/src/stm32l0xx/stm32l0xx_hal_rcc.o
 .debug_aranges
                0x0000000000000288       0xb0 ./system/src/stm32l0xx/stm32l0xx_hal_rcc_ex.o
 .debug_aranges
                0x0000000000000338      0x1e8 ./system/src/stm32l0xx/stm32l0xx_hal_uart.o
 .debug_aranges
                0x0000000000000520       0x28 ./system/src/newlib/_exit.o
 .debug_aranges
                0x0000000000000548       0x20 ./system/src/newlib/_sbrk.o
 .debug_aranges
                0x0000000000000568       0x40 ./system/src/newlib/_startup.o
 .debug_aranges
                0x00000000000005a8       0x30 ./system/src/newlib/_syscalls.o
 .debug_aranges
                0x00000000000005d8       0x38 ./system/src/diag/Trace.o
 .debug_aranges
                0x0000000000000610       0x28 ./system/src/diag/trace_impl.o
 .debug_aranges
                0x0000000000000638       0x28 ./system/src/cortexm/_initialize_hardware.o
 .debug_aranges
                0x0000000000000660       0x58 ./system/src/cortexm/exception_handlers.o
 .debug_aranges
                0x00000000000006b8       0x28 ./system/src/cmsis/startup_stm32l053xx.o
 .debug_aranges
                0x00000000000006e0       0x28 ./system/src/cmsis/system_stm32l0xx.o
 .debug_aranges
                0x0000000000000708      0x1d8 ./system/src/FreeRTOS/cmsis_os.o
 .debug_aranges
                0x00000000000008e0       0x40 ./system/src/FreeRTOS/heap_2.o
 .debug_aranges
                0x0000000000000920       0x40 ./system/src/FreeRTOS/list.o
 .debug_aranges
                0x0000000000000960       0x88 ./system/src/FreeRTOS/port.o
 .debug_aranges
                0x00000000000009e8      0x1c8 ./system/src/FreeRTOS/tasks.o
 .debug_aranges
                0x0000000000000bb0       0x68 ./src/main.o
 .debug_aranges
                0x0000000000000c18       0x30 ./src/stm32l0xx_hal_msp.o
 .debug_aranges
                0x0000000000000c48       0x58 ./src/stm32l0xx_it.o

.debug_pubnames
 *(.debug_pubnames)

.debug_info     0x0000000000000000    0x12dc3
 *(.debug_info .gnu.linkonce.wi.*)
 .debug_info    0x0000000000000000      0xf48 ./system/src/stm32l0xx/stm32l0xx_hal.o
 .debug_info    0x0000000000000f48     0x104b ./system/src/stm32l0xx/stm32l0xx_hal_cortex.o
 .debug_info    0x0000000000001f93      0xec4 ./system/src/stm32l0xx/stm32l0xx_hal_gpio.o
 .debug_info    0x0000000000002e57     0x1126 ./system/src/stm32l0xx/stm32l0xx_hal_rcc.o
 .debug_info    0x0000000000003f7d     0x1022 ./system/src/stm32l0xx/stm32l0xx_hal_rcc_ex.o
 .debug_info    0x0000000000004f9f     0x1c2c ./system/src/stm32l0xx/stm32l0xx_hal_uart.o
 .debug_info    0x0000000000006bcb      0x924 ./system/src/newlib/_exit.o
 .debug_info    0x00000000000074ef      0x92f ./system/src/newlib/_sbrk.o
 .debug_info    0x0000000000007e1e      0x3bf ./system/src/newlib/_startup.o
 .debug_info    0x00000000000081dd      0x9fe ./system/src/newlib/_syscalls.o
 .debug_info    0x0000000000008bdb      0xa15 ./system/src/diag/Trace.o
 .debug_info    0x00000000000095f0      0x1cc ./system/src/diag/trace_impl.o
 .debug_info    0x00000000000097bc      0x12a ./system/src/cortexm/_initialize_hardware.o
 .debug_info    0x00000000000098e6      0xab1 ./system/src/cortexm/exception_handlers.o
 .debug_info    0x000000000000a397       0xa5 ./system/src/cmsis/startup_stm32l053xx.o
 .debug_info    0x000000000000a43c      0x36e ./system/src/cmsis/system_stm32l0xx.o
 .debug_info    0x000000000000a7aa     0x1a4c ./system/src/FreeRTOS/cmsis_os.o
 .debug_info    0x000000000000c1f6      0xaf1 ./system/src/FreeRTOS/heap_2.o
 .debug_info    0x000000000000cce7      0xacc ./system/src/FreeRTOS/list.o
 .debug_info    0x000000000000d7b3      0x24e ./system/src/FreeRTOS/port.o
 .debug_info    0x000000000000da01     0x1dd0 ./system/src/FreeRTOS/tasks.o
 .debug_info    0x000000000000f7d1     0x1606 ./src/main.o
 .debug_info    0x0000000000010dd7     0x1175 ./src/stm32l0xx_hal_msp.o
 .debug_info    0x0000000000011f4c      0xe77 ./src/stm32l0xx_it.o

.debug_abbrev   0x0000000000000000     0x3203
 *(.debug_abbrev)
 .debug_abbrev  0x0000000000000000      0x2ac ./system/src/stm32l0xx/stm32l0xx_hal.o
 .debug_abbrev  0x00000000000002ac      0x33b ./system/src/stm32l0xx/stm32l0xx_hal_cortex.o
 .debug_abbrev  0x00000000000005e7      0x27e ./system/src/stm32l0xx/stm32l0xx_hal_gpio.o
 .debug_abbrev  0x0000000000000865      0x2f0 ./system/src/stm32l0xx/stm32l0xx_hal_rcc.o
 .debug_abbrev  0x0000000000000b55      0x2a8 ./system/src/stm32l0xx/stm32l0xx_hal_rcc_ex.o
 .debug_abbrev  0x0000000000000dfd      0x2ef ./system/src/stm32l0xx/stm32l0xx_hal_uart.o
 .debug_abbrev  0x00000000000010ec      0x1d7 ./system/src/newlib/_exit.o
 .debug_abbrev  0x00000000000012c3      0x1cf ./system/src/newlib/_sbrk.o
 .debug_abbrev  0x0000000000001492      0x16c ./system/src/newlib/_startup.o
 .debug_abbrev  0x00000000000015fe      0x21f ./system/src/newlib/_syscalls.o
 .debug_abbrev  0x000000000000181d      0x217 ./system/src/diag/Trace.o
 .debug_abbrev  0x0000000000001a34       0xbf ./system/src/diag/trace_impl.o
 .debug_abbrev  0x0000000000001af3       0x7c ./system/src/cortexm/_initialize_hardware.o
 .debug_abbrev  0x0000000000001b6f      0x24d ./system/src/cortexm/exception_handlers.o
 .debug_abbrev  0x0000000000001dbc       0x12 ./system/src/cmsis/startup_stm32l053xx.o
 .debug_abbrev  0x0000000000001dce      0x100 ./system/src/cmsis/system_stm32l0xx.o
 .debug_abbrev  0x0000000000001ece      0x330 ./system/src/FreeRTOS/cmsis_os.o
 .debug_abbrev  0x00000000000021fe      0x26d ./system/src/FreeRTOS/heap_2.o
 .debug_abbrev  0x000000000000246b      0x1fe ./system/src/FreeRTOS/list.o
 .debug_abbrev  0x0000000000002669      0x185 ./system/src/FreeRTOS/port.o
 .debug_abbrev  0x00000000000027ee      0x337 ./system/src/FreeRTOS/tasks.o
 .debug_abbrev  0x0000000000002b25      0x2c1 ./src/main.o
 .debug_abbrev  0x0000000000002de6      0x22d ./src/stm32l0xx_hal_msp.o
 .debug_abbrev  0x0000000000003013      0x1f0 ./src/stm32l0xx_it.o

.debug_line     0x0000000000000000     0x90c4
 *(.debug_line)
 .debug_line    0x0000000000000000      0x7f9 ./system/src/stm32l0xx/stm32l0xx_hal.o
 .debug_line    0x00000000000007f9      0x81d ./system/src/stm32l0xx/stm32l0xx_hal_cortex.o
 .debug_line    0x0000000000001016      0x7b4 ./system/src/stm32l0xx/stm32l0xx_hal_gpio.o
 .debug_line    0x00000000000017ca      0x8db ./system/src/stm32l0xx/stm32l0xx_hal_rcc.o
 .debug_line    0x00000000000020a5      0x93b ./system/src/stm32l0xx/stm32l0xx_hal_rcc_ex.o
 .debug_line    0x00000000000029e0     0x1096 ./system/src/stm32l0xx/stm32l0xx_hal_uart.o
 .debug_line    0x0000000000003a76      0x353 ./system/src/newlib/_exit.o
 .debug_line    0x0000000000003dc9      0x301 ./system/src/newlib/_sbrk.o
 .debug_line    0x00000000000040ca      0x3c2 ./system/src/newlib/_startup.o
 .debug_line    0x000000000000448c      0x420 ./system/src/newlib/_syscalls.o
 .debug_line    0x00000000000048ac      0x3be ./system/src/diag/Trace.o
 .debug_line    0x0000000000004c6a      0x3e6 ./system/src/diag/trace_impl.o
 .debug_line    0x0000000000005050      0x18f ./system/src/cortexm/_initialize_hardware.o
 .debug_line    0x00000000000051df      0x4b0 ./system/src/cortexm/exception_handlers.o
 .debug_line    0x000000000000568f       0x8c ./system/src/cmsis/startup_stm32l053xx.o
 .debug_line    0x000000000000571b      0x195 ./system/src/cmsis/system_stm32l0xx.o
 .debug_line    0x00000000000058b0      0x9d1 ./system/src/FreeRTOS/cmsis_os.o
 .debug_line    0x0000000000006281      0x3fa ./system/src/FreeRTOS/heap_2.o
 .debug_line    0x000000000000667b      0x3b9 ./system/src/FreeRTOS/list.o
 .debug_line    0x0000000000006a34      0x2ba ./system/src/FreeRTOS/port.o
 .debug_line    0x0000000000006cee      0xdbd ./system/src/FreeRTOS/tasks.o
 .debug_line    0x0000000000007aab      0x81a ./src/main.o
 .debug_line    0x00000000000082c5      0x659 ./src/stm32l0xx_hal_msp.o
 .debug_line    0x000000000000891e      0x7a6 ./src/stm32l0xx_it.o

.debug_frame    0x0000000000000000     0x33d0
 *(.debug_frame)
 .debug_frame   0x0000000000000000      0x2e0 ./system/src/stm32l0xx/stm32l0xx_hal.o
 .debug_frame   0x00000000000002e0      0x2c4 ./system/src/stm32l0xx/stm32l0xx_hal_cortex.o
 .debug_frame   0x00000000000005a4      0x110 ./system/src/stm32l0xx/stm32l0xx_hal_gpio.o
 .debug_frame   0x00000000000006b4      0x1b8 ./system/src/stm32l0xx/stm32l0xx_hal_rcc.o
 .debug_frame   0x000000000000086c      0x244 ./system/src/stm32l0xx/stm32l0xx_hal_rcc_ex.o
 .debug_frame   0x0000000000000ab0      0x754 ./system/src/stm32l0xx/stm32l0xx_hal_uart.o
 .debug_frame   0x0000000000001204       0x4c ./system/src/newlib/_exit.o
 .debug_frame   0x0000000000001250       0x30 ./system/src/newlib/_sbrk.o
 .debug_frame   0x0000000000001280       0xb0 ./system/src/newlib/_startup.o
 .debug_frame   0x0000000000001330       0x70 ./system/src/newlib/_syscalls.o
 .debug_frame   0x00000000000013a0       0x90 ./system/src/diag/Trace.o
 .debug_frame   0x0000000000001430       0x4c ./system/src/diag/trace_impl.o
 .debug_frame   0x000000000000147c       0x48 ./system/src/cortexm/_initialize_hardware.o
 .debug_frame   0x00000000000014c4       0xec ./system/src/cortexm/exception_handlers.o
 .debug_frame   0x00000000000015b0       0x4c ./system/src/cmsis/system_stm32l0xx.o
 .debug_frame   0x00000000000015fc      0x6f4 ./system/src/FreeRTOS/cmsis_os.o
 .debug_frame   0x0000000000001cf0       0xa8 ./system/src/FreeRTOS/heap_2.o
 .debug_frame   0x0000000000001d98       0xb0 ./system/src/FreeRTOS/list.o
 .debug_frame   0x0000000000001e48      0x174 ./system/src/FreeRTOS/port.o
 .debug_frame   0x0000000000001fbc      0x6bc ./system/src/FreeRTOS/tasks.o
 .debug_frame   0x0000000000002678      0x14c ./src/main.o
 .debug_frame   0x00000000000027c4       0x6c ./src/stm32l0xx_hal_msp.o
 .debug_frame   0x0000000000002830       0xf0 ./src/stm32l0xx_it.o
 .debug_frame   0x0000000000002920       0x20 /home/project-mar/opt/gcc-arm-none-eabi-6-2017-q1-update/bin/../lib/gcc/arm-none-eabi/6.3.1/thumb/v6-m/libgcc.a(_udivsi3.o)
 .debug_frame   0x0000000000002940       0x3c /home/project-mar/opt/gcc-arm-none-eabi-6-2017-q1-update/bin/../lib/gcc/arm-none-eabi/6.3.1/thumb/v6-m/libgcc.a(_udivmoddi4.o)
 .debug_frame   0x000000000000297c       0x20 /home/project-mar/opt/gcc-arm-none-eabi-6-2017-q1-update/bin/../lib/gcc/arm-none-eabi/6.3.1/../../../../arm-none-eabi/lib/thumb/v6-m/libg.a(lib_a-errno.o)
 .debug_frame   0x000000000000299c       0x30 /home/project-mar/opt/gcc-arm-none-eabi-6-2017-q1-update/bin/../lib/gcc/arm-none-eabi/6.3.1/../../../../arm-none-eabi/lib/thumb/v6-m/libg.a(lib_a-memcpy-stub.o)
 .debug_frame   0x00000000000029cc       0x30 /home/project-mar/opt/gcc-arm-none-eabi-6-2017-q1-update/bin/../lib/gcc/arm-none-eabi/6.3.1/../../../../arm-none-eabi/lib/thumb/v6-m/libg.a(lib_a-memset.o)
 .debug_frame   0x00000000000029fc       0x28 /home/project-mar/opt/gcc-arm-none-eabi-6-2017-q1-update/bin/../lib/gcc/arm-none-eabi/6.3.1/../../../../arm-none-eabi/lib/thumb/v6-m/libg.a(lib_a-strlen-stub.o)
 .debug_frame   0x0000000000002a24       0x48 /home/project-mar/opt/gcc-arm-none-eabi-6-2017-q1-update/bin/../lib/gcc/arm-none-eabi/6.3.1/../../../../arm-none-eabi/lib/thumb/v6-m/libg.a(lib_a-vsnprintf.o)
 .debug_frame   0x0000000000002a6c       0x3c /home/project-mar/opt/gcc-arm-none-eabi-6-2017-q1-update/bin/../lib/gcc/arm-none-eabi/6.3.1/../../../../arm-none-eabi/lib/thumb/v6-m/libg.a(lib_a-svfprintf.o)
 .debug_frame   0x0000000000002aa8       0x68 /home/project-mar/opt/gcc-arm-none-eabi-6-2017-q1-update/bin/../lib/gcc/arm-none-eabi/6.3.1/../../../../arm-none-eabi/lib/thumb/v6-m/libg.a(lib_a-dtoa.o)
 .debug_frame   0x0000000000002b10       0x40 /home/project-mar/opt/gcc-arm-none-eabi-6-2017-q1-update/bin/../lib/gcc/arm-none-eabi/6.3.1/../../../../arm-none-eabi/lib/thumb/v6-m/libg.a(lib_a-localeconv.o)
 .debug_frame   0x0000000000002b50       0x3c /home/project-mar/opt/gcc-arm-none-eabi-6-2017-q1-update/bin/../lib/gcc/arm-none-eabi/6.3.1/../../../../arm-none-eabi/lib/thumb/v6-m/libg.a(lib_a-mallocr.o)
 .debug_frame   0x0000000000002b8c       0x2c /home/project-mar/opt/gcc-arm-none-eabi-6-2017-q1-update/bin/../lib/gcc/arm-none-eabi/6.3.1/../../../../arm-none-eabi/lib/thumb/v6-m/libg.a(lib_a-memchr-stub.o)
 .debug_frame   0x0000000000002bb8       0x40 /home/project-mar/opt/gcc-arm-none-eabi-6-2017-q1-update/bin/../lib/gcc/arm-none-eabi/6.3.1/../../../../arm-none-eabi/lib/thumb/v6-m/libg.a(lib_a-mlock.o)
 .debug_frame   0x0000000000002bf8      0x260 /home/project-mar/opt/gcc-arm-none-eabi-6-2017-q1-update/bin/../lib/gcc/arm-none-eabi/6.3.1/../../../../arm-none-eabi/lib/thumb/v6-m/libg.a(lib_a-mprec.o)
 .debug_frame   0x0000000000002e58       0x2c /home/project-mar/opt/gcc-arm-none-eabi-6-2017-q1-update/bin/../lib/gcc/arm-none-eabi/6.3.1/../../../../arm-none-eabi/lib/thumb/v6-m/libg.a(lib_a-sbrkr.o)
 .debug_frame   0x0000000000002e84       0x68 /home/project-mar/opt/gcc-arm-none-eabi-6-2017-q1-update/bin/../lib/gcc/arm-none-eabi/6.3.1/../../../../arm-none-eabi/lib/thumb/v6-m/libg.a(lib_a-svfiprintf.o)
 .debug_frame   0x0000000000002eec       0x28 /home/project-mar/opt/gcc-arm-none-eabi-6-2017-q1-update/bin/../lib/gcc/arm-none-eabi/6.3.1/../../../../arm-none-eabi/lib/thumb/v6-m/libg.a(lib_a-callocr.o)
 .debug_frame   0x0000000000002f14       0x50 /home/project-mar/opt/gcc-arm-none-eabi-6-2017-q1-update/bin/../lib/gcc/arm-none-eabi/6.3.1/../../../../arm-none-eabi/lib/thumb/v6-m/libg.a(lib_a-freer.o)
 .debug_frame   0x0000000000002f64       0x74 /home/project-mar/opt/gcc-arm-none-eabi-6-2017-q1-update/bin/../lib/gcc/arm-none-eabi/6.3.1/../../../../arm-none-eabi/lib/thumb/v6-m/libg.a(lib_a-locale.o)
 .debug_frame   0x0000000000002fd8       0xb0 /home/project-mar/opt/gcc-arm-none-eabi-6-2017-q1-update/bin/../lib/gcc/arm-none-eabi/6.3.1/../../../../arm-none-eabi/lib/thumb/v6-m/libg.a(lib_a-lock.o)
 .debug_frame   0x0000000000003088       0x40 /home/project-mar/opt/gcc-arm-none-eabi-6-2017-q1-update/bin/../lib/gcc/arm-none-eabi/6.3.1/../../../../arm-none-eabi/lib/thumb/v6-m/libg.a(lib_a-mbtowc_r.o)
 .debug_frame   0x00000000000030c8       0x30 /home/project-mar/opt/gcc-arm-none-eabi-6-2017-q1-update/bin/../lib/gcc/arm-none-eabi/6.3.1/../../../../arm-none-eabi/lib/thumb/v6-m/libg.a(lib_a-memmove.o)
 .debug_frame   0x00000000000030f8       0x3c /home/project-mar/opt/gcc-arm-none-eabi-6-2017-q1-update/bin/../lib/gcc/arm-none-eabi/6.3.1/../../../../arm-none-eabi/lib/thumb/v6-m/libg.a(lib_a-reallocr.o)
 .debug_frame   0x0000000000003134       0x3c /home/project-mar/opt/gcc-arm-none-eabi-6-2017-q1-update/bin/../lib/gcc/arm-none-eabi/6.3.1/../../../../arm-none-eabi/lib/thumb/v6-m/libg.a(lib_a-wctomb_r.o)
 .debug_frame   0x0000000000003170       0x20 /home/project-mar/opt/gcc-arm-none-eabi-6-2017-q1-update/bin/../lib/gcc/arm-none-eabi/6.3.1/thumb/v6-m/libgcc.a(_divsi3.o)
 .debug_frame   0x0000000000003190       0x3c /home/project-mar/opt/gcc-arm-none-eabi-6-2017-q1-update/bin/../lib/gcc/arm-none-eabi/6.3.1/thumb/v6-m/libgcc.a(adddf3.o)
 .debug_frame   0x00000000000031cc       0x3c /home/project-mar/opt/gcc-arm-none-eabi-6-2017-q1-update/bin/../lib/gcc/arm-none-eabi/6.3.1/thumb/v6-m/libgcc.a(divdf3.o)
 .debug_frame   0x0000000000003208       0x38 /home/project-mar/opt/gcc-arm-none-eabi-6-2017-q1-update/bin/../lib/gcc/arm-none-eabi/6.3.1/thumb/v6-m/libgcc.a(eqdf2.o)
 .debug_frame   0x0000000000003240       0x38 /home/project-mar/opt/gcc-arm-none-eabi-6-2017-q1-update/bin/../lib/gcc/arm-none-eabi/6.3.1/thumb/v6-m/libgcc.a(gedf2.o)
 .debug_frame   0x0000000000003278       0x38 /home/project-mar/opt/gcc-arm-none-eabi-6-2017-q1-update/bin/../lib/gcc/arm-none-eabi/6.3.1/thumb/v6-m/libgcc.a(ledf2.o)
 .debug_frame   0x00000000000032b0       0x3c /home/project-mar/opt/gcc-arm-none-eabi-6-2017-q1-update/bin/../lib/gcc/arm-none-eabi/6.3.1/thumb/v6-m/libgcc.a(muldf3.o)
 .debug_frame   0x00000000000032ec       0x38 /home/project-mar/opt/gcc-arm-none-eabi-6-2017-q1-update/bin/../lib/gcc/arm-none-eabi/6.3.1/thumb/v6-m/libgcc.a(subdf3.o)
 .debug_frame   0x0000000000003324       0x2c /home/project-mar/opt/gcc-arm-none-eabi-6-2017-q1-update/bin/../lib/gcc/arm-none-eabi/6.3.1/thumb/v6-m/libgcc.a(unorddf2.o)
 .debug_frame   0x0000000000003350       0x2c /home/project-mar/opt/gcc-arm-none-eabi-6-2017-q1-update/bin/../lib/gcc/arm-none-eabi/6.3.1/thumb/v6-m/libgcc.a(fixdfsi.o)
 .debug_frame   0x000000000000337c       0x2c /home/project-mar/opt/gcc-arm-none-eabi-6-2017-q1-update/bin/../lib/gcc/arm-none-eabi/6.3.1/thumb/v6-m/libgcc.a(floatsidf.o)
 .debug_frame   0x00000000000033a8       0x28 /home/project-mar/opt/gcc-arm-none-eabi-6-2017-q1-update/bin/../lib/gcc/arm-none-eabi/6.3.1/thumb/v6-m/libgcc.a(floatunsidf.o)

.debug_str      0x0000000000000000    0x83694
 *(.debug_str)
 .debug_str     0x0000000000000000    0x77ff9 ./system/src/stm32l0xx/stm32l0xx_hal.o
                                      0x784bd (size before relaxing)
 .debug_str     0x0000000000077ff9      0x297 ./system/src/stm32l0xx/stm32l0xx_hal_cortex.o
                                      0x782eb (size before relaxing)
 .debug_str     0x0000000000078290      0x2b3 ./system/src/stm32l0xx/stm32l0xx_hal_gpio.o
                                      0x7818f (size before relaxing)
 .debug_str     0x0000000000078543      0x508 ./system/src/stm32l0xx/stm32l0xx_hal_rcc.o
                                      0x7848f (size before relaxing)
 .debug_str     0x0000000000078a4b      0x4bc ./system/src/stm32l0xx/stm32l0xx_hal_rcc_ex.o
                                      0x783ef (size before relaxing)
 .debug_str     0x0000000000078f07      0xbbb ./system/src/stm32l0xx/stm32l0xx_hal_uart.o
                                      0x78af4 (size before relaxing)
 .debug_str     0x0000000000079ac2     0x10f4 ./system/src/newlib/_exit.o
                                       0x7426 (size before relaxing)
 .debug_str     0x000000000007abb6      0x36d ./system/src/newlib/_sbrk.o
                                       0x67db (size before relaxing)
 .debug_str     0x000000000007af23      0x217 ./system/src/newlib/_startup.o
                                       0x5f56 (size before relaxing)
 .debug_str     0x000000000007b13a      0xe3e ./system/src/newlib/_syscalls.o
                                       0x7657 (size before relaxing)
 .debug_str     0x000000000007bf78      0x164 ./system/src/diag/Trace.o
                                       0x7bfa (size before relaxing)
 .debug_str     0x000000000007c0dc       0x57 ./system/src/diag/trace_impl.o
                                      0x3e393 (size before relaxing)
 .debug_str     0x000000000007c133       0x6f ./system/src/cortexm/_initialize_hardware.o
                                      0x3a607 (size before relaxing)
 .debug_str     0x000000000007c1a2      0x14b ./system/src/cortexm/exception_handlers.o
                                      0x3f4ce (size before relaxing)
 .debug_str     0x000000000007c2ed       0x90 ./system/src/cmsis/system_stm32l0xx.o
                                      0x3a731 (size before relaxing)
 .debug_str     0x000000000007c37d     0x5647 ./system/src/FreeRTOS/cmsis_os.o
                                       0xbd64 (size before relaxing)
 .debug_str     0x00000000000819c4      0x3a3 ./system/src/FreeRTOS/heap_2.o
                                       0x9c9f (size before relaxing)
 .debug_str     0x0000000000081d67      0x129 ./system/src/FreeRTOS/list.o
                                       0x948a (size before relaxing)
 .debug_str     0x0000000000081e90      0x3a0 ./system/src/FreeRTOS/port.o
                                       0x6cee (size before relaxing)
 .debug_str     0x0000000000082230     0x1278 ./system/src/FreeRTOS/tasks.o
                                       0xb563 (size before relaxing)
 .debug_str     0x00000000000834a8      0x13c ./src/main.o
                                      0x7d70e (size before relaxing)
 .debug_str     0x00000000000835e4       0x1b ./src/stm32l0xx_hal_msp.o
                                      0x784fc (size before relaxing)
 .debug_str     0x00000000000835ff       0x95 ./src/stm32l0xx_it.o
                                      0x7d145 (size before relaxing)

.debug_loc
 *(.debug_loc)

.debug_macinfo
 *(.debug_macinfo)

.debug_weaknames
 *(.debug_weaknames)

.debug_funcnames
 *(.debug_funcnames)

.debug_typenames
 *(.debug_typenames)

.debug_varnames
 *(.debug_varnames)
OUTPUT(FreeRTOS-CMSIS-OS.elf elf32-littlearm)

.debug_ranges   0x0000000000000000      0xb28
 .debug_ranges  0x0000000000000000       0xd0 ./system/src/stm32l0xx/stm32l0xx_hal.o
 .debug_ranges  0x00000000000000d0       0xb8 ./system/src/stm32l0xx/stm32l0xx_hal_cortex.o
 .debug_ranges  0x0000000000000188       0x48 ./system/src/stm32l0xx/stm32l0xx_hal_gpio.o
 .debug_ranges  0x00000000000001d0       0x78 ./system/src/stm32l0xx/stm32l0xx_hal_rcc.o
 .debug_ranges  0x0000000000000248       0xa0 ./system/src/stm32l0xx/stm32l0xx_hal_rcc_ex.o
 .debug_ranges  0x00000000000002e8      0x1d8 ./system/src/stm32l0xx/stm32l0xx_hal_uart.o
 .debug_ranges  0x00000000000004c0       0x18 ./system/src/newlib/_exit.o
 .debug_ranges  0x00000000000004d8       0x10 ./system/src/newlib/_sbrk.o
 .debug_ranges  0x00000000000004e8       0x30 ./system/src/newlib/_startup.o
 .debug_ranges  0x0000000000000518       0x20 ./system/src/newlib/_syscalls.o
 .debug_ranges  0x0000000000000538       0x28 ./system/src/diag/Trace.o
 .debug_ranges  0x0000000000000560       0x18 ./system/src/diag/trace_impl.o
 .debug_ranges  0x0000000000000578       0x18 ./system/src/cortexm/_initialize_hardware.o
 .debug_ranges  0x0000000000000590       0x48 ./system/src/cortexm/exception_handlers.o
 .debug_ranges  0x00000000000005d8       0x20 ./system/src/cmsis/startup_stm32l053xx.o
 .debug_ranges  0x00000000000005f8       0x18 ./system/src/cmsis/system_stm32l0xx.o
 .debug_ranges  0x0000000000000610      0x1c8 ./system/src/FreeRTOS/cmsis_os.o
 .debug_ranges  0x00000000000007d8       0x30 ./system/src/FreeRTOS/heap_2.o
 .debug_ranges  0x0000000000000808       0x30 ./system/src/FreeRTOS/list.o
 .debug_ranges  0x0000000000000838       0x78 ./system/src/FreeRTOS/port.o
 .debug_ranges  0x00000000000008b0      0x1b8 ./system/src/FreeRTOS/tasks.o
 .debug_ranges  0x0000000000000a68       0x58 ./src/main.o
 .debug_ranges  0x0000000000000ac0       0x20 ./src/stm32l0xx_hal_msp.o
 .debug_ranges  0x0000000000000ae0       0x48 ./src/stm32l0xx_it.o

.debug_macro    0x0000000000000000    0x16d88
 .debug_macro   0x0000000000000000      0x322 ./system/src/stm32l0xx/stm32l0xx_hal.o
 .debug_macro   0x0000000000000322      0x892 ./system/src/stm32l0xx/stm32l0xx_hal.o
 .debug_macro   0x0000000000000bb4       0xac ./system/src/stm32l0xx/stm32l0xx_hal.o
 .debug_macro   0x0000000000000c60       0xa3 ./system/src/stm32l0xx/stm32l0xx_hal.o