Archive member included to satisfy reference by file (symbol)

/home/project-mar/opt/gcc-arm-none-eabi-6-2017-q1-update/bin/../lib/gcc/arm-none-eabi/6.3.1/thumb/v6-m/libgcc.a(_udivsi3.o)
                              ./system/src/stm32l0xx/stm32l0xx_hal.o (__aeabi_uidiv)
/home/project-mar/opt/gcc-arm-none-eabi-6-2017-q1-update/bin/../lib/gcc/arm-none-eabi/6.3.1/thumb/v6-m/libgcc.a(_dvmd_tls.o)
                              /home/project-mar/opt/gcc-arm-none-eabi-6-2017-q1-update/bin/../lib/gcc/arm-none-eabi/6.3.1/thumb/v6-m/libgcc.a(_udivsi3.o) (__aeabi_idiv0)
/home/project-mar/opt/gcc-arm-none-eabi-6-2017-q1-update/bin/../lib/gcc/arm-none-eabi/6.3.1/thumb/v6-m/libgcc.a(unwind-arm.o)
                              ./system/src/newlib/_cxx.o (__aeabi_unwind_cpp_pr0)
/home/project-mar/opt/gcc-arm-none-eabi-6-2017-q1-update/bin/../lib/gcc/arm-none-eabi/6.3.1/thumb/v6-m/libgcc.a(libunwind.o)
                              /home/project-mar/opt/gcc-arm-none-eabi-6-2017-q1-update/bin/../lib/gcc/arm-none-eabi/6.3.1/thumb/v6-m/libgcc.a(unwind-arm.o) (restore_core_regs)
/home/project-mar/opt/gcc-arm-none-eabi-6-2017-q1-update/bin/../lib/gcc/arm-none-eabi/6.3.1/thumb/v6-m/libgcc.a(pr-support.o)
                              /home/project-mar/opt/gcc-arm-none-eabi-6-2017-q1-update/bin/../lib/gcc/arm-none-eabi/6.3.1/thumb/v6-m/libgcc.a(unwind-arm.o) (__gnu_unwind_execute)
/home/project-mar/opt/gcc-arm-none-eabi-6-2017-q1-update/bin/../lib/gcc/arm-none-eabi/6.3.1/../../../../arm-none-eabi/lib/thumb/v6-m/libg.a(lib_a-errno.o)
                              ./system/src/newlib/_sbrk.o (__errno)
/home/project-mar/opt/gcc-arm-none-eabi-6-2017-q1-update/bin/../lib/gcc/arm-none-eabi/6.3.1/../../../../arm-none-eabi/lib/thumb/v6-m/libg.a(lib_a-impure.o)
                              /home/project-mar/opt/gcc-arm-none-eabi-6-2017-q1-update/bin/../lib/gcc/arm-none-eabi/6.3.1/../../../../arm-none-eabi/lib/thumb/v6-m/libg.a(lib_a-errno.o) (_impure_ptr)
/home/project-mar/opt/gcc-arm-none-eabi-6-2017-q1-update/bin/../lib/gcc/arm-none-eabi/6.3.1/../../../../arm-none-eabi/lib/thumb/v6-m/libg.a(lib_a-init.o)
                              ./system/src/cmsis/startup_stm32l053xx.o (__libc_init_array)
/home/project-mar/opt/gcc-arm-none-eabi-6-2017-q1-update/bin/../lib/gcc/arm-none-eabi/6.3.1/../../../../arm-none-eabi/lib/thumb/v6-m/libg.a(lib_a-memcpy-stub.o)
                              ./system/src/FreeRTOS/queue.o (memcpy)
/home/project-mar/opt/gcc-arm-none-eabi-6-2017-q1-update/bin/../lib/gcc/arm-none-eabi/6.3.1/../../../../arm-none-eabi/lib/thumb/v6-m/libg.a(lib_a-memset.o)
                              ./system/src/stm32l0xx/stm32l0xx_hal_rcc.o (memset)
/home/project-mar/opt/gcc-arm-none-eabi-6-2017-q1-update/bin/../lib/gcc/arm-none-eabi/6.3.1/../../../../arm-none-eabi/lib/thumb/v6-m/libg.a(lib_a-strlen-stub.o)
                              ./system/src/diag/Trace.o (strlen)
/home/project-mar/opt/gcc-arm-none-eabi-6-2017-q1-update/bin/../lib/gcc/arm-none-eabi/6.3.1/../../../../arm-none-eabi/lib/thumb/v6-m/libg.a(lib_a-vsnprintf.o)
                              ./system/src/diag/Trace.o (vsnprintf)
/home/project-mar/opt/gcc-arm-none-eabi-6-2017-q1-update/bin/../lib/gcc/arm-none-eabi/6.3.1/../../../../arm-none-eabi/lib/thumb/v6-m/libg.a(lib_a-svfprintf.o)
                              /home/project-mar/opt/gcc-arm-none-eabi-6-2017-q1-update/bin/../lib/gcc/arm-none-eabi/6.3.1/../../../../arm-none-eabi/lib/thumb/v6-m/libg.a(lib_a-vsnprintf.o) (_svfprintf_r)
/home/project-mar/opt/gcc-arm-none-eabi-6-2017-q1-update/bin/../lib/gcc/arm-none-eabi/6.3.1/../../../../arm-none-eabi/lib/thumb/v6-m/libg.a(lib_a-dtoa.o)
                              /home/project-mar/opt/gcc-arm-none-eabi-6-2017-q1-update/bin/../lib/gcc/arm-none-eabi/6.3.1/../../../../arm-none-eabi/lib/thumb/v6-m/libg.a(lib_a-svfprintf.o) (_dtoa_r)
/home/project-mar/opt/gcc-arm-none-eabi-6-2017-q1-update/bin/../lib/gcc/arm-none-eabi/6.3.1/../../../../arm-none-eabi/lib/thumb/v6-m/libg.a(lib_a-localeconv.o)
                              /home/project-mar/opt/gcc-arm-none-eabi-6-2017-q1-update/bin/../lib/gcc/arm-none-eabi/6.3.1/../../../../arm-none-eabi/lib/thumb/v6-m/libg.a(lib_a-svfprintf.o) (_localeconv_r)
/home/project-mar/opt/gcc-arm-none-eabi-6-2017-q1-update/bin/../lib/gcc/arm-none-eabi/6.3.1/../../../../arm-none-eabi/lib/thumb/v6-m/libg.a(lib_a-mallocr.o)
                              /home/project-mar/opt/gcc-arm-none-eabi-6-2017-q1-update/bin/../lib/gcc/arm-none-eabi/6.3.1/../../../../arm-none-eabi/lib/thumb/v6-m/libg.a(lib_a-svfprintf.o) (_malloc_r)
/home/project-mar/opt/gcc-arm-none-eabi-6-2017-q1-update/bin/../lib/gcc/arm-none-eabi/6.3.1/../../../../arm-none-eabi/lib/thumb/v6-m/libg.a(lib_a-memchr-stub.o)
                              /home/project-mar/opt/gcc-arm-none-eabi-6-2017-q1-update/bin/../lib/gcc/arm-none-eabi/6.3.1/../../../../arm-none-eabi/lib/thumb/v6-m/libg.a(lib_a-svfprintf.o) (memchr)
[...]
Memory Configuration

Name             Origin             Length             Attributes
FLASH            0x0000000008000000 0x0000000000010000 xr
RAM              0x0000000020000000 0x0000000000002000 xrw
CCMRAM           0x0000000010000000 0x0000000000000000 xrw
FLASHB1          0x0000000000000000 0x0000000000000000 xr
EXTMEMB0         0x0000000000000000 0x0000000000000000 xr
EXTMEMB1         0x0000000000000000 0x0000000000000000 xr
EXTMEMB2         0x0000000000000000 0x0000000000000000 xr
EXTMEMB3         0x0000000000000000 0x0000000000000000 xr
*default*        0x0000000000000000 0xffffffffffffffff

Linker script and memory map

LOAD ./system/src/stm32l0xx/stm32l0xx_hal.o
LOAD ./system/src/stm32l0xx/stm32l0xx_hal_adc.o
LOAD ./system/src/stm32l0xx/stm32l0xx_hal_adc_ex.o
LOAD ./system/src/stm32l0xx/stm32l0xx_hal_comp.o
LOAD ./system/src/stm32l0xx/stm32l0xx_hal_comp_ex.o
LOAD ./system/src/stm32l0xx/stm32l0xx_hal_cortex.o
LOAD ./system/src/stm32l0xx/stm32l0xx_hal_crc.o
LOAD ./system/src/stm32l0xx/stm32l0xx_hal_crc_ex.o
LOAD ./system/src/stm32l0xx/stm32l0xx_hal_cryp.o
LOAD ./system/src/stm32l0xx/stm32l0xx_hal_cryp_ex.o
LOAD ./system/src/stm32l0xx/stm32l0xx_hal_dac.o
LOAD ./system/src/stm32l0xx/stm32l0xx_hal_dac_ex.o
LOAD ./system/src/stm32l0xx/stm32l0xx_hal_dma.o
LOAD ./system/src/stm32l0xx/stm32l0xx_hal_firewall.o
LOAD ./system/src/stm32l0xx/stm32l0xx_hal_flash.o
LOAD ./system/src/stm32l0xx/stm32l0xx_hal_flash_ex.o
LOAD ./system/src/stm32l0xx/stm32l0xx_hal_flash_ramfunc.o
LOAD ./system/src/stm32l0xx/stm32l0xx_hal_gpio.o
LOAD ./system/src/stm32l0xx/stm32l0xx_hal_i2c.o
LOAD ./system/src/stm32l0xx/stm32l0xx_hal_i2c_ex.o
LOAD ./system/src/stm32l0xx/stm32l0xx_hal_i2s.o
LOAD ./system/src/stm32l0xx/stm32l0xx_hal_irda.o
LOAD ./system/src/stm32l0xx/stm32l0xx_hal_iwdg.o
LOAD ./system/src/stm32l0xx/stm32l0xx_hal_lcd.o
LOAD ./system/src/stm32l0xx/stm32l0xx_hal_lptim.o
LOAD ./system/src/stm32l0xx/stm32l0xx_hal_pcd.o
LOAD ./system/src/stm32l0xx/stm32l0xx_hal_pcd_ex.o
LOAD ./system/src/stm32l0xx/stm32l0xx_hal_pwr.o
LOAD ./system/src/stm32l0xx/stm32l0xx_hal_pwr_ex.o
LOAD ./system/src/stm32l0xx/stm32l0xx_hal_rcc.o
LOAD ./system/src/stm32l0xx/stm32l0xx_hal_rcc_ex.o
LOAD ./system/src/stm32l0xx/stm32l0xx_hal_rng.o
LOAD ./system/src/stm32l0xx/stm32l0xx_hal_rtc.o
LOAD ./system/src/stm32l0xx/stm32l0xx_hal_rtc_ex.o
LOAD ./system/src/stm32l0xx/stm32l0xx_hal_smartcard.o
LOAD ./system/src/stm32l0xx/stm32l0xx_hal_smartcard_ex.o
LOAD ./system/src/stm32l0xx/stm32l0xx_hal_smbus.o
LOAD ./system/src/stm32l0xx/stm32l0xx_hal_spi.o
LOAD ./system/src/stm32l0xx/stm32l0xx_hal_tim.o
LOAD ./system/src/stm32l0xx/stm32l0xx_hal_tim_ex.o
LOAD ./system/src/stm32l0xx/stm32l0xx_hal_tsc.o
LOAD ./system/src/stm32l0xx/stm32l0xx_hal_uart.o
LOAD ./system/src/stm32l0xx/stm32l0xx_hal_uart_ex.o
LOAD ./system/src/stm32l0xx/stm32l0xx_hal_usart.o
LOAD ./system/src/stm32l0xx/stm32l0xx_hal_wwdg.o
LOAD ./system/src/stm32l0xx/stm32l0xx_ll_adc.o
LOAD ./system/src/stm32l0xx/stm32l0xx_ll_comp.o
LOAD ./system/src/stm32l0xx/stm32l0xx_ll_crc.o
LOAD ./system/src/stm32l0xx/stm32l0xx_ll_crs.o
LOAD ./system/src/stm32l0xx/stm32l0xx_ll_dac.o
LOAD ./system/src/stm32l0xx/stm32l0xx_ll_dma.o
LOAD ./system/src/stm32l0xx/stm32l0xx_ll_exti.o
LOAD ./system/src/stm32l0xx/stm32l0xx_ll_gpio.o
LOAD ./system/src/stm32l0xx/stm32l0xx_ll_i2c.o
LOAD ./system/src/stm32l0xx/stm32l0xx_ll_lptim.o
LOAD ./system/src/stm32l0xx/stm32l0xx_ll_lpuart.o
LOAD ./system/src/stm32l0xx/stm32l0xx_ll_pwr.o
LOAD ./system/src/stm32l0xx/stm32l0xx_ll_rcc.o
LOAD ./system/src/stm32l0xx/stm32l0xx_ll_rng.o
LOAD ./system/src/stm32l0xx/stm32l0xx_ll_rtc.o
LOAD ./system/src/stm32l0xx/stm32l0xx_ll_spi.o
LOAD ./system/src/stm32l0xx/stm32l0xx_ll_tim.o
LOAD ./system/src/stm32l0xx/stm32l0xx_ll_usart.o
LOAD ./system/src/stm32l0xx/stm32l0xx_ll_utils.o
LOAD ./system/src/newlib/_cxx.o
LOAD ./system/src/newlib/_exit.o
LOAD ./system/src/newlib/_sbrk.o
LOAD ./system/src/newlib/_startup.o
LOAD ./system/src/newlib/_syscalls.o
LOAD ./system/src/newlib/assert.o
LOAD ./system/src/diag/Trace.o
LOAD ./system/src/diag/trace_impl.o
LOAD ./system/src/cortexm/_initialize_hardware.o
LOAD ./system/src/cortexm/_reset_hardware.o
LOAD ./system/src/cortexm/exception_handlers.o
LOAD ./system/src/cmsis/startup_stm32l053xx.o
LOAD ./system/src/cmsis/system_stm32l0xx.o
LOAD ./system/src/FreeRTOS/cmsis_os.o
LOAD ./system/src/FreeRTOS/croutine.o
LOAD ./system/src/FreeRTOS/event_groups.o
LOAD ./system/src/FreeRTOS/heap_2.o
LOAD ./system/src/FreeRTOS/list.o
LOAD ./system/src/FreeRTOS/port.o
LOAD ./system/src/FreeRTOS/queue.o
LOAD ./system/src/FreeRTOS/tasks.o
LOAD ./system/src/FreeRTOS/timers.o
LOAD ./src/freertos.o
LOAD ./src/main.o
LOAD ./src/stm32l0xx_hal_msp.o
LOAD ./src/stm32l0xx_it.o
LOAD /home/project-mar/opt/gcc-arm-none-eabi-6-2017-q1-update/bin/../lib/gcc/arm-none-eabi/6.3.1/../../../../arm-none-eabi/lib/thumb/v6-m/libstdc++.a
LOAD /home/project-mar/opt/gcc-arm-none-eabi-6-2017-q1-update/bin/../lib/gcc/arm-none-eabi/6.3.1/../../../../arm-none-eabi/lib/thumb/v6-m/libm.a
START GROUP
LOAD /home/project-mar/opt/gcc-arm-none-eabi-6-2017-q1-update/bin/../lib/gcc/arm-none-eabi/6.3.1/thumb/v6-m/libgcc.a
LOAD /home/project-mar/opt/gcc-arm-none-eabi-6-2017-q1-update/bin/../lib/gcc/arm-none-eabi/6.3.1/../../../../arm-none-eabi/lib/thumb/v6-m/libg.a
LOAD /home/project-mar/opt/gcc-arm-none-eabi-6-2017-q1-update/bin/../lib/gcc/arm-none-eabi/6.3.1/../../../../arm-none-eabi/lib/thumb/v6-m/libc.a
END GROUP
                0x0000000020002000                __stack = (ORIGIN (RAM) + LENGTH (RAM))
                0x0000000020002000                _estack = __stack
                0x0000000000000400                __Main_Stack_Size = 0x400
                [!provide]                        PROVIDE (_Main_Stack_Size, __Main_Stack_Size)
                0x0000000020001c00                __Main_Stack_Limit = (__stack - __Main_Stack_Size)
                [!provide]                        PROVIDE (_Main_Stack_Limit, __Main_Stack_Limit)
                0x0000000000000100                _Minimum_Stack_Size = 0x100
                0x0000000020001804                PROVIDE (_Heap_Begin, _end_noinit)
                0x0000000020001c00                PROVIDE (_Heap_Limit, (__stack - __Main_Stack_Size))

.isr_vector     0x0000000008000000      0x2ac
 FILL mask 0xff
                0x0000000008000000                __vectors_start = ABSOLUTE (.)
                0x0000000008000000                __vectors_start__ = ABSOLUTE (.)
 *(.isr_vector)
 .isr_vector    0x0000000008000000       0xc0 ./system/src/cmsis/startup_stm32l053xx.o
                0x0000000008000000                g_pfnVectors
 *(.cfmconfig)
 *(.after_vectors .after_vectors.*)
 .after_vectors
                0x00000000080000c0      0x17c ./system/src/newlib/_startup.o
                0x00000000080000c0                _start
 .after_vectors
                0x000000000800023c       0x70 ./system/src/cortexm/exception_handlers.o
                0x000000000800023c                Reset_Handler
                0x0000000008000244                NMI_Handler
                0x000000000800024c                HardFault_Handler
                0x0000000008000266                HardFault_Handler_C

.inits          0x00000000080002ac       0x28
                0x00000000080002ac                __data_regions_array_start = .
                0x00000000080002ac        0x4 LONG 0x8008dc8 LOADADDR (.data)
                0x00000000080002b0        0x4 LONG 0x20000000 ADDR (.data)
                0x00000000080002b4        0x4 LONG 0x200009c8 (ADDR (.data) + SIZEOF (.data))
                0x00000000080002b8        0x4 LONG 0x8008dc8 LOADADDR (.data_CCMRAM)
                0x00000000080002bc        0x4 LONG 0x10000000 ADDR (.data_CCMRAM)
                0x00000000080002c0        0x4 LONG 0x10000000 (ADDR (.data_CCMRAM) + SIZEOF (.data_CCMRAM))
                0x00000000080002c4                __data_regions_array_end = .
                0x00000000080002c4                __bss_regions_array_start = .
                0x00000000080002c4        0x4 LONG 0x200009c8 ADDR (.bss)
                0x00000000080002c8        0x4 LONG 0x20001804 (ADDR (.bss) + SIZEOF (.bss))
                0x00000000080002cc        0x4 LONG 0x10000000 ADDR (.bss_CCMRAM)
                0x00000000080002d0        0x4 LONG 0x10000000 (ADDR (.bss_CCMRAM) + SIZEOF (.bss_CCMRAM))
                0x00000000080002d4                __bss_regions_array_end = .
 *(.init)
 *(.fini)
                0x00000000080002d4                . = ALIGN (0x4)
                0x00000000080002d4                PROVIDE (__preinit_array_start, .)
 *(.preinit_array_sysinit .preinit_array_sysinit.*)
 *(.preinit_array_platform .preinit_array_platform.*)
 *(.preinit_array .preinit_array.*)
                0x00000000080002d4                PROVIDE (__preinit_array_end, .)
                0x00000000080002d4                . = ALIGN (0x4)
                0x00000000080002d4                PROVIDE (__init_array_start, .)
 *(SORT(.init_array.*))
 *(.init_array)
                0x00000000080002d4                PROVIDE (__init_array_end, .)
                0x00000000080002d4                . = ALIGN (0x4)
                0x00000000080002d4                PROVIDE (__fini_array_start, .)
 *(SORT(.fini_array.*))
 *(.fini_array)
                0x00000000080002d4                PROVIDE (__fini_array_end, .)

.flashtext
 *(.flashtext .flashtext.*)

.text           0x00000000080002e0     0x8ae0
 *(.text .text.*)
 .text.HAL_Init
                0x00000000080002e0       0x28 ./system/src/stm32l0xx/stm32l0xx_hal.o
                0x00000000080002e0                HAL_Init
 .text.HAL_InitTick
                0x0000000008000308       0x3c ./system/src/stm32l0xx/stm32l0xx_hal.o
                0x0000000008000308                HAL_InitTick
 .text.HAL_IncTick
                0x0000000008000344       0x18 ./system/src/stm32l0xx/stm32l0xx_hal.o
                0x0000000008000344                HAL_IncTick
 .text.HAL_GetTick
                0x000000000800035c       0x14 ./system/src/stm32l0xx/stm32l0xx_hal.o
                0x000000000800035c                HAL_GetTick
 .text.NVIC_SetPriority
                0x0000000008000370       0xdc ./system/src/stm32l0xx/stm32l0xx_hal_cortex.o
 .text.SysTick_Config
                0x000000000800044c       0x48 ./system/src/stm32l0xx/stm32l0xx_hal_cortex.o
 .text.HAL_NVIC_SetPriority
                0x0000000008000494       0x2c ./system/src/stm32l0xx/stm32l0xx_hal_cortex.o
                0x0000000008000494                HAL_NVIC_SetPriority
 .text.HAL_SYSTICK_Config
                0x00000000080004c0       0x1a ./system/src/stm32l0xx/stm32l0xx_hal_cortex.o
                0x00000000080004c0                HAL_SYSTICK_Config
 *fill*         0x00000000080004da        0x2 
 .text.HAL_SYSTICK_CLKSourceConfig
                0x00000000080004dc       0x34 ./system/src/stm32l0xx/stm32l0xx_hal_cortex.o
                0x00000000080004dc                HAL_SYSTICK_CLKSourceConfig
 .text.HAL_GPIO_Init
                0x0000000008000510      0x2ec ./system/src/stm32l0xx/stm32l0xx_hal_gpio.o
                0x0000000008000510                HAL_GPIO_Init
 .text.HAL_GPIO_WritePin
                0x00000000080007fc       0x3a ./system/src/stm32l0xx/stm32l0xx_hal_gpio.o
                0x00000000080007fc                HAL_GPIO_WritePin
 .text.HAL_GPIO_TogglePin
                0x0000000008000836       0x24 ./system/src/stm32l0xx/stm32l0xx_hal_gpio.o
                0x0000000008000836                HAL_GPIO_TogglePin
 *fill*         0x000000000800085a        0x2 
 .text.HAL_RCC_OscConfig
                0x000000000800085c      0x744 ./system/src/stm32l0xx/stm32l0xx_hal_rcc.o
                0x000000000800085c                HAL_RCC_OscConfig
 .text.HAL_RCC_ClockConfig
                0x0000000008000fa0      0x234 ./system/src/stm32l0xx/stm32l0xx_hal_rcc.o
                0x0000000008000fa0                HAL_RCC_ClockConfig
 .text.HAL_RCC_GetSysClockFreq
                0x00000000080011d4       0xfc ./system/src/stm32l0xx/stm32l0xx_hal_rcc.o
                0x00000000080011d4                HAL_RCC_GetSysClockFreq
 .text.HAL_RCC_GetHCLKFreq
                0x00000000080012d0       0x14 ./system/src/stm32l0xx/stm32l0xx_hal_rcc.o
                0x00000000080012d0                HAL_RCC_GetHCLKFreq
 .text.RCC_SetFlashLatencyFromMSIRange
                0x00000000080012e4       0xb0 ./system/src/stm32l0xx/stm32l0xx_hal_rcc.o
 .text._exit    0x0000000008001394        0xa ./system/src/newlib/_exit.o
                0x0000000008001394                _exit
 *fill*         0x000000000800139e        0x2 
 .text._sbrk    0x00000000080013a0       0x68 ./system/src/newlib/_sbrk.o
                0x00000000080013a0                _sbrk
 .text.__initialize_args
                0x0000000008001408       0x24 ./system/src/newlib/_syscalls.o
                0x0000000008001408                __initialize_args
 .text.trace_printf
                0x000000000800142c       0x48 ./system/src/diag/Trace.o
                0x000000000800142c                trace_printf
 .text.trace_write
                0x0000000008001474       0x16 ./system/src/diag/trace_impl.o
                0x0000000008001474                trace_write
 .text.__initialize_hardware_early
                0x000000000800148a        0xe ./system/src/cortexm/_initialize_hardware.o
                0x000000000800148a                __initialize_hardware_early
 .text.__initialize_hardware
                0x0000000008001498        0xe ./system/src/cortexm/_initialize_hardware.o
                0x0000000008001498                __initialize_hardware
 *fill*         0x00000000080014a6        0x2 
 .text.dumpExceptionStack
                0x00000000080014a8       0xcc ./system/src/cortexm/exception_handlers.o
                0x00000000080014a8                dumpExceptionStack
 .text.Default_Handler
                0x0000000008001574        0x2 ./system/src/cmsis/startup_stm32l053xx.o
                0x0000000008001574                TSC_IRQHandler
                0x0000000008001574                ADC1_COMP_IRQHandler
                0x0000000008001574                PVD_IRQHandler
                0x0000000008001574                I2C1_IRQHandler
                0x0000000008001574                RCC_CRS_IRQHandler
                0x0000000008001574                SPI1_IRQHandler
                0x0000000008001574                TIM6_DAC_IRQHandler
                0x0000000008001574                EXTI2_3_IRQHandler
                0x0000000008001574                I2C2_IRQHandler
                0x0000000008001574                RTC_IRQHandler
                0x0000000008001574                LCD_IRQHandler
                0x0000000008001574                DMA1_Channel4_5_6_7_IRQHandler
                0x0000000008001574                EXTI4_15_IRQHandler
                0x0000000008001574                DMA1_Channel1_IRQHandler
                0x0000000008001574                Default_Handler
                0x0000000008001574                TIM22_IRQHandler
                0x0000000008001574                EXTI0_1_IRQHandler
                0x0000000008001574                USB_IRQHandler
                0x0000000008001574                SPI2_IRQHandler
                0x0000000008001574                TIM21_IRQHandler
                0x0000000008001574                WWDG_IRQHandler
                0x0000000008001574                TIM2_IRQHandler
                0x0000000008001574                DMA1_Channel2_3_IRQHandler
                0x0000000008001574                USART2_IRQHandler
                0x0000000008001574                FLASH_IRQHandler
                0x0000000008001574                USART1_IRQHandler
                0x0000000008001574                RNG_LPUART1_IRQHandler
                0x0000000008001574                LPTIM1_IRQHandler
 *fill*         0x0000000008001576        0x2 
 .text.SystemInit
                0x0000000008001578       0x7c ./system/src/cmsis/system_stm32l0xx.o
                0x0000000008001578                SystemInit
 .text.SystemCoreClockUpdate
                0x00000000080015f4      0x12c ./system/src/cmsis/system_stm32l0xx.o
                0x00000000080015f4                SystemCoreClockUpdate
 .text.makeFreeRtosPriority
                0x0000000008001720       0x32 ./system/src/FreeRTOS/cmsis_os.o
 .text.osKernelStart
                0x0000000008001752       0x10 ./system/src/FreeRTOS/cmsis_os.o
                0x0000000008001752                osKernelStart
 .text.osThreadCreate
                0x0000000008001762       0x50 ./system/src/FreeRTOS/cmsis_os.o
                0x0000000008001762                osThreadCreate
 .text.osDelay  0x00000000080017b2       0x28 ./system/src/FreeRTOS/cmsis_os.o
                0x00000000080017b2                osDelay
 .text.osSystickHandler
                0x00000000080017da       0x18 ./system/src/FreeRTOS/cmsis_os.o
                0x00000000080017da                osSystickHandler
 *fill*         0x00000000080017f2        0x2 
 .text.pvPortMalloc
                0x00000000080017f4      0x11c ./system/src/FreeRTOS/heap_2.o
                0x00000000080017f4                pvPortMalloc
 .text.vPortFree
                0x0000000008001910       0x74 ./system/src/FreeRTOS/heap_2.o
                0x0000000008001910                vPortFree
 .text.prvHeapInit
                0x0000000008001984       0x50 ./system/src/FreeRTOS/heap_2.o
 .text.vListInitialise
                0x00000000080019d4       0x3c ./system/src/FreeRTOS/list.o
                0x00000000080019d4                vListInitialise
 .text.vListInitialiseItem
                0x0000000008001a10       0x16 ./system/src/FreeRTOS/list.o
                0x0000000008001a10                vListInitialiseItem
 .text.vListInsertEnd
                0x0000000008001a26       0x44 ./system/src/FreeRTOS/list.o
                0x0000000008001a26                vListInsertEnd
 .text.vListInsert
                0x0000000008001a6a       0x6c ./system/src/FreeRTOS/list.o
                0x0000000008001a6a                vListInsert
 .text.uxListRemove
                0x0000000008001ad6       0x50 ./system/src/FreeRTOS/list.o
                0x0000000008001ad6                uxListRemove
 *fill*         0x0000000008001b26        0x2 
 .text.pxPortInitialiseStack
                0x0000000008001b28       0x54 ./system/src/FreeRTOS/port.o
                0x0000000008001b28                pxPortInitialiseStack
 .text.prvTaskExitError
                0x0000000008001b7c       0x18 ./system/src/FreeRTOS/port.o
 .text.SVC_Handler
                0x0000000008001b94        0xa ./system/src/FreeRTOS/port.o
                0x0000000008001b94                SVC_Handler
 *fill*         0x0000000008001b9e        0x2 
 .text.vPortStartFirstTask
                0x0000000008001ba0       0x38 ./system/src/FreeRTOS/port.o
 .text.xPortStartScheduler
                0x0000000008001bd8       0x44 ./system/src/FreeRTOS/port.o
                0x0000000008001bd8                xPortStartScheduler
 .text.vPortYield
                0x0000000008001c1c       0x20 ./system/src/FreeRTOS/port.o
                0x0000000008001c1c                vPortYield
 .text.vPortEnterCritical
                0x0000000008001c3c       0x24 ./system/src/FreeRTOS/port.o
                0x0000000008001c3c                vPortEnterCritical
 .text.vPortExitCritical
                0x0000000008001c60       0x30 ./system/src/FreeRTOS/port.o
                0x0000000008001c60                vPortExitCritical
 .text.ulSetInterruptMaskFromISR
                0x0000000008001c90        0xc ./system/src/FreeRTOS/port.o
                0x0000000008001c90                ulSetInterruptMaskFromISR
 .text.vClearInterruptMaskFromISR
                0x0000000008001c9c        0x8 ./system/src/FreeRTOS/port.o
                0x0000000008001c9c                vClearInterruptMaskFromISR
 *fill*         0x0000000008001ca4        0xc 
 .text.PendSV_Handler
                0x0000000008001cb0       0x48 ./system/src/FreeRTOS/port.o
                0x0000000008001cb0                PendSV_Handler
 .text.xPortSysTickHandler
                0x0000000008001cf8       0x34 ./system/src/FreeRTOS/port.o
                0x0000000008001cf8                xPortSysTickHandler
 .text.prvSetupTimerInterrupt
                0x0000000008001d2c       0x34 ./system/src/FreeRTOS/port.o
 .text.xTaskCreate
                0x0000000008001d60       0x90 ./system/src/FreeRTOS/tasks.o
                0x0000000008001d60                xTaskCreate
 .text.prvInitialiseNewTask
                0x0000000008001df0      0x108 ./system/src/FreeRTOS/tasks.o
 .text.prvAddNewTaskToReadyList
                0x0000000008001ef8       0xd0 ./system/src/FreeRTOS/tasks.o
 .text.vTaskDelay
                0x0000000008001fc8       0x4c ./system/src/FreeRTOS/tasks.o
                0x0000000008001fc8                vTaskDelay
 .text.vTaskStartScheduler
                0x0000000008002014       0x6c ./system/src/FreeRTOS/tasks.o
                0x0000000008002014                vTaskStartScheduler
 .text.vTaskSuspendAll
                0x0000000008002080       0x18 ./system/src/FreeRTOS/tasks.o
                0x0000000008002080                vTaskSuspendAll
 .text.xTaskResumeAll
                0x0000000008002098      0x118 ./system/src/FreeRTOS/tasks.o
                0x0000000008002098                xTaskResumeAll
 .text.xTaskIncrementTick
                0x00000000080021b0      0x168 ./system/src/FreeRTOS/tasks.o
                0x00000000080021b0                xTaskIncrementTick
 .text.vTaskSwitchContext
                0x0000000008002318       0xa4 ./system/src/FreeRTOS/tasks.o
                0x0000000008002318                vTaskSwitchContext
 .text.prvIdleTask
                0x00000000080023bc       0x20 ./system/src/FreeRTOS/tasks.o
 .text.prvInitialiseTaskLists
                0x00000000080023dc       0x88 ./system/src/FreeRTOS/tasks.o
 .text.prvCheckTasksWaitingTermination
                0x0000000008002464       0x74 ./system/src/FreeRTOS/tasks.o
 .text.prvDeleteTCB
                0x00000000080024d8       0x22 ./system/src/FreeRTOS/tasks.o
 *fill*         0x00000000080024fa        0x2 
 .text.prvResetNextTaskUnblockTime
                0x00000000080024fc       0x48 ./system/src/FreeRTOS/tasks.o
 .text.xTaskGetSchedulerState
                0x0000000008002544       0x38 ./system/src/FreeRTOS/tasks.o
                0x0000000008002544                xTaskGetSchedulerState
 .text.prvAddCurrentTaskToDelayedList
                0x000000000800257c       0xa8 ./system/src/FreeRTOS/tasks.o
 .text.main     0x0000000008002624       0x8c ./src/main.o
                0x0000000008002624                main
 .text.SystemClock_Config
                0x00000000080026b0       0xc0 ./src/main.o
                0x00000000080026b0                SystemClock_Config
 .text.MX_GPIO_Init
                0x0000000008002770      0x100 ./src/main.o
 .text.StartDefaultTask
                0x0000000008002870       0x20 ./src/main.o
                0x0000000008002870                StartDefaultTask
 .text.StartTASK1
                0x0000000008002890       0x20 ./src/main.o
                0x0000000008002890                StartTASK1
 .text.StartTASK2
                0x00000000080028b0       0x24 ./src/main.o
                0x00000000080028b0                StartTASK2
 .text.Error_Handler
                0x00000000080028d4        0x6 ./src/main.o
                0x00000000080028d4                Error_Handler
 *fill*         0x00000000080028da        0x2 
 .text.HAL_MspInit
                0x00000000080028dc       0x54 ./src/stm32l0xx_hal_msp.o
                0x00000000080028dc                HAL_MspInit
 .text.SysTick_Handler
                0x0000000008002930       0x12 ./src/stm32l0xx_it.o
                0x0000000008002930                SysTick_Handler
 *fill*         0x0000000008002942        0x2 
 .text          0x0000000008002944      0x114 /home/project-mar/opt/gcc-arm-none-eabi-6-2017-q1-update/bin/../lib/gcc/arm-none-eabi/6.3.1/thumb/v6-m/libgcc.a(_udivsi3.o)
                0x0000000008002944                __udivsi3
                0x0000000008002944                __aeabi_uidiv
                0x0000000008002a50                __aeabi_uidivmod
 .text          0x0000000008002a58        0x4 /home/project-mar/opt/gcc-arm-none-eabi-6-2017-q1-update/bin/../lib/gcc/arm-none-eabi/6.3.1/thumb/v6-m/libgcc.a(_dvmd_tls.o)
                0x0000000008002a58                __aeabi_ldiv0
                0x0000000008002a58                __aeabi_idiv0
 .text.__errno  0x0000000008002a5c        0xc /home/project-mar/opt/gcc-arm-none-eabi-6-2017-q1-update/bin/../lib/gcc/arm-none-eabi/6.3.1/../../../../arm-none-eabi/lib/thumb/v6-m/libg.a(lib_a-errno.o)
                0x0000000008002a5c                __errno
 .text.memcpy   0x0000000008002a68       0x84 /home/project-mar/opt/gcc-arm-none-eabi-6-2017-q1-update/bin/../lib/gcc/arm-none-eabi/6.3.1/../../../../arm-none-eabi/lib/thumb/v6-m/libg.a(lib_a-memcpy-stub.o)
                0x0000000008002a68                memcpy
 .text.memset   0x0000000008002aec       0x94 /home/project-mar/opt/gcc-arm-none-eabi-6-2017-q1-update/bin/../lib/gcc/arm-none-eabi/6.3.1/../../../../arm-none-eabi/lib/thumb/v6-m/libg.a(lib_a-memset.o)
                0x0000000008002aec                memset
 .text.strlen   0x0000000008002b80       0x64 /home/project-mar/opt/gcc-arm-none-eabi-6-2017-q1-update/bin/../lib/gcc/arm-none-eabi/6.3.1/../../../../arm-none-eabi/lib/thumb/v6-m/libg.a(lib_a-strlen-stub.o)
                0x0000000008002b80                strlen
 .text._vsnprintf_r
                0x0000000008002be4       0x74 /home/project-mar/opt/gcc-arm-none-eabi-6-2017-q1-update/bin/../lib/gcc/arm-none-eabi/6.3.1/../../../../arm-none-eabi/lib/thumb/v6-m/libg.a(lib_a-vsnprintf.o)
                0x0000000008002be4                _vsnprintf_r
 .text.vsnprintf
                0x0000000008002c58       0x20 /home/project-mar/opt/gcc-arm-none-eabi-6-2017-q1-update/bin/../lib/gcc/arm-none-eabi/6.3.1/../../../../arm-none-eabi/lib/thumb/v6-m/libg.a(lib_a-vsnprintf.o)
                0x0000000008002c58                vsnprintf
 .text._svfprintf_r
                0x0000000008002c78     0x15fc /home/project-mar/opt/gcc-arm-none-eabi-6-2017-q1-update/bin/../lib/gcc/arm-none-eabi/6.3.1/../../../../arm-none-eabi/lib/thumb/v6-m/libg.a(lib_a-svfprintf.o)
                0x0000000008002c78                _svfprintf_r
 .text.quorem   0x0000000008004274      0x154 /home/project-mar/opt/gcc-arm-none-eabi-6-2017-q1-update/bin/../lib/gcc/arm-none-eabi/6.3.1/../../../../arm-none-eabi/lib/thumb/v6-m/libg.a(lib_a-dtoa.o)
 .text._dtoa_r  0x00000000080043c8      0xf88 /home/project-mar/opt/gcc-arm-none-eabi-6-2017-q1-update/bin/../lib/gcc/arm-none-eabi/6.3.1/../../../../arm-none-eabi/lib/thumb/v6-m/libg.a(lib_a-dtoa.o)
                0x00000000080043c8                _dtoa_r
 .text._localeconv_r
                0x0000000008005350       0x1c /home/project-mar/opt/gcc-arm-none-eabi-6-2017-q1-update/bin/../lib/gcc/arm-none-eabi/6.3.1/../../../../arm-none-eabi/lib/thumb/v6-m/libg.a(lib_a-localeconv.o)
                0x0000000008005350                _localeconv_r
 .text._malloc_r
                0x000000000800536c      0x568 /home/project-mar/opt/gcc-arm-none-eabi-6-2017-q1-update/bin/../lib/gcc/arm-none-eabi/6.3.1/../../../../arm-none-eabi/lib/thumb/v6-m/libg.a(lib_a-mallocr.o)
                0x000000000800536c                _malloc_r
 .text.memchr   0x00000000080058d4       0x80 /home/project-mar/opt/gcc-arm-none-eabi-6-2017-q1-update/bin/../lib/gcc/arm-none-eabi/6.3.1/../../../../arm-none-eabi/lib/thumb/v6-m/libg.a(lib_a-memchr-stub.o)
                0x00000000080058d4                memchr
 .text.__malloc_lock
                0x0000000008005954       0x10 /home/project-mar/opt/gcc-arm-none-eabi-6-2017-q1-update/bin/../lib/gcc/arm-none-eabi/6.3.1/../../../../arm-none-eabi/lib/thumb/v6-m/libg.a(lib_a-mlock.o)
                0x0000000008005954                __malloc_lock
 .text.__malloc_unlock
                0x0000000008005964       0x10 /home/project-mar/opt/gcc-arm-none-eabi-6-2017-q1-update/bin/../lib/gcc/arm-none-eabi/6.3.1/../../../../arm-none-eabi/lib/thumb/v6-m/libg.a(lib_a-mlock.o)
                0x0000000008005964                __malloc_unlock
 .text._Balloc  0x0000000008005974       0x50 /home/project-mar/opt/gcc-arm-none-eabi-6-2017-q1-update/bin/../lib/gcc/arm-none-eabi/6.3.1/../../../../arm-none-eabi/lib/thumb/v6-m/libg.a(lib_a-mprec.o)
                0x0000000008005974                _Balloc
 .text._Bfree   0x00000000080059c4       0x14 /home/project-mar/opt/gcc-arm-none-eabi-6-2017-q1-update/bin/../lib/gcc/arm-none-eabi/6.3.1/../../../../arm-none-eabi/lib/thumb/v6-m/libg.a(lib_a-mprec.o)
                0x00000000080059c4                _Bfree
 .text.__multadd
                0x00000000080059d8       0x8c /home/project-mar/opt/gcc-arm-none-eabi-6-2017-q1-update/bin/../lib/gcc/arm-none-eabi/6.3.1/../../../../arm-none-eabi/lib/thumb/v6-m/libg.a(lib_a-mprec.o)
                0x00000000080059d8                __multadd
 .text.__hi0bits
                0x0000000008005a64       0x34 /home/project-mar/opt/gcc-arm-none-eabi-6-2017-q1-update/bin/../lib/gcc/arm-none-eabi/6.3.1/../../../../arm-none-eabi/lib/thumb/v6-m/libg.a(lib_a-mprec.o)
                0x0000000008005a64                __hi0bits
 .text.__lo0bits
                0x0000000008005a98       0x5c /home/project-mar/opt/gcc-arm-none-eabi-6-2017-q1-update/bin/../lib/gcc/arm-none-eabi/6.3.1/../../../../arm-none-eabi/lib/thumb/v6-m/libg.a(lib_a-mprec.o)
                0x0000000008005a98                __lo0bits
 .text.__i2b    0x0000000008005af4       0x14 /home/project-mar/opt/gcc-arm-none-eabi-6-2017-q1-update/bin/../lib/gcc/arm-none-eabi/6.3.1/../../../../arm-none-eabi/lib/thumb/v6-m/libg.a(lib_a-mprec.o)
                0x0000000008005af4                __i2b
 .text.__multiply
                0x0000000008005b08      0x154 /home/project-mar/opt/gcc-arm-none-eabi-6-2017-q1-update/bin/../lib/gcc/arm-none-eabi/6.3.1/../../../../arm-none-eabi/lib/thumb/v6-m/libg.a(lib_a-mprec.o)
                0x0000000008005b08                __multiply
 .text.__pow5mult
                0x0000000008005c5c       0xc0 /home/project-mar/opt/gcc-arm-none-eabi-6-2017-q1-update/bin/../lib/gcc/arm-none-eabi/6.3.1/../../../../arm-none-eabi/lib/thumb/v6-m/libg.a(lib_a-mprec.o)
                0x0000000008005c5c                __pow5mult
 .text.__lshift
                0x0000000008005d1c       0xc0 /home/project-mar/opt/gcc-arm-none-eabi-6-2017-q1-update/bin/../lib/gcc/arm-none-eabi/6.3.1/../../../../arm-none-eabi/lib/thumb/v6-m/libg.a(lib_a-mprec.o)
                0x0000000008005d1c                __lshift
 .text.__mcmp   0x0000000008005ddc       0x34 /home/project-mar/opt/gcc-arm-none-eabi-6-2017-q1-update/bin/../lib/gcc/arm-none-eabi/6.3.1/../../../../arm-none-eabi/lib/thumb/v6-m/libg.a(lib_a-mprec.o)
                0x0000000008005ddc                __mcmp
 .text.__mdiff  0x0000000008005e10      0x138 /home/project-mar/opt/gcc-arm-none-eabi-6-2017-q1-update/bin/../lib/gcc/arm-none-eabi/6.3.1/../../../../arm-none-eabi/lib/thumb/v6-m/libg.a(lib_a-mprec.o)
                0x0000000008005e10                __mdiff
 .text.__d2b    0x0000000008005f48       0xbc /home/project-mar/opt/gcc-arm-none-eabi-6-2017-q1-update/bin/../lib/gcc/arm-none-eabi/6.3.1/../../../../arm-none-eabi/lib/thumb/v6-m/libg.a(lib_a-mprec.o)
                0x0000000008005f48                __d2b
 .text._sbrk_r  0x0000000008006004       0x24 /home/project-mar/opt/gcc-arm-none-eabi-6-2017-q1-update/bin/../lib/gcc/arm-none-eabi/6.3.1/../../../../arm-none-eabi/lib/thumb/v6-m/libg.a(lib_a-sbrkr.o)
                0x0000000008006004                _sbrk_r
 .text.__ssprint_r
                0x0000000008006028      0x120 /home/project-mar/opt/gcc-arm-none-eabi-6-2017-q1-update/bin/../lib/gcc/arm-none-eabi/6.3.1/../../../../arm-none-eabi/lib/thumb/v6-m/libg.a(lib_a-svfiprintf.o)
                0x0000000008006028                __ssprint_r
 .text._calloc_r
                0x0000000008006148       0x58 /home/project-mar/opt/gcc-arm-none-eabi-6-2017-q1-update/bin/../lib/gcc/arm-none-eabi/6.3.1/../../../../arm-none-eabi/lib/thumb/v6-m/libg.a(lib_a-callocr.o)
                0x0000000008006148                _calloc_r
 .text._malloc_trim_r
                0x00000000080061a0       0xa0 /home/project-mar/opt/gcc-arm-none-eabi-6-2017-q1-update/bin/../lib/gcc/arm-none-eabi/6.3.1/../../../../arm-none-eabi/lib/thumb/v6-m/libg.a(lib_a-freer.o)
                0x00000000080061a0                _malloc_trim_r
 .text._free_r  0x0000000008006240      0x1bc /home/project-mar/opt/gcc-arm-none-eabi-6-2017-q1-update/bin/../lib/gcc/arm-none-eabi/6.3.1/../../../../arm-none-eabi/lib/thumb/v6-m/libg.a(lib_a-freer.o)
                0x0000000008006240                _free_r
 .text.__retarget_lock_acquire_recursive
                0x00000000080063fc        0x4 /home/project-mar/opt/gcc-arm-none-eabi-6-2017-q1-update/bin/../lib/gcc/arm-none-eabi/6.3.1/../../../../arm-none-eabi/lib/thumb/v6-m/libg.a(lib_a-lock.o)
                0x00000000080063fc                __retarget_lock_acquire_recursive
 .text.__retarget_lock_release_recursive
                0x0000000008006400        0x4 /home/project-mar/opt/gcc-arm-none-eabi-6-2017-q1-update/bin/../lib/gcc/arm-none-eabi/6.3.1/../../../../arm-none-eabi/lib/thumb/v6-m/libg.a(lib_a-lock.o)
                0x0000000008006400                __retarget_lock_release_recursive
 .text.__ascii_mbtowc
                0x0000000008006404       0x2c /home/project-mar/opt/gcc-arm-none-eabi-6-2017-q1-update/bin/../lib/gcc/arm-none-eabi/6.3.1/../../../../arm-none-eabi/lib/thumb/v6-m/libg.a(lib_a-mbtowc_r.o)
                0x0000000008006404                __ascii_mbtowc
 .text.memmove  0x0000000008006430       0xa0 /home/project-mar/opt/gcc-arm-none-eabi-6-2017-q1-update/bin/../lib/gcc/arm-none-eabi/6.3.1/../../../../arm-none-eabi/lib/thumb/v6-m/libg.a(lib_a-memmove.o)
                0x0000000008006430                memmove
 .text._realloc_r
                0x00000000080064d0      0x37c /home/project-mar/opt/gcc-arm-none-eabi-6-2017-q1-update/bin/../lib/gcc/arm-none-eabi/6.3.1/../../../../arm-none-eabi/lib/thumb/v6-m/libg.a(lib_a-reallocr.o)
                0x00000000080064d0                _realloc_r
 .text.__ascii_wctomb
                0x000000000800684c       0x1c /home/project-mar/opt/gcc-arm-none-eabi-6-2017-q1-update/bin/../lib/gcc/arm-none-eabi/6.3.1/../../../../arm-none-eabi/lib/thumb/v6-m/libg.a(lib_a-wctomb_r.o)
                0x000000000800684c                __ascii_wctomb
 .text          0x0000000008006868      0x1d4 /home/project-mar/opt/gcc-arm-none-eabi-6-2017-q1-update/bin/../lib/gcc/arm-none-eabi/6.3.1/thumb/v6-m/libgcc.a(_divsi3.o)
                0x0000000008006868                __aeabi_idiv
                0x0000000008006868                __divsi3
                0x0000000008006a34                __aeabi_idivmod
 .text          0x0000000008006a3c       0x7c /home/project-mar/opt/gcc-arm-none-eabi-6-2017-q1-update/bin/../lib/gcc/arm-none-eabi/6.3.1/thumb/v6-m/libgcc.a(_arm_cmpdf2.o)
                0x0000000008006a3c                __aeabi_cdrcmple
                0x0000000008006a4c                __aeabi_cdcmple
                0x0000000008006a4c                __aeabi_cdcmpeq
                0x0000000008006a5c                __aeabi_dcmpeq
                0x0000000008006a68                __aeabi_dcmplt
                0x0000000008006a7c                __aeabi_dcmple
                0x0000000008006a90                __aeabi_dcmpgt
                0x0000000008006aa4                __aeabi_dcmpge
 .text          0x0000000008006ab8       0x40 /home/project-mar/opt/gcc-arm-none-eabi-6-2017-q1-update/bin/../lib/gcc/arm-none-eabi/6.3.1/thumb/v6-m/libgcc.a(_aeabi_uldivmod.o)
                0x0000000008006ab8                __aeabi_uldivmod
 .text          0x0000000008006af8      0x180 /home/project-mar/opt/gcc-arm-none-eabi-6-2017-q1-update/bin/../lib/gcc/arm-none-eabi/6.3.1/thumb/v6-m/libgcc.a(_udivmoddi4.o)
                0x0000000008006af8                __udivmoddi4
 .text          0x0000000008006c78      0x620 /home/project-mar/opt/gcc-arm-none-eabi-6-2017-q1-update/bin/../lib/gcc/arm-none-eabi/6.3.1/thumb/v6-m/libgcc.a(adddf3.o)
                0x0000000008006c78                __aeabi_dadd
 .text          0x0000000008007298      0x668 /home/project-mar/opt/gcc-arm-none-eabi-6-2017-q1-update/bin/../lib/gcc/arm-none-eabi/6.3.1/thumb/v6-m/libgcc.a(divdf3.o)
                0x0000000008007298                __aeabi_ddiv
 .text          0x0000000008007900       0x74 /home/project-mar/opt/gcc-arm-none-eabi-6-2017-q1-update/bin/../lib/gcc/arm-none-eabi/6.3.1/thumb/v6-m/libgcc.a(eqdf2.o)
                0x0000000008007900                __eqdf2
                0x0000000008007900                __nedf2
 .text          0x0000000008007974       0xc8 /home/project-mar/opt/gcc-arm-none-eabi-6-2017-q1-update/bin/../lib/gcc/arm-none-eabi/6.3.1/thumb/v6-m/libgcc.a(gedf2.o)
                0x0000000008007974                __gtdf2
                0x0000000008007974                __gedf2
 .text          0x0000000008007a3c       0xc4 /home/project-mar/opt/gcc-arm-none-eabi-6-2017-q1-update/bin/../lib/gcc/arm-none-eabi/6.3.1/thumb/v6-m/libgcc.a(ledf2.o)
                0x0000000008007a3c                __ltdf2
                0x0000000008007a3c                __ledf2
 .text          0x0000000008007b00      0x500 /home/project-mar/opt/gcc-arm-none-eabi-6-2017-q1-update/bin/../lib/gcc/arm-none-eabi/6.3.1/thumb/v6-m/libgcc.a(muldf3.o)
                0x0000000008007b00                __aeabi_dmul
 .text          0x0000000008008000      0x62c /home/project-mar/opt/gcc-arm-none-eabi-6-2017-q1-update/bin/../lib/gcc/arm-none-eabi/6.3.1/thumb/v6-m/libgcc.a(subdf3.o)
                0x0000000008008000                __aeabi_dsub
 .text          0x000000000800862c       0x40 /home/project-mar/opt/gcc-arm-none-eabi-6-2017-q1-update/bin/../lib/gcc/arm-none-eabi/6.3.1/thumb/v6-m/libgcc.a(unorddf2.o)
                0x000000000800862c                __aeabi_dcmpun
 .text          0x000000000800866c       0x68 /home/project-mar/opt/gcc-arm-none-eabi-6-2017-q1-update/bin/../lib/gcc/arm-none-eabi/6.3.1/thumb/v6-m/libgcc.a(fixdfsi.o)
                0x000000000800866c                __aeabi_d2iz
 .text          0x00000000080086d4       0x84 /home/project-mar/opt/gcc-arm-none-eabi-6-2017-q1-update/bin/../lib/gcc/arm-none-eabi/6.3.1/thumb/v6-m/libgcc.a(floatsidf.o)
                0x00000000080086d4                __aeabi_i2d
 .text          0x0000000008008758       0x70 /home/project-mar/opt/gcc-arm-none-eabi-6-2017-q1-update/bin/../lib/gcc/arm-none-eabi/6.3.1/thumb/v6-m/libgcc.a(floatunsidf.o)
                0x0000000008008758                __aeabi_ui2d
 .text          0x00000000080087c8       0x3c /home/project-mar/opt/gcc-arm-none-eabi-6-2017-q1-update/bin/../lib/gcc/arm-none-eabi/6.3.1/thumb/v6-m/libgcc.a(_clzsi2.o)
                0x00000000080087c8                __clzsi2
 .text          0x0000000008008804       0x18 /home/project-mar/opt/gcc-arm-none-eabi-6-2017-q1-update/bin/../lib/gcc/arm-none-eabi/6.3.1/thumb/v6-m/libgcc.a(_clzdi2.o)
                0x0000000008008804                __clzdi2
 *(.rodata .rodata.* .constdata .constdata.*)
 .rodata        0x000000000800881c       0xbd ./system/src/cortexm/exception_handlers.o
 *fill*         0x00000000080088d9        0x3 
 .rodata.AHBPrescTable
                0x00000000080088dc       0x10 ./system/src/cmsis/system_stm32l0xx.o
                0x00000000080088dc                AHBPrescTable
 .rodata.PLLMulTable
                0x00000000080088ec        0x9 ./system/src/cmsis/system_stm32l0xx.o
                0x00000000080088ec                PLLMulTable
 *fill*         0x00000000080088f5        0x3 
 .rodata        0x00000000080088f8        0x5 ./system/src/FreeRTOS/tasks.o
 *fill*         0x00000000080088fd        0x3 
 .rodata        0x0000000008008900       0x58 ./src/main.o
 .rodata._svfprintf_r
                0x0000000008008958      0x164 /home/project-mar/opt/gcc-arm-none-eabi-6-2017-q1-update/bin/../lib/gcc/arm-none-eabi/6.3.1/../../../../arm-none-eabi/lib/thumb/v6-m/libg.a(lib_a-svfprintf.o)
 .rodata._svfprintf_r.str1.4
                0x0000000008008abc       0x42 /home/project-mar/opt/gcc-arm-none-eabi-6-2017-q1-update/bin/../lib/gcc/arm-none-eabi/6.3.1/../../../../arm-none-eabi/lib/thumb/v6-m/libg.a(lib_a-svfprintf.o)
 *fill*         0x0000000008008afe        0x2 
 .rodata.blanks.7228
                0x0000000008008b00       0x10 /home/project-mar/opt/gcc-arm-none-eabi-6-2017-q1-update/bin/../lib/gcc/arm-none-eabi/6.3.1/../../../../arm-none-eabi/lib/thumb/v6-m/libg.a(lib_a-svfprintf.o)
 .rodata.zeroes.7229
                0x0000000008008b10       0x10 /home/project-mar/opt/gcc-arm-none-eabi-6-2017-q1-update/bin/../lib/gcc/arm-none-eabi/6.3.1/../../../../arm-none-eabi/lib/thumb/v6-m/libg.a(lib_a-svfprintf.o)
 .rodata._dtoa_r.str1.4
                0x0000000008008b20       0x10 /home/project-mar/opt/gcc-arm-none-eabi-6-2017-q1-update/bin/../lib/gcc/arm-none-eabi/6.3.1/../../../../arm-none-eabi/lib/thumb/v6-m/libg.a(lib_a-dtoa.o)
                                         0x12 (size before relaxing)
 .rodata.__mprec_bigtens
                0x0000000008008b30       0x28 /home/project-mar/opt/gcc-arm-none-eabi-6-2017-q1-update/bin/../lib/gcc/arm-none-eabi/6.3.1/../../../../arm-none-eabi/lib/thumb/v6-m/libg.a(lib_a-mprec.o)
                0x0000000008008b30                __mprec_bigtens
 .rodata.__mprec_tens
                0x0000000008008b58       0xc8 /home/project-mar/opt/gcc-arm-none-eabi-6-2017-q1-update/bin/../lib/gcc/arm-none-eabi/6.3.1/../../../../arm-none-eabi/lib/thumb/v6-m/libg.a(lib_a-mprec.o)
                0x0000000008008b58                __mprec_tens
 .rodata.p05.6060
                0x0000000008008c20        0xc /home/project-mar/opt/gcc-arm-none-eabi-6-2017-q1-update/bin/../lib/gcc/arm-none-eabi/6.3.1/../../../../arm-none-eabi/lib/thumb/v6-m/libg.a(lib_a-mprec.o)
 .rodata._setlocale_r.str1.4
                0x0000000008008c2c        0xa /home/project-mar/opt/gcc-arm-none-eabi-6-2017-q1-update/bin/../lib/gcc/arm-none-eabi/6.3.1/../../../../arm-none-eabi/lib/thumb/v6-m/libg.a(lib_a-locale.o)
                                          0xd (size before relaxing)
 *fill*         0x0000000008008c36        0x2 
 .rodata.str1.4
                0x0000000008008c38        0x4 /home/project-mar/opt/gcc-arm-none-eabi-6-2017-q1-update/bin/../lib/gcc/arm-none-eabi/6.3.1/../../../../arm-none-eabi/lib/thumb/v6-m/libg.a(lib_a-locale.o)
                                          0x2 (size before relaxing)
 .rodata._ctype_
                0x0000000008008c3c      0x101 /home/project-mar/opt/gcc-arm-none-eabi-6-2017-q1-update/bin/../lib/gcc/arm-none-eabi/6.3.1/../../../../arm-none-eabi/lib/thumb/v6-m/libg.a(lib_a-ctype_.o)
                0x0000000008008c3c                _ctype_
 *fill*         0x0000000008008d3d        0x3 
 .rodata        0x0000000008008d40       0x40 /home/project-mar/opt/gcc-arm-none-eabi-6-2017-q1-update/bin/../lib/gcc/arm-none-eabi/6.3.1/thumb/v6-m/libgcc.a(divdf3.o)
 .rodata        0x0000000008008d80       0x40 /home/project-mar/opt/gcc-arm-none-eabi-6-2017-q1-update/bin/../lib/gcc/arm-none-eabi/6.3.1/thumb/v6-m/libgcc.a(muldf3.o)
 *(vtable)
 *(.eh_frame*)
 *(.glue_7)
 .glue_7        0x0000000008008dc0        0x0 linker stubs
 *(.glue_7t)
 .glue_7t       0x0000000008008dc0        0x0 linker stubs

.vfp11_veneer   0x0000000008008dc0        0x0
 .vfp11_veneer  0x0000000008008dc0        0x0 linker stubs

.v4_bx          0x0000000008008dc0        0x0
 .v4_bx         0x0000000008008dc0        0x0 linker stubs

.iplt           0x0000000008008dc0        0x0
 .iplt          0x0000000008008dc0        0x0 ./system/src/stm32l0xx/stm32l0xx_hal.o

.ARM.extab
 *(.ARM.extab* .gnu.linkonce.armextab.*)
                0x0000000008008dc0                . = ALIGN (0x4)
                0x0000000008008dc0                __exidx_start = .

.ARM.exidx      0x0000000008008dc0        0x8
 *(.ARM.exidx* .gnu.linkonce.armexidx.*)
 .ARM.exidx     0x0000000008008dc0        0x8 /home/project-mar/opt/gcc-arm-none-eabi-6-2017-q1-update/bin/../lib/gcc/arm-none-eabi/6.3.1/thumb/v6-m/libgcc.a(_udivmoddi4.o)
                0x0000000008008dc8                __exidx_end = .

.rel.dyn        0x0000000008008dc8        0x0
 .rel.iplt      0x0000000008008dc8        0x0 ./system/src/stm32l0xx/stm32l0xx_hal.o
                0x0000000008008dc8                . = ALIGN (0x4)
                0x0000000008008dc8                _etext = .
                0x0000000008008dc8                __etext = .

.data_CCMRAM    0x0000000010000000        0x0 load address 0x0000000008008dc8
 FILL mask 0xff
 *(.data.CCMRAM .data.CCMRAM.*)
                0x0000000010000000                . = ALIGN (0x4)
                0x0000000008008dc8                _sidata = LOADADDR (.data)

.data           0x0000000020000000      0x9c8 load address 0x0000000008008dc8
 FILL mask 0xff
                0x0000000020000000                _sdata = .
                0x0000000020000000                __data_start__ = .
 *(.data_begin .data_begin.*)
 .data_begin    0x0000000020000000        0x4 ./system/src/newlib/_startup.o
 *(.data .data.*)
 .data.argv.4263
                0x0000000020000004        0x8 ./system/src/newlib/_syscalls.o
 .data.SystemCoreClock
                0x000000002000000c        0x4 ./system/src/cmsis/system_stm32l0xx.o
                0x000000002000000c                SystemCoreClock
 .data.xFreeBytesRemaining
                0x0000000020000010        0x4 ./system/src/FreeRTOS/heap_2.o
 .data.uxCriticalNesting
                0x0000000020000014        0x4 ./system/src/FreeRTOS/port.o
 .data._impure_ptr
                0x0000000020000018        0x4 /home/project-mar/opt/gcc-arm-none-eabi-6-2017-q1-update/bin/../lib/gcc/arm-none-eabi/6.3.1/../../../../arm-none-eabi/lib/thumb/v6-m/libg.a(lib_a-impure.o)
                0x0000000020000018                _impure_ptr
 *fill*         0x000000002000001c        0x4 ff
 .data.impure_data
                0x0000000020000020      0x428 /home/project-mar/opt/gcc-arm-none-eabi-6-2017-q1-update/bin/../lib/gcc/arm-none-eabi/6.3.1/../../../../arm-none-eabi/lib/thumb/v6-m/libg.a(lib_a-impure.o)
 .data.__malloc_av_
                0x0000000020000448      0x408 /home/project-mar/opt/gcc-arm-none-eabi-6-2017-q1-update/bin/../lib/gcc/arm-none-eabi/6.3.1/../../../../arm-none-eabi/lib/thumb/v6-m/libg.a(lib_a-mallocr.o)
                0x0000000020000448                __malloc_av_
 .data.__malloc_sbrk_base
                0x0000000020000850        0x4 /home/project-mar/opt/gcc-arm-none-eabi-6-2017-q1-update/bin/../lib/gcc/arm-none-eabi/6.3.1/../../../../arm-none-eabi/lib/thumb/v6-m/libg.a(lib_a-mallocr.o)
                0x0000000020000850                __malloc_sbrk_base
 .data.__malloc_trim_threshold
                0x0000000020000854        0x4 /home/project-mar/opt/gcc-arm-none-eabi-6-2017-q1-update/bin/../lib/gcc/arm-none-eabi/6.3.1/../../../../arm-none-eabi/lib/thumb/v6-m/libg.a(lib_a-mallocr.o)
                0x0000000020000854                __malloc_trim_threshold
 .data.__global_locale
                0x0000000020000858      0x16c /home/project-mar/opt/gcc-arm-none-eabi-6-2017-q1-update/bin/../lib/gcc/arm-none-eabi/6.3.1/../../../../arm-none-eabi/lib/thumb/v6-m/libg.a(lib_a-locale.o)
                0x0000000020000858                __global_locale
 *(.data_end .data_end.*)
 .data_end      0x00000000200009c4        0x4 ./system/src/newlib/_startup.o
                0x00000000200009c8                . = ALIGN (0x4)
                0x00000000200009c8                _edata = .
                0x00000000200009c8                __data_end__ = .

.igot.plt       0x00000000200009c8        0x0 load address 0x0000000008009790
 .igot.plt      0x00000000200009c8        0x0 ./system/src/stm32l0xx/stm32l0xx_hal.o

.bss_CCMRAM     0x0000000010000000        0x0
 *(.bss.CCMRAM .bss.CCMRAM.*)

.bss            0x00000000200009c8      0xe3c
                0x00000000200009c8                __bss_start__ = .
                0x00000000200009c8                _sbss = .
 *(.bss_begin .bss_begin.*)
 .bss_begin     0x00000000200009c8        0x4 ./system/src/newlib/_startup.o
 *(.bss .bss.*)
 .bss.current_heap_end.3947
                0x00000000200009cc        0x4 ./system/src/newlib/_sbrk.o
 .bss.name.4262
                0x00000000200009d0        0x1 ./system/src/newlib/_syscalls.o
 *fill*         0x00000000200009d1        0x3 
 .bss.buf.5152  0x00000000200009d4       0x80 ./system/src/diag/Trace.o
 .bss.ucHeap    0x0000000020000a54      0xc00 ./system/src/FreeRTOS/heap_2.o
 .bss.xStart    0x0000000020001654        0x8 ./system/src/FreeRTOS/heap_2.o
 .bss.xEnd      0x000000002000165c        0x8 ./system/src/FreeRTOS/heap_2.o
 .bss.xHeapHasBeenInitialised.4628
                0x0000000020001664        0x4 ./system/src/FreeRTOS/heap_2.o
 .bss.pxCurrentTCB
                0x0000000020001668        0x4 ./system/src/FreeRTOS/tasks.o
                0x0000000020001668                pxCurrentTCB
 .bss.pxReadyTasksLists
                0x000000002000166c       0x8c ./system/src/FreeRTOS/tasks.o
 .bss.xDelayedTaskList1
                0x00000000200016f8       0x14 ./system/src/FreeRTOS/tasks.o
 .bss.xDelayedTaskList2
                0x000000002000170c       0x14 ./system/src/FreeRTOS/tasks.o
 .bss.pxDelayedTaskList
                0x0000000020001720        0x4 ./system/src/FreeRTOS/tasks.o
 .bss.pxOverflowDelayedTaskList
                0x0000000020001724        0x4 ./system/src/FreeRTOS/tasks.o
 .bss.xPendingReadyList
                0x0000000020001728       0x14 ./system/src/FreeRTOS/tasks.o
 .bss.xTasksWaitingTermination
                0x000000002000173c       0x14 ./system/src/FreeRTOS/tasks.o
 .bss.uxDeletedTasksWaitingCleanUp
                0x0000000020001750        0x4 ./system/src/FreeRTOS/tasks.o
 .bss.xSuspendedTaskList
                0x0000000020001754       0x14 ./system/src/FreeRTOS/tasks.o
 .bss.uxCurrentNumberOfTasks
                0x0000000020001768        0x4 ./system/src/FreeRTOS/tasks.o
 .bss.xTickCount
                0x000000002000176c        0x4 ./system/src/FreeRTOS/tasks.o
 .bss.uxTopReadyPriority
                0x0000000020001770        0x4 ./system/src/FreeRTOS/tasks.o
 .bss.xSchedulerRunning
                0x0000000020001774        0x4 ./system/src/FreeRTOS/tasks.o
 .bss.uxPendedTicks
                0x0000000020001778        0x4 ./system/src/FreeRTOS/tasks.o
 .bss.xYieldPending
                0x000000002000177c        0x4 ./system/src/FreeRTOS/tasks.o
 .bss.xNumOfOverflows
                0x0000000020001780        0x4 ./system/src/FreeRTOS/tasks.o
 .bss.uxTaskNumber
                0x0000000020001784        0x4 ./system/src/FreeRTOS/tasks.o
 .bss.xNextTaskUnblockTime
                0x0000000020001788        0x4 ./system/src/FreeRTOS/tasks.o
 .bss.xIdleTaskHandle
                0x000000002000178c        0x4 ./system/src/FreeRTOS/tasks.o
 .bss.uxSchedulerSuspended
                0x0000000020001790        0x4 ./system/src/FreeRTOS/tasks.o
 .bss.__malloc_current_mallinfo
                0x0000000020001794       0x28 /home/project-mar/opt/gcc-arm-none-eabi-6-2017-q1-update/bin/../lib/gcc/arm-none-eabi/6.3.1/../../../../arm-none-eabi/lib/thumb/v6-m/libg.a(lib_a-mallocr.o)
                0x0000000020001794                __malloc_current_mallinfo
 .bss.__malloc_max_sbrked_mem
                0x00000000200017bc        0x4 /home/project-mar/opt/gcc-arm-none-eabi-6-2017-q1-update/bin/../lib/gcc/arm-none-eabi/6.3.1/../../../../arm-none-eabi/lib/thumb/v6-m/libg.a(lib_a-mallocr.o)
                0x00000000200017bc                __malloc_max_sbrked_mem
 .bss.__malloc_max_total_mem
                0x00000000200017c0        0x4 /home/project-mar/opt/gcc-arm-none-eabi-6-2017-q1-update/bin/../lib/gcc/arm-none-eabi/6.3.1/../../../../arm-none-eabi/lib/thumb/v6-m/libg.a(lib_a-mallocr.o)
                0x00000000200017c0                __malloc_max_total_mem
 .bss.__malloc_top_pad
                0x00000000200017c4        0x4 /home/project-mar/opt/gcc-arm-none-eabi-6-2017-q1-update/bin/../lib/gcc/arm-none-eabi/6.3.1/../../../../arm-none-eabi/lib/thumb/v6-m/libg.a(lib_a-mallocr.o)
                0x00000000200017c4                __malloc_top_pad
 *(COMMON)
 COMMON         0x00000000200017c8        0x4 ./system/src/stm32l0xx/stm32l0xx_hal.o
                0x00000000200017c8                uwTick
 COMMON         0x00000000200017cc        0x4 ./system/src/newlib/_syscalls.o
                0x00000000200017cc                errno
 COMMON         0x00000000200017d0        0xc ./src/main.o
                0x00000000200017d0                defaultTaskHandle
                0x00000000200017d4                task1Handle
                0x00000000200017d8                task2Handle
 COMMON         0x00000000200017dc       0x21 /home/project-mar/opt/gcc-arm-none-eabi-6-2017-q1-update/bin/../lib/gcc/arm-none-eabi/6.3.1/../../../../arm-none-eabi/lib/thumb/v6-m/libg.a(lib_a-lock.o)
                0x00000000200017dc                __lock___atexit_recursive_mutex
                0x00000000200017e0                __lock___arc4random_mutex
                0x00000000200017e4                __lock___env_recursive_mutex
                0x00000000200017e8                __lock___sinit_recursive_mutex
                0x00000000200017ec                __lock___malloc_recursive_mutex
                0x00000000200017f0                __lock___at_quick_exit_mutex
                0x00000000200017f4                __lock___dd_hash_mutex
                0x00000000200017f8                __lock___tz_mutex
                0x00000000200017fc                __lock___sfp_recursive_mutex
 *(.bss_end .bss_end.*)
 *fill*         0x00000000200017fd        0x3 
 .bss_end       0x0000000020001800        0x4 ./system/src/newlib/_startup.o
                0x0000000020001804                . = ALIGN (0x4)
                0x0000000020001804                __bss_end__ = .
                0x0000000020001804                _ebss = .

.noinit_CCMRAM
 *(.noinit.CCMRAM .noinit.CCMRAM.*)

.noinit         0x0000000020001804        0x0
                0x0000000020001804                _noinit = .
 *(.noinit .noinit.*)
                0x0000000020001804                . = ALIGN (0x4)
                0x0000000020001804                _end_noinit = .
                [!provide]                        PROVIDE (end, _end_noinit)
                [!provide]                        PROVIDE (_end, _end_noinit)
                [!provide]                        PROVIDE (__end, _end_noinit)
                [!provide]                        PROVIDE (__end__, _end_noinit)

._check_stack   0x0000000020001804      0x100
                0x0000000020001904                . = (. + _Minimum_Stack_Size)
 *fill*         0x0000000020001804      0x100 

.b1text
 *(.b1text)
 *(.b1rodata)
 *(.b1rodata.*)

.eb0text
 *(.eb0text)
 *(.eb0rodata)
 *(.eb0rodata.*)

.eb1text
 *(.eb1text)
 *(.eb1rodata)
 *(.eb1rodata.*)

.eb2text
 *(.eb2text)
 *(.eb2rodata)
 *(.eb2rodata.*)

.eb3text
 *(.eb3text)
 *(.eb3rodata)
 *(.eb3rodata.*)

.stab
 *(.stab)

.stabstr
 *(.stabstr)

.stab.excl
 *(.stab.excl)

.stab.exclstr
 *(.stab.exclstr)

.stab.index
 *(.stab.index)

.stab.indexstr
 *(.stab.indexstr)

.comment        0x0000000000000000       0x7f
 *(.comment)
 .comment       0x0000000000000000       0x7f ./system/src/stm32l0xx/stm32l0xx_hal.o
                                         0x80 (size before relaxing)
 .comment       0x000000000000007f       0x80 ./system/src/stm32l0xx/stm32l0xx_hal_cortex.o
 .comment       0x000000000000007f       0x80 ./system/src/stm32l0xx/stm32l0xx_hal_gpio.o
 .comment       0x000000000000007f       0x80 ./system/src/stm32l0xx/stm32l0xx_hal_rcc.o
 .comment       0x000000000000007f       0x80 ./system/src/newlib/_exit.o
 .comment       0x000000000000007f       0x80 ./system/src/newlib/_sbrk.o
 .comment       0x000000000000007f       0x80 ./system/src/newlib/_startup.o
 .comment       0x000000000000007f       0x80 ./system/src/newlib/_syscalls.o
 .comment       0x000000000000007f       0x80 ./system/src/diag/Trace.o
 .comment       0x000000000000007f       0x80 ./system/src/diag/trace_impl.o
 .comment       0x000000000000007f       0x80 ./system/src/cortexm/_initialize_hardware.o
 .comment       0x000000000000007f       0x80 ./system/src/cortexm/exception_handlers.o
 .comment       0x000000000000007f       0x80 ./system/src/cmsis/system_stm32l0xx.o
 .comment       0x000000000000007f       0x80 ./system/src/FreeRTOS/cmsis_os.o
 .comment       0x000000000000007f       0x80 ./system/src/FreeRTOS/heap_2.o
 .comment       0x000000000000007f       0x80 ./system/src/FreeRTOS/list.o
 .comment       0x000000000000007f       0x80 ./system/src/FreeRTOS/port.o
 .comment       0x000000000000007f       0x80 ./system/src/FreeRTOS/tasks.o
 .comment       0x000000000000007f       0x80 ./src/main.o
 .comment       0x000000000000007f       0x80 ./src/stm32l0xx_hal_msp.o
 .comment       0x000000000000007f       0x80 ./src/stm32l0xx_it.o

.ARM.attributes
                0x0000000000000000       0x30
 .ARM.attributes
                0x0000000000000000       0x32 ./system/src/stm32l0xx/stm32l0xx_hal.o
 .ARM.attributes
                0x0000000000000032       0x32 ./system/src/stm32l0xx/stm32l0xx_hal_cortex.o
 .ARM.attributes
                0x0000000000000064       0x32 ./system/src/stm32l0xx/stm32l0xx_hal_gpio.o
 .ARM.attributes
                0x0000000000000096       0x32 ./system/src/stm32l0xx/stm32l0xx_hal_rcc.o
 .ARM.attributes
                0x00000000000000c8       0x32 ./system/src/newlib/_exit.o
 .ARM.attributes
                0x00000000000000fa       0x32 ./system/src/newlib/_sbrk.o
 .ARM.attributes
                0x000000000000012c       0x32 ./system/src/newlib/_startup.o
 .ARM.attributes
                0x000000000000015e       0x32 ./system/src/newlib/_syscalls.o
 .ARM.attributes
                0x0000000000000190       0x32 ./system/src/diag/Trace.o
 .ARM.attributes
                0x00000000000001c2       0x32 ./system/src/diag/trace_impl.o
 .ARM.attributes
                0x00000000000001f4       0x32 ./system/src/cortexm/_initialize_hardware.o
 .ARM.attributes
                0x0000000000000226       0x32 ./system/src/cortexm/exception_handlers.o
 .ARM.attributes
                0x0000000000000258       0x22 ./system/src/cmsis/startup_stm32l053xx.o
 .ARM.attributes
                0x000000000000027a       0x32 ./system/src/cmsis/system_stm32l0xx.o
 .ARM.attributes
                0x00000000000002ac       0x32 ./system/src/FreeRTOS/cmsis_os.o
 .ARM.attributes
                0x00000000000002de       0x32 ./system/src/FreeRTOS/heap_2.o
 .ARM.attributes
                0x0000000000000310       0x32 ./system/src/FreeRTOS/list.o
 .ARM.attributes
                0x0000000000000342       0x32 ./system/src/FreeRTOS/port.o
 .ARM.attributes
                0x0000000000000374       0x32 ./system/src/FreeRTOS/tasks.o
 .ARM.attributes
                0x00000000000003a6       0x32 ./src/main.o
 .ARM.attributes
                0x00000000000003d8       0x32 ./src/stm32l0xx_hal_msp.o
 .ARM.attributes
                0x000000000000040a       0x32 ./src/stm32l0xx_it.o
 .ARM.attributes
                0x000000000000043c       0x1e /home/project-mar/opt/gcc-arm-none-eabi-6-2017-q1-update/bin/../lib/gcc/arm-none-eabi/6.3.1/thumb/v6-m/libgcc.a(_udivsi3.o)
 .ARM.attributes
                0x000000000000045a       0x1e /home/project-mar/opt/gcc-arm-none-eabi-6-2017-q1-update/bin/../lib/gcc/arm-none-eabi/6.3.1/thumb/v6-m/libgcc.a(_dvmd_tls.o)
 .ARM.attributes
                0x0000000000000478       0x2c /home/project-mar/opt/gcc-arm-none-eabi-6-2017-q1-update/bin/../lib/gcc/arm-none-eabi/6.3.1/../../../../arm-none-eabi/lib/thumb/v6-m/libg.a(lib_a-errno.o)
 .ARM.attributes
                0x00000000000004a4       0x2c /home/project-mar/opt/gcc-arm-none-eabi-6-2017-q1-update/bin/../lib/gcc/arm-none-eabi/6.3.1/../../../../arm-none-eabi/lib/thumb/v6-m/libg.a(lib_a-impure.o)
 .ARM.attributes
                0x00000000000004d0       0x2c /home/project-mar/opt/gcc-arm-none-eabi-6-2017-q1-update/bin/../lib/gcc/arm-none-eabi/6.3.1/../../../../arm-none-eabi/lib/thumb/v6-m/libg.a(lib_a-memcpy-stub.o)
 .ARM.attributes
                0x00000000000004fc       0x2c /home/project-mar/opt/gcc-arm-none-eabi-6-2017-q1-update/bin/../lib/gcc/arm-none-eabi/6.3.1/../../../../arm-none-eabi/lib/thumb/v6-m/libg.a(lib_a-memset.o)
 .ARM.attributes
                0x0000000000000528       0x2c /home/project-mar/opt/gcc-arm-none-eabi-6-2017-q1-update/bin/../lib/gcc/arm-none-eabi/6.3.1/../../../../arm-none-eabi/lib/thumb/v6-m/libg.a(lib_a-strlen-stub.o)
 .ARM.attributes
                0x0000000000000554       0x2c /home/project-mar/opt/gcc-arm-none-eabi-6-2017-q1-update/bin/../lib/gcc/arm-none-eabi/6.3.1/../../../../arm-none-eabi/lib/thumb/v6-m/libg.a(lib_a-vsnprintf.o)
 .ARM.attributes
                0x0000000000000580       0x2c /home/project-mar/opt/gcc-arm-none-eabi-6-2017-q1-update/bin/../lib/gcc/arm-none-eabi/6.3.1/../../../../arm-none-eabi/lib/thumb/v6-m/libg.a(lib_a-svfprintf.o)
 .ARM.attributes
                0x00000000000005ac       0x2c /home/project-mar/opt/gcc-arm-none-eabi-6-2017-q1-update/bin/../lib/gcc/arm-none-eabi/6.3.1/../../../../arm-none-eabi/lib/thumb/v6-m/libg.a(lib_a-dtoa.o)
 .ARM.attributes
                0x00000000000005d8       0x2c /home/project-mar/opt/gcc-arm-none-eabi-6-2017-q1-update/bin/../lib/gcc/arm-none-eabi/6.3.1/../../../../arm-none-eabi/lib/thumb/v6-m/libg.a(lib_a-localeconv.o)
 .ARM.attributes
                0x0000000000000604       0x2c /home/project-mar/opt/gcc-arm-none-eabi-6-2017-q1-update/bin/../lib/gcc/arm-none-eabi/6.3.1/../../../../arm-none-eabi/lib/thumb/v6-m/libg.a(lib_a-mallocr.o)
 .ARM.attributes
                0x0000000000000630       0x2c /home/project-mar/opt/gcc-arm-none-eabi-6-2017-q1-update/bin/../lib/gcc/arm-none-eabi/6.3.1/../../../../arm-none-eabi/lib/thumb/v6-m/libg.a(lib_a-memchr-stub.o)
 .ARM.attributes
                0x000000000000065c       0x2c /home/project-mar/opt/gcc-arm-none-eabi-6-2017-q1-update/bin/../lib/gcc/arm-none-eabi/6.3.1/../../../../arm-none-eabi/lib/thumb/v6-m/libg.a(lib_a-mlock.o)
 .ARM.attributes
                0x0000000000000688       0x2c /home/project-mar/opt/gcc-arm-none-eabi-6-2017-q1-update/bin/../lib/gcc/arm-none-eabi/6.3.1/../../../../arm-none-eabi/lib/thumb/v6-m/libg.a(lib_a-mprec.o)
 .ARM.attributes
                0x00000000000006b4       0x2c /home/project-mar/opt/gcc-arm-none-eabi-6-2017-q1-update/bin/../lib/gcc/arm-none-eabi/6.3.1/../../../../arm-none-eabi/lib/thumb/v6-m/libg.a(lib_a-sbrkr.o)
 .ARM.attributes
                0x00000000000006e0       0x2c /home/project-mar/opt/gcc-arm-none-eabi-6-2017-q1-update/bin/../lib/gcc/arm-none-eabi/6.3.1/../../../../arm-none-eabi/lib/thumb/v6-m/libg.a(lib_a-svfiprintf.o)
 .ARM.attributes
                0x000000000000070c       0x2c /home/project-mar/opt/gcc-arm-none-eabi-6-2017-q1-update/bin/../lib/gcc/arm-none-eabi/6.3.1/../../../../arm-none-eabi/lib/thumb/v6-m/libg.a(lib_a-callocr.o)
 .ARM.attributes
                0x0000000000000738       0x2c /home/project-mar/opt/gcc-arm-none-eabi-6-2017-q1-update/bin/../lib/gcc/arm-none-eabi/6.3.1/../../../../arm-none-eabi/lib/thumb/v6-m/libg.a(lib_a-freer.o)
 .ARM.attributes
                0x0000000000000764       0x2c /home/project-mar/opt/gcc-arm-none-eabi-6-2017-q1-update/bin/../lib/gcc/arm-none-eabi/6.3.1/../../../../arm-none-eabi/lib/thumb/v6-m/libg.a(lib_a-locale.o)
 .ARM.attributes
                0x0000000000000790       0x2c /home/project-mar/opt/gcc-arm-none-eabi-6-2017-q1-update/bin/../lib/gcc/arm-none-eabi/6.3.1/../../../../arm-none-eabi/lib/thumb/v6-m/libg.a(lib_a-lock.o)
 .ARM.attributes
                0x00000000000007bc       0x2c /home/project-mar/opt/gcc-arm-none-eabi-6-2017-q1-update/bin/../lib/gcc/arm-none-eabi/6.3.1/../../../../arm-none-eabi/lib/thumb/v6-m/libg.a(lib_a-mbtowc_r.o)
 .ARM.attributes
                0x00000000000007e8       0x2c /home/project-mar/opt/gcc-arm-none-eabi-6-2017-q1-update/bin/../lib/gcc/arm-none-eabi/6.3.1/../../../../arm-none-eabi/lib/thumb/v6-m/libg.a(lib_a-memmove.o)
 .ARM.attributes
                0x0000000000000814       0x2c /home/project-mar/opt/gcc-arm-none-eabi-6-2017-q1-update/bin/../lib/gcc/arm-none-eabi/6.3.1/../../../../arm-none-eabi/lib/thumb/v6-m/libg.a(lib_a-reallocr.o)
 .ARM.attributes
                0x0000000000000840       0x2c /home/project-mar/opt/gcc-arm-none-eabi-6-2017-q1-update/bin/../lib/gcc/arm-none-eabi/6.3.1/../../../../arm-none-eabi/lib/thumb/v6-m/libg.a(lib_a-wctomb_r.o)
 .ARM.attributes
                0x000000000000086c       0x2c /home/project-mar/opt/gcc-arm-none-eabi-6-2017-q1-update/bin/../lib/gcc/arm-none-eabi/6.3.1/../../../../arm-none-eabi/lib/thumb/v6-m/libg.a(lib_a-ctype_.o)
 .ARM.attributes
                0x0000000000000898       0x1e /home/project-mar/opt/gcc-arm-none-eabi-6-2017-q1-update/bin/../lib/gcc/arm-none-eabi/6.3.1/thumb/v6-m/libgcc.a(_divsi3.o)
 .ARM.attributes
                0x00000000000008b6       0x1e /home/project-mar/opt/gcc-arm-none-eabi-6-2017-q1-update/bin/../lib/gcc/arm-none-eabi/6.3.1/thumb/v6-m/libgcc.a(_arm_cmpdf2.o)
 .ARM.attributes
                0x00000000000008d4       0x1e /home/project-mar/opt/gcc-arm-none-eabi-6-2017-q1-update/bin/../lib/gcc/arm-none-eabi/6.3.1/thumb/v6-m/libgcc.a(_aeabi_uldivmod.o)
 .ARM.attributes
                0x00000000000008f2       0x2c /home/project-mar/opt/gcc-arm-none-eabi-6-2017-q1-update/bin/../lib/gcc/arm-none-eabi/6.3.1/thumb/v6-m/libgcc.a(_udivmoddi4.o)
 .ARM.attributes
                0x000000000000091e       0x2c /home/project-mar/opt/gcc-arm-none-eabi-6-2017-q1-update/bin/../lib/gcc/arm-none-eabi/6.3.1/thumb/v6-m/libgcc.a(adddf3.o)
 .ARM.attributes
                0x000000000000094a       0x2c /home/project-mar/opt/gcc-arm-none-eabi-6-2017-q1-update/bin/../lib/gcc/arm-none-eabi/6.3.1/thumb/v6-m/libgcc.a(divdf3.o)
 .ARM.attributes
                0x0000000000000976       0x2c /home/project-mar/opt/gcc-arm-none-eabi-6-2017-q1-update/bin/../lib/gcc/arm-none-eabi/6.3.1/thumb/v6-m/libgcc.a(eqdf2.o)
 .ARM.attributes
                0x00000000000009a2       0x2c /home/project-mar/opt/gcc-arm-none-eabi-6-2017-q1-update/bin/../lib/gcc/arm-none-eabi/6.3.1/thumb/v6-m/libgcc.a(gedf2.o)
 .ARM.attributes
                0x00000000000009ce       0x2c /home/project-mar/opt/gcc-arm-none-eabi-6-2017-q1-update/bin/../lib/gcc/arm-none-eabi/6.3.1/thumb/v6-m/libgcc.a(ledf2.o)
 .ARM.attributes
                0x00000000000009fa       0x2c /home/project-mar/opt/gcc-arm-none-eabi-6-2017-q1-update/bin/../lib/gcc/arm-none-eabi/6.3.1/thumb/v6-m/libgcc.a(muldf3.o)
 .ARM.attributes
                0x0000000000000a26       0x2c /home/project-mar/opt/gcc-arm-none-eabi-6-2017-q1-update/bin/../lib/gcc/arm-none-eabi/6.3.1/thumb/v6-m/libgcc.a(subdf3.o)
 .ARM.attributes
                0x0000000000000a52       0x2c /home/project-mar/opt/gcc-arm-none-eabi-6-2017-q1-update/bin/../lib/gcc/arm-none-eabi/6.3.1/thumb/v6-m/libgcc.a(unorddf2.o)
 .ARM.attributes
                0x0000000000000a7e       0x2c /home/project-mar/opt/gcc-arm-none-eabi-6-2017-q1-update/bin/../lib/gcc/arm-none-eabi/6.3.1/thumb/v6-m/libgcc.a(fixdfsi.o)
 .ARM.attributes
                0x0000000000000aaa       0x2c /home/project-mar/opt/gcc-arm-none-eabi-6-2017-q1-update/bin/../lib/gcc/arm-none-eabi/6.3.1/thumb/v6-m/libgcc.a(floatsidf.o)
 .ARM.attributes
                0x0000000000000ad6       0x2c /home/project-mar/opt/gcc-arm-none-eabi-6-2017-q1-update/bin/../lib/gcc/arm-none-eabi/6.3.1/thumb/v6-m/libgcc.a(floatunsidf.o)
 .ARM.attributes
                0x0000000000000b02       0x1e /home/project-mar/opt/gcc-arm-none-eabi-6-2017-q1-update/bin/../lib/gcc/arm-none-eabi/6.3.1/thumb/v6-m/libgcc.a(_clzsi2.o)
 .ARM.attributes
                0x0000000000000b20       0x1e /home/project-mar/opt/gcc-arm-none-eabi-6-2017-q1-update/bin/../lib/gcc/arm-none-eabi/6.3.1/thumb/v6-m/libgcc.a(_clzdi2.o)

.debug
 *(.debug)

.line
 *(.line)

.debug_srcinfo
 *(.debug_srcinfo)

.debug_sfnames
 *(.debug_sfnames)

.debug_aranges  0x0000000000000000      0x9a8
 *(.debug_aranges)
 .debug_aranges
                0x0000000000000000       0xe0 ./system/src/stm32l0xx/stm32l0xx_hal.o
 .debug_aranges
                0x00000000000000e0       0xc8 ./system/src/stm32l0xx/stm32l0xx_hal_cortex.o
 .debug_aranges
                0x00000000000001a8       0x58 ./system/src/stm32l0xx/stm32l0xx_hal_gpio.o
 .debug_aranges
                0x0000000000000200       0x88 ./system/src/stm32l0xx/stm32l0xx_hal_rcc.o
 .debug_aranges
                0x0000000000000288       0x28 ./system/src/newlib/_exit.o
 .debug_aranges
                0x00000000000002b0       0x20 ./system/src/newlib/_sbrk.o
 .debug_aranges
                0x00000000000002d0       0x40 ./system/src/newlib/_startup.o
 .debug_aranges
                0x0000000000000310       0x30 ./system/src/newlib/_syscalls.o
 .debug_aranges
                0x0000000000000340       0x38 ./system/src/diag/Trace.o
 .debug_aranges
                0x0000000000000378       0x28 ./system/src/diag/trace_impl.o
 .debug_aranges
                0x00000000000003a0       0x28 ./system/src/cortexm/_initialize_hardware.o
 .debug_aranges
                0x00000000000003c8       0x58 ./system/src/cortexm/exception_handlers.o
 .debug_aranges
                0x0000000000000420       0x28 ./system/src/cmsis/startup_stm32l053xx.o
 .debug_aranges
                0x0000000000000448       0x28 ./system/src/cmsis/system_stm32l0xx.o
 .debug_aranges
                0x0000000000000470      0x1d8 ./system/src/FreeRTOS/cmsis_os.o
 .debug_aranges
                0x0000000000000648       0x40 ./system/src/FreeRTOS/heap_2.o
 .debug_aranges
                0x0000000000000688       0x40 ./system/src/FreeRTOS/list.o
 .debug_aranges
                0x00000000000006c8       0x88 ./system/src/FreeRTOS/port.o
 .debug_aranges
                0x0000000000000750      0x1c8 ./system/src/FreeRTOS/tasks.o
 .debug_aranges
                0x0000000000000918       0x50 ./src/main.o
 .debug_aranges
                0x0000000000000968       0x20 ./src/stm32l0xx_hal_msp.o
 .debug_aranges
                0x0000000000000988       0x20 ./src/stm32l0xx_it.o

.debug_pubnames
 *(.debug_pubnames)

.debug_info     0x0000000000000000     0xf037
 *(.debug_info .gnu.linkonce.wi.*)
 .debug_info    0x0000000000000000      0xf48 ./system/src/stm32l0xx/stm32l0xx_hal.o
 .debug_info    0x0000000000000f48     0x104b ./system/src/stm32l0xx/stm32l0xx_hal_cortex.o
 .debug_info    0x0000000000001f93      0xec4 ./system/src/stm32l0xx/stm32l0xx_hal_gpio.o
 .debug_info    0x0000000000002e57     0x1126 ./system/src/stm32l0xx/stm32l0xx_hal_rcc.o
 .debug_info    0x0000000000003f7d      0x924 ./system/src/newlib/_exit.o
 .debug_info    0x00000000000048a1      0x92f ./system/src/newlib/_sbrk.o
 .debug_info    0x00000000000051d0      0x3bf ./system/src/newlib/_startup.o
 .debug_info    0x000000000000558f      0x9fe ./system/src/newlib/_syscalls.o
 .debug_info    0x0000000000005f8d      0xa15 ./system/src/diag/Trace.o
 .debug_info    0x00000000000069a2      0x1cc ./system/src/diag/trace_impl.o
 .debug_info    0x0000000000006b6e      0x12a ./system/src/cortexm/_initialize_hardware.o
 .debug_info    0x0000000000006c98      0xab1 ./system/src/cortexm/exception_handlers.o
 .debug_info    0x0000000000007749       0xa5 ./system/src/cmsis/startup_stm32l053xx.o
 .debug_info    0x00000000000077ee      0x36e ./system/src/cmsis/system_stm32l0xx.o
 .debug_info    0x0000000000007b5c     0x1a4c ./system/src/FreeRTOS/cmsis_os.o
 .debug_info    0x00000000000095a8      0xaf1 ./system/src/FreeRTOS/heap_2.o
 .debug_info    0x000000000000a099      0xacc ./system/src/FreeRTOS/list.o
 .debug_info    0x000000000000ab65      0x24e ./system/src/FreeRTOS/port.o
 .debug_info    0x000000000000adb3     0x1dd0 ./system/src/FreeRTOS/tasks.o
 .debug_info    0x000000000000cb83     0x104e ./src/main.o
 .debug_info    0x000000000000dbd1      0xb2f ./src/stm32l0xx_hal_msp.o
 .debug_info    0x000000000000e700      0x937 ./src/stm32l0xx_it.o

.debug_abbrev   0x0000000000000000     0x2b8e
 *(.debug_abbrev)
 .debug_abbrev  0x0000000000000000      0x2ac ./system/src/stm32l0xx/stm32l0xx_hal.o
 .debug_abbrev  0x00000000000002ac      0x33b ./system/src/stm32l0xx/stm32l0xx_hal_cortex.o
 .debug_abbrev  0x00000000000005e7      0x27e ./system/src/stm32l0xx/stm32l0xx_hal_gpio.o
 .debug_abbrev  0x0000000000000865      0x2f0 ./system/src/stm32l0xx/stm32l0xx_hal_rcc.o
 .debug_abbrev  0x0000000000000b55      0x1d7 ./system/src/newlib/_exit.o
 .debug_abbrev  0x0000000000000d2c      0x1cf ./system/src/newlib/_sbrk.o
 .debug_abbrev  0x0000000000000efb      0x16c ./system/src/newlib/_startup.o
 .debug_abbrev  0x0000000000001067      0x21f ./system/src/newlib/_syscalls.o
 .debug_abbrev  0x0000000000001286      0x217 ./system/src/diag/Trace.o
 .debug_abbrev  0x000000000000149d       0xbf ./system/src/diag/trace_impl.o
 .debug_abbrev  0x000000000000155c       0x7c ./system/src/cortexm/_initialize_hardware.o
 .debug_abbrev  0x00000000000015d8      0x24d ./system/src/cortexm/exception_handlers.o
 .debug_abbrev  0x0000000000001825       0x12 ./system/src/cmsis/startup_stm32l053xx.o
 .debug_abbrev  0x0000000000001837      0x100 ./system/src/cmsis/system_stm32l0xx.o
 .debug_abbrev  0x0000000000001937      0x330 ./system/src/FreeRTOS/cmsis_os.o
 .debug_abbrev  0x0000000000001c67      0x26d ./system/src/FreeRTOS/heap_2.o
 .debug_abbrev  0x0000000000001ed4      0x1fe ./system/src/FreeRTOS/list.o
 .debug_abbrev  0x00000000000020d2      0x185 ./system/src/FreeRTOS/port.o
 .debug_abbrev  0x0000000000002257      0x337 ./system/src/FreeRTOS/tasks.o
 .debug_abbrev  0x000000000000258e      0x275 ./src/main.o
 .debug_abbrev  0x0000000000002803      0x1e1 ./src/stm32l0xx_hal_msp.o
 .debug_abbrev  0x00000000000029e4      0x1aa ./src/stm32l0xx_it.o

.debug_line     0x0000000000000000     0x728f
 *(.debug_line)
 .debug_line    0x0000000000000000      0x77e ./system/src/stm32l0xx/stm32l0xx_hal.o
 .debug_line    0x000000000000077e      0x7a2 ./system/src/stm32l0xx/stm32l0xx_hal_cortex.o
 .debug_line    0x0000000000000f20      0x739 ./system/src/stm32l0xx/stm32l0xx_hal_gpio.o
 .debug_line    0x0000000000001659      0x860 ./system/src/stm32l0xx/stm32l0xx_hal_rcc.o
 .debug_line    0x0000000000001eb9      0x353 ./system/src/newlib/_exit.o
 .debug_line    0x000000000000220c      0x301 ./system/src/newlib/_sbrk.o
 .debug_line    0x000000000000250d      0x3c2 ./system/src/newlib/_startup.o
 .debug_line    0x00000000000028cf      0x420 ./system/src/newlib/_syscalls.o
 .debug_line    0x0000000000002cef      0x3be ./system/src/diag/Trace.o
 .debug_line    0x00000000000030ad      0x3e6 ./system/src/diag/trace_impl.o
 .debug_line    0x0000000000003493      0x18f ./system/src/cortexm/_initialize_hardware.o
 .debug_line    0x0000000000003622      0x4b0 ./system/src/cortexm/exception_handlers.o
 .debug_line    0x0000000000003ad2       0x8c ./system/src/cmsis/startup_stm32l053xx.o
 .debug_line    0x0000000000003b5e      0x195 ./system/src/cmsis/system_stm32l0xx.o
 .debug_line    0x0000000000003cf3      0x9d1 ./system/src/FreeRTOS/cmsis_os.o
 .debug_line    0x00000000000046c4      0x3fa ./system/src/FreeRTOS/heap_2.o
 .debug_line    0x0000000000004abe      0x3b9 ./system/src/FreeRTOS/list.o
 .debug_line    0x0000000000004e77      0x2ba ./system/src/FreeRTOS/port.o
 .debug_line    0x0000000000005131      0xdbd ./system/src/FreeRTOS/tasks.o
 .debug_line    0x0000000000005eee      0x752 ./src/main.o
 .debug_line    0x0000000000006640      0x5ac ./src/stm32l0xx_hal_msp.o
 .debug_line    0x0000000000006bec      0x6a3 ./src/stm32l0xx_it.o

.debug_frame    0x0000000000000000     0x28d4
 *(.debug_frame)
 .debug_frame   0x0000000000000000      0x2e0 ./system/src/stm32l0xx/stm32l0xx_hal.o
 .debug_frame   0x00000000000002e0      0x2c4 ./system/src/stm32l0xx/stm32l0xx_hal_cortex.o
 .debug_frame   0x00000000000005a4      0x110 ./system/src/stm32l0xx/stm32l0xx_hal_gpio.o
 .debug_frame   0x00000000000006b4      0x1b8 ./system/src/stm32l0xx/stm32l0xx_hal_rcc.o
 .debug_frame   0x000000000000086c       0x4c ./system/src/newlib/_exit.o
 .debug_frame   0x00000000000008b8       0x30 ./system/src/newlib/_sbrk.o
 .debug_frame   0x00000000000008e8       0xb0 ./system/src/newlib/_startup.o
 .debug_frame   0x0000000000000998       0x70 ./system/src/newlib/_syscalls.o
 .debug_frame   0x0000000000000a08       0x90 ./system/src/diag/Trace.o
 .debug_frame   0x0000000000000a98       0x4c ./system/src/diag/trace_impl.o
 .debug_frame   0x0000000000000ae4       0x48 ./system/src/cortexm/_initialize_hardware.o
 .debug_frame   0x0000000000000b2c       0xec ./system/src/cortexm/exception_handlers.o
 .debug_frame   0x0000000000000c18       0x4c ./system/src/cmsis/system_stm32l0xx.o
 .debug_frame   0x0000000000000c64      0x6f4 ./system/src/FreeRTOS/cmsis_os.o
 .debug_frame   0x0000000000001358       0xa8 ./system/src/FreeRTOS/heap_2.o
 .debug_frame   0x0000000000001400       0xb0 ./system/src/FreeRTOS/list.o
 .debug_frame   0x00000000000014b0      0x174 ./system/src/FreeRTOS/port.o
 .debug_frame   0x0000000000001624      0x6bc ./system/src/FreeRTOS/tasks.o
 .debug_frame   0x0000000000001ce0       0xec ./src/main.o
 .debug_frame   0x0000000000001dcc       0x2c ./src/stm32l0xx_hal_msp.o
 .debug_frame   0x0000000000001df8       0x2c ./src/stm32l0xx_it.o
 .debug_frame   0x0000000000001e24       0x20 /home/project-mar/opt/gcc-arm-none-eabi-6-2017-q1-update/bin/../lib/gcc/arm-none-eabi/6.3.1/thumb/v6-m/libgcc.a(_udivsi3.o)
 .debug_frame   0x0000000000001e44       0x20 /home/project-mar/opt/gcc-arm-none-eabi-6-2017-q1-update/bin/../lib/gcc/arm-none-eabi/6.3.1/../../../../arm-none-eabi/lib/thumb/v6-m/libg.a(lib_a-errno.o)
 .debug_frame   0x0000000000001e64       0x30 /home/project-mar/opt/gcc-arm-none-eabi-6-2017-q1-update/bin/../lib/gcc/arm-none-eabi/6.3.1/../../../../arm-none-eabi/lib/thumb/v6-m/libg.a(lib_a-memcpy-stub.o)
 .debug_frame   0x0000000000001e94       0x30 /home/project-mar/opt/gcc-arm-none-eabi-6-2017-q1-update/bin/../lib/gcc/arm-none-eabi/6.3.1/../../../../arm-none-eabi/lib/thumb/v6-m/libg.a(lib_a-memset.o)
 .debug_frame   0x0000000000001ec4       0x28 /home/project-mar/opt/gcc-arm-none-eabi-6-2017-q1-update/bin/../lib/gcc/arm-none-eabi/6.3.1/../../../../arm-none-eabi/lib/thumb/v6-m/libg.a(lib_a-strlen-stub.o)
 .debug_frame   0x0000000000001eec       0x48 /home/project-mar/opt/gcc-arm-none-eabi-6-2017-q1-update/bin/../lib/gcc/arm-none-eabi/6.3.1/../../../../arm-none-eabi/lib/thumb/v6-m/libg.a(lib_a-vsnprintf.o)
 .debug_frame   0x0000000000001f34       0x3c /home/project-mar/opt/gcc-arm-none-eabi-6-2017-q1-update/bin/../lib/gcc/arm-none-eabi/6.3.1/../../../../arm-none-eabi/lib/thumb/v6-m/libg.a(lib_a-svfprintf.o)
 .debug_frame   0x0000000000001f70       0x68 /home/project-mar/opt/gcc-arm-none-eabi-6-2017-q1-update/bin/../lib/gcc/arm-none-eabi/6.3.1/../../../../arm-none-eabi/lib/thumb/v6-m/libg.a(lib_a-dtoa.o)
 .debug_frame   0x0000000000001fd8       0x40 /home/project-mar/opt/gcc-arm-none-eabi-6-2017-q1-update/bin/../lib/gcc/arm-none-eabi/6.3.1/../../../../arm-none-eabi/lib/thumb/v6-m/libg.a(lib_a-localeconv.o)
 .debug_frame   0x0000000000002018       0x3c /home/project-mar/opt/gcc-arm-none-eabi-6-2017-q1-update/bin/../lib/gcc/arm-none-eabi/6.3.1/../../../../arm-none-eabi/lib/thumb/v6-m/libg.a(lib_a-mallocr.o)
 .debug_frame   0x0000000000002054       0x2c /home/project-mar/opt/gcc-arm-none-eabi-6-2017-q1-update/bin/../lib/gcc/arm-none-eabi/6.3.1/../../../../arm-none-eabi/lib/thumb/v6-m/libg.a(lib_a-memchr-stub.o)
 .debug_frame   0x0000000000002080       0x40 /home/project-mar/opt/gcc-arm-none-eabi-6-2017-q1-update/bin/../lib/gcc/arm-none-eabi/6.3.1/../../../../arm-none-eabi/lib/thumb/v6-m/libg.a(lib_a-mlock.o)
 .debug_frame   0x00000000000020c0      0x260 /home/project-mar/opt/gcc-arm-none-eabi-6-2017-q1-update/bin/../lib/gcc/arm-none-eabi/6.3.1/../../../../arm-none-eabi/lib/thumb/v6-m/libg.a(lib_a-mprec.o)
 .debug_frame   0x0000000000002320       0x2c /home/project-mar/opt/gcc-arm-none-eabi-6-2017-q1-update/bin/../lib/gcc/arm-none-eabi/6.3.1/../../../../arm-none-eabi/lib/thumb/v6-m/libg.a(lib_a-sbrkr.o)
 .debug_frame   0x000000000000234c       0x68 /home/project-mar/opt/gcc-arm-none-eabi-6-2017-q1-update/bin/../lib/gcc/arm-none-eabi/6.3.1/../../../../arm-none-eabi/lib/thumb/v6-m/libg.a(lib_a-svfiprintf.o)
 .debug_frame   0x00000000000023b4       0x28 /home/project-mar/opt/gcc-arm-none-eabi-6-2017-q1-update/bin/../lib/gcc/arm-none-eabi/6.3.1/../../../../arm-none-eabi/lib/thumb/v6-m/libg.a(lib_a-callocr.o)
 .debug_frame   0x00000000000023dc       0x50 /home/project-mar/opt/gcc-arm-none-eabi-6-2017-q1-update/bin/../lib/gcc/arm-none-eabi/6.3.1/../../../../arm-none-eabi/lib/thumb/v6-m/libg.a(lib_a-freer.o)
 .debug_frame   0x000000000000242c       0x74 /home/project-mar/opt/gcc-arm-none-eabi-6-2017-q1-update/bin/../lib/gcc/arm-none-eabi/6.3.1/../../../../arm-none-eabi/lib/thumb/v6-m/libg.a(lib_a-locale.o)
 .debug_frame   0x00000000000024a0       0xb0 /home/project-mar/opt/gcc-arm-none-eabi-6-2017-q1-update/bin/../lib/gcc/arm-none-eabi/6.3.1/../../../../arm-none-eabi/lib/thumb/v6-m/libg.a(lib_a-lock.o)
 .debug_frame   0x0000000000002550       0x40 /home/project-mar/opt/gcc-arm-none-eabi-6-2017-q1-update/bin/../lib/gcc/arm-none-eabi/6.3.1/../../../../arm-none-eabi/lib/thumb/v6-m/libg.a(lib_a-mbtowc_r.o)
 .debug_frame   0x0000000000002590       0x30 /home/project-mar/opt/gcc-arm-none-eabi-6-2017-q1-update/bin/../lib/gcc/arm-none-eabi/6.3.1/../../../../arm-none-eabi/lib/thumb/v6-m/libg.a(lib_a-memmove.o)
 .debug_frame   0x00000000000025c0       0x3c /home/project-mar/opt/gcc-arm-none-eabi-6-2017-q1-update/bin/../lib/gcc/arm-none-eabi/6.3.1/../../../../arm-none-eabi/lib/thumb/v6-m/libg.a(lib_a-reallocr.o)
 .debug_frame   0x00000000000025fc       0x3c /home/project-mar/opt/gcc-arm-none-eabi-6-2017-q1-update/bin/../lib/gcc/arm-none-eabi/6.3.1/../../../../arm-none-eabi/lib/thumb/v6-m/libg.a(lib_a-wctomb_r.o)
 .debug_frame   0x0000000000002638       0x20 /home/project-mar/opt/gcc-arm-none-eabi-6-2017-q1-update/bin/../lib/gcc/arm-none-eabi/6.3.1/thumb/v6-m/libgcc.a(_divsi3.o)
 .debug_frame   0x0000000000002658       0x3c /home/project-mar/opt/gcc-arm-none-eabi-6-2017-q1-update/bin/../lib/gcc/arm-none-eabi/6.3.1/thumb/v6-m/libgcc.a(_udivmoddi4.o)
 .debug_frame   0x0000000000002694       0x3c /home/project-mar/opt/gcc-arm-none-eabi-6-2017-q1-update/bin/../lib/gcc/arm-none-eabi/6.3.1/thumb/v6-m/libgcc.a(adddf3.o)
 .debug_frame   0x00000000000026d0       0x3c /home/project-mar/opt/gcc-arm-none-eabi-6-2017-q1-update/bin/../lib/gcc/arm-none-eabi/6.3.1/thumb/v6-m/libgcc.a(divdf3.o)
 .debug_frame   0x000000000000270c       0x38 /home/project-mar/opt/gcc-arm-none-eabi-6-2017-q1-update/bin/../lib/gcc/arm-none-eabi/6.3.1/thumb/v6-m/libgcc.a(eqdf2.o)
 .debug_frame   0x0000000000002744       0x38 /home/project-mar/opt/gcc-arm-none-eabi-6-2017-q1-update/bin/../lib/gcc/arm-none-eabi/6.3.1/thumb/v6-m/libgcc.a(gedf2.o)
 .debug_frame   0x000000000000277c       0x38 /home/project-mar/opt/gcc-arm-none-eabi-6-2017-q1-update/bin/../lib/gcc/arm-none-eabi/6.3.1/thumb/v6-m/libgcc.a(ledf2.o)
 .debug_frame   0x00000000000027b4       0x3c /home/project-mar/opt/gcc-arm-none-eabi-6-2017-q1-update/bin/../lib/gcc/arm-none-eabi/6.3.1/thumb/v6-m/libgcc.a(muldf3.o)
 .debug_frame   0x00000000000027f0       0x38 /home/project-mar/opt/gcc-arm-none-eabi-6-2017-q1-update/bin/../lib/gcc/arm-none-eabi/6.3.1/thumb/v6-m/libgcc.a(subdf3.o)
 .debug_frame   0x0000000000002828       0x2c /home/project-mar/opt/gcc-arm-none-eabi-6-2017-q1-update/bin/../lib/gcc/arm-none-eabi/6.3.1/thumb/v6-m/libgcc.a(unorddf2.o)
 .debug_frame   0x0000000000002854       0x2c /home/project-mar/opt/gcc-arm-none-eabi-6-2017-q1-update/bin/../lib/gcc/arm-none-eabi/6.3.1/thumb/v6-m/libgcc.a(fixdfsi.o)
 .debug_frame   0x0000000000002880       0x2c /home/project-mar/opt/gcc-arm-none-eabi-6-2017-q1-update/bin/../lib/gcc/arm-none-eabi/6.3.1/thumb/v6-m/libgcc.a(floatsidf.o)
 .debug_frame   0x00000000000028ac       0x28 /home/project-mar/opt/gcc-arm-none-eabi-6-2017-q1-update/bin/../lib/gcc/arm-none-eabi/6.3.1/thumb/v6-m/libgcc.a(floatunsidf.o)

.debug_str      0x0000000000000000    0x78ead
 *(.debug_str)
 .debug_str     0x0000000000000000    0x6e90c ./system/src/stm32l0xx/stm32l0xx_hal.o
                                      0x6edd0 (size before relaxing)
 .debug_str     0x000000000006e90c      0x29e ./system/src/stm32l0xx/stm32l0xx_hal_cortex.o
                                      0x6ebfe (size before relaxing)
 .debug_str     0x000000000006ebaa      0x2b8 ./system/src/stm32l0xx/stm32l0xx_hal_gpio.o
                                      0x6eaa2 (size before relaxing)
 .debug_str     0x000000000006ee62      0x508 ./system/src/stm32l0xx/stm32l0xx_hal_rcc.o
                                      0x6eda2 (size before relaxing)
 .debug_str     0x000000000006f36a     0x10f4 ./system/src/newlib/_exit.o
                                       0x7426 (size before relaxing)
 .debug_str     0x000000000007045e      0x36d ./system/src/newlib/_sbrk.o
                                       0x67db (size before relaxing)
 .debug_str     0x00000000000707cb      0x217 ./system/src/newlib/_startup.o
                                       0x5f56 (size before relaxing)
 .debug_str     0x00000000000709e2      0xe3e ./system/src/newlib/_syscalls.o
                                       0x7657 (size before relaxing)
 .debug_str     0x0000000000071820      0x164 ./system/src/diag/Trace.o
                                       0x7bfa (size before relaxing)
 .debug_str     0x0000000000071984       0x57 ./system/src/diag/trace_impl.o
                                      0x3e393 (size before relaxing)
 .debug_str     0x00000000000719db       0x6f ./system/src/cortexm/_initialize_hardware.o
                                      0x3a607 (size before relaxing)
 .debug_str     0x0000000000071a4a      0x14b ./system/src/cortexm/exception_handlers.o
                                      0x3f4ce (size before relaxing)
 .debug_str     0x0000000000071b95       0x9e ./system/src/cmsis/system_stm32l0xx.o
                                      0x3a731 (size before relaxing)
 .debug_str     0x0000000000071c33     0x5647 ./system/src/FreeRTOS/cmsis_os.o
                                       0xbb23 (size before relaxing)
 .debug_str     0x000000000007727a      0x3a3 ./system/src/FreeRTOS/heap_2.o
                                       0x9a5e (size before relaxing)
 .debug_str     0x000000000007761d      0x129 ./system/src/FreeRTOS/list.o
                                       0x9249 (size before relaxing)
 .debug_str     0x0000000000077746      0x3a0 ./system/src/FreeRTOS/port.o
                                       0x6aad (size before relaxing)
 .debug_str     0x0000000000077ae6     0x127f ./system/src/FreeRTOS/tasks.o
                                       0xb322 (size before relaxing)
 .debug_str     0x0000000000078d65      0x105 ./src/main.o
                                      0x73b56 (size before relaxing)
 .debug_str     0x0000000000078e6a       0x1b ./src/stm32l0xx_hal_msp.o
                                      0x6e921 (size before relaxing)
 .debug_str     0x0000000000078e85       0x28 ./src/stm32l0xx_it.o
                                      0x73578 (size before relaxing)

.debug_loc
 *(.debug_loc)

.debug_macinfo
 *(.debug_macinfo)

.debug_weaknames
 *(.debug_weaknames)

.debug_funcnames
 *(.debug_funcnames)

.debug_typenames
 *(.debug_typenames)

.debug_varnames
 *(.debug_varnames)
OUTPUT(FreeRTOS-CMSIS-OS.elf elf32-littlearm)

.debug_ranges   0x0000000000000000      0x850
 .debug_ranges  0x0000000000000000       0xd0 ./system/src/stm32l0xx/stm32l0xx_hal.o
 .debug_ranges  0x00000000000000d0       0xb8 ./system/src/stm32l0xx/stm32l0xx_hal_cortex.o
 .debug_ranges  0x0000000000000188       0x48 ./system/src/stm32l0xx/stm32l0xx_hal_gpio.o
 .debug_ranges  0x00000000000001d0       0x78 ./system/src/stm32l0xx/stm32l0xx_hal_rcc.o
 .debug_ranges  0x0000000000000248       0x18 ./system/src/newlib/_exit.o
 .debug_ranges  0x0000000000000260       0x10 ./system/src/newlib/_sbrk.o
 .debug_ranges  0x0000000000000270       0x30 ./system/src/newlib/_startup.o
 .debug_ranges  0x00000000000002a0       0x20 ./system/src/newlib/_syscalls.o
 .debug_ranges  0x00000000000002c0       0x28 ./system/src/diag/Trace.o
 .debug_ranges  0x00000000000002e8       0x18 ./system/src/diag/trace_impl.o
 .debug_ranges  0x0000000000000300       0x18 ./system/src/cortexm/_initialize_hardware.o
 .debug_ranges  0x0000000000000318       0x48 ./system/src/cortexm/exception_handlers.o
 .debug_ranges  0x0000000000000360       0x20 ./system/src/cmsis/startup_stm32l053xx.o
 .debug_ranges  0x0000000000000380       0x18 ./system/src/cmsis/system_stm32l0xx.o
 .debug_ranges  0x0000000000000398      0x1c8 ./system/src/FreeRTOS/cmsis_os.o
 .debug_ranges  0x0000000000000560       0x30 ./system/src/FreeRTOS/heap_2.o
 .debug_ranges  0x0000000000000590       0x30 ./system/src/FreeRTOS/list.o
 .debug_ranges  0x00000000000005c0       0x78 ./system/src/FreeRTOS/port.o
 .debug_ranges  0x0000000000000638      0x1b8 ./system/src/FreeRTOS/tasks.o
 .debug_ranges  0x00000000000007f0       0x40 ./src/main.o
 .debug_ranges  0x0000000000000830       0x10 ./src/stm32l0xx_hal_msp.o
 .debug_ranges  0x0000000000000840       0x10 ./src/stm32l0xx_it.o

.debug_macro    0x0000000000000000    0x158b6
 .debug_macro   0x0000000000000000      0x2f0 ./system/src/stm32l0xx/stm32l0xx_hal.o
 .debug_macro   0x00000000000002f0      0x892 ./system/src/stm32l0xx/stm32l0xx_hal.o
 .debug_macro   0x0000000000000b82       0x52 ./system/src/stm32l0xx/stm32l0xx_hal.o
 .debug_macro   0x0000000000000bd4       0x91 ./system/src/stm32l0xx/stm32l0xx_hal.o
 .debug_macro   0x0000000000000c65       0x34 ./system/src/stm32l0xx/stm32l0xx_hal.o
 .debug_macro   0x0000000000000c99       0x28 ./system/src/stm32l0xx/stm32l0xx_hal.o
 .debug_macro   0x0000000000000cc1      0x34e ./system/src/stm32l0xx/stm32l0xx_hal.o
 .debug_macro   0x000000000000100f       0x35 ./system/src/stm32l0xx/stm32l0xx_hal.o
 .debug_macro   0x0000000000001044       0x26 ./system/src/stm32l0xx/stm32l0xx_hal.o
 .debug_macro   0x000000000000106a      0x44f ./system/src/stm32l0xx/stm32l0xx_hal.o
 .debug_macro   0x00000000000014b9     0x9cc0 ./system/src/stm32l0xx/stm32l0xx_hal.o
 .debug_macro   0x000000000000b179       0x3c ./system/src/stm32l0xx/stm32l0xx_hal.o
 .debug_macro   0x000000000000b1b5     0x34a2 ./system/src/stm32l0xx/stm32l0xx_hal.o
 .debug_macro   0x000000000000e657       0x22 ./system/src/stm32l0xx/stm32l0xx_hal.o
 .debug_macro   0x000000000000e679       0x52 ./system/src/stm32l0xx/stm32l0xx_hal.o
 .debug_macro   0x000000000000e6cb       0x8d ./system/src/stm32l0xx/stm32l0xx_hal.o
 .debug_macro   0x000000000000e758       0x35 ./system/src/stm32l0xx/stm32l0xx_hal.o
 .debug_macro   0x000000000000e78d       0x9c ./system/src/stm32l0xx/stm32l0xx_hal.o
 .debug_macro   0x000000000000e829       0x16 ./system/src/stm32l0xx/stm32l0xx_hal.o
 .debug_macro   0x000000000000e83f       0x57 ./system/src/stm32l0xx/stm32l0xx_hal.o
 .debug_macro   0x000000000000e896       0x97 ./system/src/stm32l0xx/stm32l0xx_hal.o
 .debug_macro   0x000000000000e92d      0x30d ./system/src/stm32l0xx/stm32l0xx_hal.o
 .debug_macro   0x000000000000ec3a       0xfd ./system/src/stm32l0xx/stm32l0xx_hal.o
 .debug_macro   0x000000000000ed37       0x10 ./system/src/stm32l0xx/stm32l0xx_hal.o
 .debug_macro   0x000000000000ed47       0x58 ./system/src/stm32l0xx/stm32l0xx_hal.o
 .debug_macro   0x000000000000ed9f       0x1f ./system/src/stm32l0xx/stm32l0xx_hal.o
 .debug_macro   0x000000000000edbe       0x43 ./system/src/stm32l0xx/stm32l0xx_hal.o
 .debug_macro   0x000000000000ee01       0x20 ./system/src/stm32l0xx/stm32l0xx_hal.o
 .debug_macro   0x000000000000ee21      0x187 ./system/src/stm32l0xx/stm32l0xx_hal.o
 .debug_macro   0x000000000000efa8       0x10 ./system/src/stm32l0xx/stm32l0xx_hal.o
 .debug_macro   0x000000000000efb8       0x6a ./system/src/stm32l0xx/stm32l0xx_hal.o
 .debug_macro   0x000000000000f022       0x1c ./system/src/stm32l0xx/stm32l0xx_hal.o
 .debug_macro   0x000000000000f03e       0x52 ./system/src/stm32l0xx/stm32l0xx_hal.o
 .debug_macro   0x000000000000f090       0x40 ./system/src/stm32l0xx/stm32l0xx_hal.o
 .debug_macro   0x000000000000f0d0       0x10 ./system/src/stm32l0xx/stm32l0xx_hal.o
 .debug_macro   0x000000000000f0e0       0x40 ./system/src/stm32l0xx/stm32l0xx_hal.o
 .debug_macro   0x000000000000f120       0xd7 ./system/src/stm32l0xx/stm32l0xx_hal.o
 .debug_macro   0x000000000000f1f7       0x16 ./system/src/stm32l0xx/stm32l0xx_hal.o
 .debug_macro   0x000000000000f20d      0x18b ./system/src/stm32l0xx/stm32l0xx_hal.o
 .debug_macro   0x000000000000f398       0x57 ./system/src/stm32l0xx/stm32l0xx_hal.o
 .debug_macro   0x000000000000f3ef      0x8e0 ./system/src/stm32l0xx/stm32l0xx_hal.o
 .debug_macro   0x000000000000fccf      0x9d4 ./system/src/stm32l0xx/stm32l0xx_hal.o
 .debug_macro   0x00000000000106a3      0x14d ./system/src/stm32l0xx/stm32l0xx_hal.o
 .debug_macro   0x00000000000107f0      0x184 ./system/src/stm32l0xx/stm32l0xx_hal.o
 .debug_macro   0x0000000000010974      0x279 ./system/src/stm32l0xx/stm32l0xx_hal.o
 .debug_macro   0x0000000000010bed      0x1ef ./system/src/stm32l0xx/stm32l0xx_hal.o
 .debug_macro   0x0000000000010ddc      0x12a ./system/src/stm32l0xx/stm32l0xx_hal.o
 .debug_macro   0x0000000000010f06      0x2b6 ./system/src/stm32l0xx/stm32l0xx_hal.o
 .debug_macro   0x00000000000111bc      0x202 ./system/src/stm32l0xx/stm32l0xx_hal.o
 .debug_macro   0x00000000000113be       0x5b ./system/src/stm32l0xx/stm32l0xx_hal.o
 .debug_macro   0x0000000000011419       0x90 ./system/src/stm32l0xx/stm32l0xx_hal.o
 .debug_macro   0x00000000000114a9      0x189 ./system/src/stm32l0xx/stm32l0xx_hal.o
 .debug_macro   0x0000000000011632       0x16 ./system/src/stm32l0xx/stm32l0xx_hal.o
 .debug_macro   0x0000000000011648      0x165 ./system/src/stm32l0xx/stm32l0xx_hal.o
 .debug_macro   0x00000000000117ad      0x2cc ./system/src/stm32l0xx/stm32l0xx_hal_cortex.o
 .debug_macro   0x0000000000011a79      0x305 ./system/src/stm32l0xx/stm32l0xx_hal_gpio.o
 .debug_macro   0x0000000000011d7e      0x31a ./system/src/stm32l0xx/stm32l0xx_hal_rcc.o
 .debug_macro   0x0000000000012098      0x1a7 ./system/src/newlib/_exit.o
 .debug_macro   0x000000000001223f      0x10e ./system/src/newlib/_exit.o