Archive member included to satisfy reference by file (symbol)

/home/project-mar/opt/gcc-arm-none-eabi-6-2017-q1-update/bin/../lib/gcc/arm-none-eabi/6.3.1/thumb/v6-m/libgcc.a(_udivsi3.o)
                              ./system/src/stm32l0xx/stm32l0xx_hal.o (__aeabi_uidiv)
/home/project-mar/opt/gcc-arm-none-eabi-6-2017-q1-update/bin/../lib/gcc/arm-none-eabi/6.3.1/thumb/v6-m/libgcc.a(_dvmd_tls.o)
                              /home/project-mar/opt/gcc-arm-none-eabi-6-2017-q1-update/bin/../lib/gcc/arm-none-eabi/6.3.1/thumb/v6-m/libgcc.a(_udivsi3.o) (__aeabi_idiv0)
/home/project-mar/opt/gcc-arm-none-eabi-6-2017-q1-update/bin/../lib/gcc/arm-none-eabi/6.3.1/thumb/v6-m/libgcc.a(unwind-arm.o)
                              ./system/src/newlib/_cxx.o (__aeabi_unwind_cpp_pr0)
/home/project-mar/opt/gcc-arm-none-eabi-6-2017-q1-update/bin/../lib/gcc/arm-none-eabi/6.3.1/thumb/v6-m/libgcc.a(libunwind.o)
                              /home/project-mar/opt/gcc-arm-none-eabi-6-2017-q1-update/bin/../lib/gcc/arm-none-eabi/6.3.1/thumb/v6-m/libgcc.a(unwind-arm.o) (restore_core_regs)
/home/project-mar/opt/gcc-arm-none-eabi-6-2017-q1-update/bin/../lib/gcc/arm-none-eabi/6.3.1/thumb/v6-m/libgcc.a(pr-support.o)
                              /home/project-mar/opt/gcc-arm-none-eabi-6-2017-q1-update/bin/../lib/gcc/arm-none-eabi/6.3.1/thumb/v6-m/libgcc.a(unwind-arm.o) (__gnu_unwind_execute)
/home/project-mar/opt/gcc-arm-none-eabi-6-2017-q1-update/bin/../lib/gcc/arm-none-eabi/6.3.1/../../../../arm-none-eabi/lib/thumb/v6-m/libg_nano.a(lib_a-errno.o)
                              ./system/src/newlib/_sbrk.o (__errno)
/home/project-mar/opt/gcc-arm-none-eabi-6-2017-q1-update/bin/../lib/gcc/arm-none-eabi/6.3.1/../../../../arm-none-eabi/lib/thumb/v6-m/libg_nano.a(lib_a-impure.o)
                              /home/project-mar/opt/gcc-arm-none-eabi-6-2017-q1-update/bin/../lib/gcc/arm-none-eabi/6.3.1/../../../../arm-none-eabi/lib/thumb/v6-m/libg_nano.a(lib_a-errno.o) (_impure_ptr)
/home/project-mar/opt/gcc-arm-none-eabi-6-2017-q1-update/bin/../lib/gcc/arm-none-eabi/6.3.1/../../../../arm-none-eabi/lib/thumb/v6-m/libg_nano.a(lib_a-init.o)
                              ./system/src/cmsis/startup_stm32l053xx.o (__libc_init_array)
/home/project-mar/opt/gcc-arm-none-eabi-6-2017-q1-update/bin/../lib/gcc/arm-none-eabi/6.3.1/../../../../arm-none-eabi/lib/thumb/v6-m/libg_nano.a(lib_a-memcpy-stub.o)
                              ./system/src/FreeRTOS/queue.o (memcpy)
/home/project-mar/opt/gcc-arm-none-eabi-6-2017-q1-update/bin/../lib/gcc/arm-none-eabi/6.3.1/../../../../arm-none-eabi/lib/thumb/v6-m/libg_nano.a(lib_a-memset.o)
                              ./system/src/stm32l0xx/stm32l0xx_hal_rcc.o (memset)
/home/project-mar/opt/gcc-arm-none-eabi-6-2017-q1-update/bin/../lib/gcc/arm-none-eabi/6.3.1/../../../../arm-none-eabi/lib/thumb/v6-m/libg_nano.a(lib_a-strlen.o)
                              ./system/src/diag/Trace.o (strlen)
/home/project-mar/opt/gcc-arm-none-eabi-6-2017-q1-update/bin/../lib/gcc/arm-none-eabi/6.3.1/../../../../arm-none-eabi/lib/thumb/v6-m/libg_nano.a(lib_a-vsnprintf.o)
                              ./system/src/diag/Trace.o (vsnprintf)
/home/project-mar/opt/gcc-arm-none-eabi-6-2017-q1-update/bin/../lib/gcc/arm-none-eabi/6.3.1/../../../../arm-none-eabi/lib/thumb/v6-m/libg_nano.a(lib_a-nano-svfprintf.o)
                              /home/project-mar/opt/gcc-arm-none-eabi-6-2017-q1-update/bin/../lib/gcc/arm-none-eabi/6.3.1/../../../../arm-none-eabi/lib/thumb/v6-m/libg_nano.a(lib_a-vsnprintf.o) (_svfprintf_r)
/home/project-mar/opt/gcc-arm-none-eabi-6-2017-q1-update/bin/../lib/gcc/arm-none-eabi/6.3.1/../../../../arm-none-eabi/lib/thumb/v6-m/libg_nano.a(lib_a-nano-vfprintf_i.o)
                              /home/project-mar/opt/gcc-arm-none-eabi-6-2017-q1-update/bin/../lib/gcc/arm-none-eabi/6.3.1/../../../../arm-none-eabi/lib/thumb/v6-m/libg_nano.a(lib_a-nano-svfprintf.o) (_printf_i)
/home/project-mar/opt/gcc-arm-none-eabi-6-2017-q1-update/bin/../lib/gcc/arm-none-eabi/6.3.1/../../../../arm-none-eabi/lib/thumb/v6-m/libg_nano.a(lib_a-memchr-stub.o)
                              /home/project-mar/opt/gcc-arm-none-eabi-6-2017-q1-update/bin/../lib/gcc/arm-none-eabi/6.3.1/../../../../arm-none-eabi/lib/thumb/v6-m/libg_nano.a(lib_a-nano-svfprintf.o) (memchr)
/home/project-mar/opt/gcc-arm-none-eabi-6-2017-q1-update/bin/../lib/gcc/arm-none-eabi/6.3.1/../../../../arm-none-eabi/lib/thumb/v6-m/libg_nano.a(lib_a-memmove.o)
                              /home/project-mar/opt/gcc-arm-none-eabi-6-2017-q1-update/bin/../lib/gcc/arm-none-eabi/6.3.1/../../../../arm-none-eabi/lib/thumb/v6-m/libg_nano.a(lib_a-nano-svfprintf.o) (memmove)
/home/project-mar/opt/gcc-arm-none-eabi-6-2017-q1-update/bin/../lib/gcc/arm-none-eabi/6.3.1/../../../../arm-none-eabi/lib/thumb/v6-m/libg_nano.a(lib_a-nano-freer.o)
[...]
Memory Configuration

Name             Origin             Length             Attributes
FLASH            0x0000000008000000 0x0000000000010000 xr
RAM              0x0000000020000000 0x0000000000002000 xrw
CCMRAM           0x0000000010000000 0x0000000000000000 xrw
FLASHB1          0x0000000000000000 0x0000000000000000 xr
EXTMEMB0         0x0000000000000000 0x0000000000000000 xr
EXTMEMB1         0x0000000000000000 0x0000000000000000 xr
EXTMEMB2         0x0000000000000000 0x0000000000000000 xr
EXTMEMB3         0x0000000000000000 0x0000000000000000 xr
*default*        0x0000000000000000 0xffffffffffffffff

Linker script and memory map

LOAD ./system/src/stm32l0xx/stm32l0xx_hal.o
LOAD ./system/src/stm32l0xx/stm32l0xx_hal_adc.o
LOAD ./system/src/stm32l0xx/stm32l0xx_hal_adc_ex.o
LOAD ./system/src/stm32l0xx/stm32l0xx_hal_comp.o
LOAD ./system/src/stm32l0xx/stm32l0xx_hal_comp_ex.o
LOAD ./system/src/stm32l0xx/stm32l0xx_hal_cortex.o
LOAD ./system/src/stm32l0xx/stm32l0xx_hal_crc.o
LOAD ./system/src/stm32l0xx/stm32l0xx_hal_crc_ex.o
LOAD ./system/src/stm32l0xx/stm32l0xx_hal_cryp.o
LOAD ./system/src/stm32l0xx/stm32l0xx_hal_cryp_ex.o
LOAD ./system/src/stm32l0xx/stm32l0xx_hal_dac.o
LOAD ./system/src/stm32l0xx/stm32l0xx_hal_dac_ex.o
LOAD ./system/src/stm32l0xx/stm32l0xx_hal_dma.o
LOAD ./system/src/stm32l0xx/stm32l0xx_hal_firewall.o
LOAD ./system/src/stm32l0xx/stm32l0xx_hal_flash.o
LOAD ./system/src/stm32l0xx/stm32l0xx_hal_flash_ex.o
LOAD ./system/src/stm32l0xx/stm32l0xx_hal_flash_ramfunc.o
LOAD ./system/src/stm32l0xx/stm32l0xx_hal_gpio.o
LOAD ./system/src/stm32l0xx/stm32l0xx_hal_i2c.o
LOAD ./system/src/stm32l0xx/stm32l0xx_hal_i2c_ex.o
LOAD ./system/src/stm32l0xx/stm32l0xx_hal_i2s.o
LOAD ./system/src/stm32l0xx/stm32l0xx_hal_irda.o
LOAD ./system/src/stm32l0xx/stm32l0xx_hal_iwdg.o
LOAD ./system/src/stm32l0xx/stm32l0xx_hal_lcd.o
LOAD ./system/src/stm32l0xx/stm32l0xx_hal_lptim.o
LOAD ./system/src/stm32l0xx/stm32l0xx_hal_pcd.o
LOAD ./system/src/stm32l0xx/stm32l0xx_hal_pcd_ex.o
LOAD ./system/src/stm32l0xx/stm32l0xx_hal_pwr.o
LOAD ./system/src/stm32l0xx/stm32l0xx_hal_pwr_ex.o
LOAD ./system/src/stm32l0xx/stm32l0xx_hal_rcc.o
LOAD ./system/src/stm32l0xx/stm32l0xx_hal_rcc_ex.o
LOAD ./system/src/stm32l0xx/stm32l0xx_hal_rng.o
LOAD ./system/src/stm32l0xx/stm32l0xx_hal_rtc.o
LOAD ./system/src/stm32l0xx/stm32l0xx_hal_rtc_ex.o
LOAD ./system/src/stm32l0xx/stm32l0xx_hal_smartcard.o
LOAD ./system/src/stm32l0xx/stm32l0xx_hal_smartcard_ex.o
LOAD ./system/src/stm32l0xx/stm32l0xx_hal_smbus.o
LOAD ./system/src/stm32l0xx/stm32l0xx_hal_spi.o
LOAD ./system/src/stm32l0xx/stm32l0xx_hal_tim.o
LOAD ./system/src/stm32l0xx/stm32l0xx_hal_tim_ex.o
LOAD ./system/src/stm32l0xx/stm32l0xx_hal_tsc.o
LOAD ./system/src/stm32l0xx/stm32l0xx_hal_uart.o
LOAD ./system/src/stm32l0xx/stm32l0xx_hal_uart_ex.o
LOAD ./system/src/stm32l0xx/stm32l0xx_hal_usart.o
LOAD ./system/src/stm32l0xx/stm32l0xx_hal_wwdg.o
LOAD ./system/src/stm32l0xx/stm32l0xx_ll_adc.o
LOAD ./system/src/stm32l0xx/stm32l0xx_ll_comp.o
LOAD ./system/src/stm32l0xx/stm32l0xx_ll_crc.o
LOAD ./system/src/stm32l0xx/stm32l0xx_ll_crs.o
LOAD ./system/src/stm32l0xx/stm32l0xx_ll_dac.o
LOAD ./system/src/stm32l0xx/stm32l0xx_ll_dma.o
LOAD ./system/src/stm32l0xx/stm32l0xx_ll_exti.o
LOAD ./system/src/stm32l0xx/stm32l0xx_ll_gpio.o
LOAD ./system/src/stm32l0xx/stm32l0xx_ll_i2c.o
LOAD ./system/src/stm32l0xx/stm32l0xx_ll_lptim.o
LOAD ./system/src/stm32l0xx/stm32l0xx_ll_lpuart.o
LOAD ./system/src/stm32l0xx/stm32l0xx_ll_pwr.o
LOAD ./system/src/stm32l0xx/stm32l0xx_ll_rcc.o
LOAD ./system/src/stm32l0xx/stm32l0xx_ll_rng.o
LOAD ./system/src/stm32l0xx/stm32l0xx_ll_rtc.o
LOAD ./system/src/stm32l0xx/stm32l0xx_ll_spi.o
LOAD ./system/src/stm32l0xx/stm32l0xx_ll_tim.o
LOAD ./system/src/stm32l0xx/stm32l0xx_ll_usart.o
LOAD ./system/src/stm32l0xx/stm32l0xx_ll_utils.o
LOAD ./system/src/newlib/_cxx.o
LOAD ./system/src/newlib/_exit.o
LOAD ./system/src/newlib/_sbrk.o
LOAD ./system/src/newlib/_startup.o
LOAD ./system/src/newlib/_syscalls.o
LOAD ./system/src/newlib/assert.o
LOAD ./system/src/diag/Trace.o
LOAD ./system/src/diag/trace_impl.o
LOAD ./system/src/cortexm/_initialize_hardware.o
LOAD ./system/src/cortexm/_reset_hardware.o
LOAD ./system/src/cortexm/exception_handlers.o
LOAD ./system/src/cmsis/startup_stm32l053xx.o
LOAD ./system/src/cmsis/system_stm32l0xx.o
LOAD ./system/src/FreeRTOS/croutine.o
LOAD ./system/src/FreeRTOS/event_groups.o
LOAD ./system/src/FreeRTOS/heap_2.o
LOAD ./system/src/FreeRTOS/list.o
LOAD ./system/src/FreeRTOS/port.o
LOAD ./system/src/FreeRTOS/queue.o
LOAD ./system/src/FreeRTOS/tasks.o
LOAD ./system/src/FreeRTOS/timers.o
LOAD ./src/freertos.o
LOAD ./src/main.o
LOAD ./src/stm32l0xx_hal_msp.o
LOAD ./src/stm32l0xx_it.o
LOAD /home/project-mar/opt/gcc-arm-none-eabi-6-2017-q1-update/bin/../lib/gcc/arm-none-eabi/6.3.1/../../../../arm-none-eabi/lib/thumb/v6-m/libstdc++_nano.a
LOAD /home/project-mar/opt/gcc-arm-none-eabi-6-2017-q1-update/bin/../lib/gcc/arm-none-eabi/6.3.1/../../../../arm-none-eabi/lib/thumb/v6-m/libm.a
START GROUP
LOAD /home/project-mar/opt/gcc-arm-none-eabi-6-2017-q1-update/bin/../lib/gcc/arm-none-eabi/6.3.1/thumb/v6-m/libgcc.a
LOAD /home/project-mar/opt/gcc-arm-none-eabi-6-2017-q1-update/bin/../lib/gcc/arm-none-eabi/6.3.1/../../../../arm-none-eabi/lib/thumb/v6-m/libg_nano.a
LOAD /home/project-mar/opt/gcc-arm-none-eabi-6-2017-q1-update/bin/../lib/gcc/arm-none-eabi/6.3.1/../../../../arm-none-eabi/lib/thumb/v6-m/libc_nano.a
END GROUP
START GROUP
LOAD /home/project-mar/opt/gcc-arm-none-eabi-6-2017-q1-update/bin/../lib/gcc/arm-none-eabi/6.3.1/thumb/v6-m/libgcc.a
LOAD /home/project-mar/opt/gcc-arm-none-eabi-6-2017-q1-update/bin/../lib/gcc/arm-none-eabi/6.3.1/../../../../arm-none-eabi/lib/thumb/v6-m/libc_nano.a
END GROUP
                0x0000000020002000                __stack = (ORIGIN (RAM) + LENGTH (RAM))
                0x0000000020002000                _estack = __stack
                0x0000000000000400                __Main_Stack_Size = 0x400
                [!provide]                        PROVIDE (_Main_Stack_Size, __Main_Stack_Size)
                0x0000000020001c00                __Main_Stack_Limit = (__stack - __Main_Stack_Size)
                [!provide]                        PROVIDE (_Main_Stack_Limit, __Main_Stack_Limit)
                0x0000000000000100                _Minimum_Stack_Size = 0x100
                0x00000000200001c0                PROVIDE (_Heap_Begin, _end_noinit)
                0x0000000020001c00                PROVIDE (_Heap_Limit, (__stack - __Main_Stack_Size))

.isr_vector     0x0000000008000000      0x228
 FILL mask 0xff
                0x0000000008000000                __vectors_start = ABSOLUTE (.)
                0x0000000008000000                __vectors_start__ = ABSOLUTE (.)
 *(.isr_vector)
 .isr_vector    0x0000000008000000       0xc0 ./system/src/cmsis/startup_stm32l053xx.o
                0x0000000008000000                g_pfnVectors
 *(.cfmconfig)
 *(.after_vectors .after_vectors.*)
 .after_vectors
                0x00000000080000c0      0x118 ./system/src/newlib/_startup.o
                0x00000000080000c0                _start
 .after_vectors
                0x00000000080001d8       0x50 ./system/src/cortexm/exception_handlers.o
                0x00000000080001d8                Reset_Handler
                0x00000000080001de                NMI_Handler
                0x00000000080001e2                HardFault_Handler
                0x00000000080001fa                HardFault_Handler_C

.inits          0x0000000008000228       0x28
                0x0000000008000228                __data_regions_array_start = .
                0x0000000008000228        0x4 LONG 0x8001d9c LOADADDR (.data)
                0x000000000800022c        0x4 LONG 0x20000000 ADDR (.data)
                0x0000000008000230        0x4 LONG 0x20000078 (ADDR (.data) + SIZEOF (.data))
                0x0000000008000234        0x4 LONG 0x8001d9c LOADADDR (.data_CCMRAM)
                0x0000000008000238        0x4 LONG 0x10000000 ADDR (.data_CCMRAM)
                0x000000000800023c        0x4 LONG 0x10000000 (ADDR (.data_CCMRAM) + SIZEOF (.data_CCMRAM))
                0x0000000008000240                __data_regions_array_end = .
                0x0000000008000240                __bss_regions_array_start = .
                0x0000000008000240        0x4 LONG 0x20000078 ADDR (.bss)
                0x0000000008000244        0x4 LONG 0x200001c0 (ADDR (.bss) + SIZEOF (.bss))
                0x0000000008000248        0x4 LONG 0x10000000 ADDR (.bss_CCMRAM)
                0x000000000800024c        0x4 LONG 0x10000000 (ADDR (.bss_CCMRAM) + SIZEOF (.bss_CCMRAM))
                0x0000000008000250                __bss_regions_array_end = .
 *(.init)
 *(.fini)
                0x0000000008000250                . = ALIGN (0x4)
                0x0000000008000250                PROVIDE (__preinit_array_start, .)
 *(.preinit_array_sysinit .preinit_array_sysinit.*)
 *(.preinit_array_platform .preinit_array_platform.*)
 *(.preinit_array .preinit_array.*)
                0x0000000008000250                PROVIDE (__preinit_array_end, .)
                0x0000000008000250                . = ALIGN (0x4)
                0x0000000008000250                PROVIDE (__init_array_start, .)
 *(SORT(.init_array.*))
 *(.init_array)
                0x0000000008000250                PROVIDE (__init_array_end, .)
                0x0000000008000250                . = ALIGN (0x4)
                0x0000000008000250                PROVIDE (__fini_array_start, .)
 *(SORT(.fini_array.*))
 *(.fini_array)
                0x0000000008000250                PROVIDE (__fini_array_end, .)

.flashtext
 *(.flashtext .flashtext.*)

.text           0x0000000008000250     0x1b4b
 *(.text .text.*)
 .text.HAL_InitTick
                0x0000000008000250       0x28 ./system/src/stm32l0xx/stm32l0xx_hal.o
                0x0000000008000250                HAL_InitTick
 .text.HAL_Init
                0x0000000008000278       0x20 ./system/src/stm32l0xx/stm32l0xx_hal.o
                0x0000000008000278                HAL_Init
 .text.HAL_IncTick
                0x0000000008000298       0x10 ./system/src/stm32l0xx/stm32l0xx_hal.o
                0x0000000008000298                HAL_IncTick
 .text.HAL_GetTick
                0x00000000080002a8        0xc ./system/src/stm32l0xx/stm32l0xx_hal.o
                0x00000000080002a8                HAL_GetTick
 .text.HAL_NVIC_SetPriority
                0x00000000080002b4       0x64 ./system/src/stm32l0xx/stm32l0xx_hal_cortex.o
                0x00000000080002b4                HAL_NVIC_SetPriority
 .text.HAL_SYSTICK_Config
                0x0000000008000318       0x38 ./system/src/stm32l0xx/stm32l0xx_hal_cortex.o
                0x0000000008000318                HAL_SYSTICK_Config
 .text.HAL_SYSTICK_CLKSourceConfig
                0x0000000008000350       0x20 ./system/src/stm32l0xx/stm32l0xx_hal_cortex.o
                0x0000000008000350                HAL_SYSTICK_CLKSourceConfig
 .text.HAL_GPIO_Init
                0x0000000008000370      0x198 ./system/src/stm32l0xx/stm32l0xx_hal_gpio.o
                0x0000000008000370                HAL_GPIO_Init
 .text.HAL_GPIO_WritePin
                0x0000000008000508        0xc ./system/src/stm32l0xx/stm32l0xx_hal_gpio.o
                0x0000000008000508                HAL_GPIO_WritePin
 .text.HAL_GPIO_TogglePin
                0x0000000008000514        0x8 ./system/src/stm32l0xx/stm32l0xx_hal_gpio.o
                0x0000000008000514                HAL_GPIO_TogglePin
 .text.RCC_SetFlashLatencyFromMSIRange
                0x000000000800051c       0x80 ./system/src/stm32l0xx/stm32l0xx_hal_rcc.o
 .text.HAL_RCC_OscConfig
                0x000000000800059c      0x574 ./system/src/stm32l0xx/stm32l0xx_hal_rcc.o
                0x000000000800059c                HAL_RCC_OscConfig
 .text.HAL_RCC_GetSysClockFreq
                0x0000000008000b10       0x94 ./system/src/stm32l0xx/stm32l0xx_hal_rcc.o
                0x0000000008000b10                HAL_RCC_GetSysClockFreq
 .text.HAL_RCC_ClockConfig
                0x0000000008000ba4      0x1a0 ./system/src/stm32l0xx/stm32l0xx_hal_rcc.o
                0x0000000008000ba4                HAL_RCC_ClockConfig
 .text.HAL_RCC_GetHCLKFreq
                0x0000000008000d44        0xc ./system/src/stm32l0xx/stm32l0xx_hal_rcc.o
                0x0000000008000d44                HAL_RCC_GetHCLKFreq
 .text._exit    0x0000000008000d50        0x2 ./system/src/newlib/_exit.o
                0x0000000008000d50                _exit
 *fill*         0x0000000008000d52        0x2 
 .text._sbrk    0x0000000008000d54       0x48 ./system/src/newlib/_sbrk.o
                0x0000000008000d54                _sbrk
 .text.__initialize_args
                0x0000000008000d9c       0x10 ./system/src/newlib/_syscalls.o
                0x0000000008000d9c                __initialize_args
 .text.trace_printf
                0x0000000008000dac       0x2c ./system/src/diag/Trace.o
                0x0000000008000dac                trace_printf
 .text.trace_write
                0x0000000008000dd8        0x6 ./system/src/diag/trace_impl.o
                0x0000000008000dd8                trace_write
 .text.__initialize_hardware_early
                0x0000000008000dde        0x8 ./system/src/cortexm/_initialize_hardware.o
                0x0000000008000dde                __initialize_hardware_early
 .text.__initialize_hardware
                0x0000000008000de6        0x8 ./system/src/cortexm/_initialize_hardware.o
                0x0000000008000de6                __initialize_hardware
 *fill*         0x0000000008000dee        0x2 
 .text.dumpExceptionStack
                0x0000000008000df0       0x88 ./system/src/cortexm/exception_handlers.o
                0x0000000008000df0                dumpExceptionStack
 .text.Default_Handler
                0x0000000008000e78        0x2 ./system/src/cmsis/startup_stm32l053xx.o
                0x0000000008000e78                TSC_IRQHandler
                0x0000000008000e78                ADC1_COMP_IRQHandler
                0x0000000008000e78                PVD_IRQHandler
                0x0000000008000e78                I2C1_IRQHandler
                0x0000000008000e78                RCC_CRS_IRQHandler
                0x0000000008000e78                SPI1_IRQHandler
                0x0000000008000e78                TIM6_DAC_IRQHandler
                0x0000000008000e78                EXTI2_3_IRQHandler
                0x0000000008000e78                I2C2_IRQHandler
                0x0000000008000e78                RTC_IRQHandler
                0x0000000008000e78                LCD_IRQHandler
                0x0000000008000e78                DMA1_Channel4_5_6_7_IRQHandler
                0x0000000008000e78                EXTI4_15_IRQHandler
                0x0000000008000e78                DMA1_Channel1_IRQHandler
                0x0000000008000e78                Default_Handler
                0x0000000008000e78                TIM22_IRQHandler
                0x0000000008000e78                EXTI0_1_IRQHandler
                0x0000000008000e78                USB_IRQHandler
                0x0000000008000e78                SPI2_IRQHandler
                0x0000000008000e78                TIM21_IRQHandler
                0x0000000008000e78                WWDG_IRQHandler
                0x0000000008000e78                TIM2_IRQHandler
                0x0000000008000e78                DMA1_Channel2_3_IRQHandler
                0x0000000008000e78                USART2_IRQHandler
                0x0000000008000e78                FLASH_IRQHandler
                0x0000000008000e78                USART1_IRQHandler
                0x0000000008000e78                RNG_LPUART1_IRQHandler
                0x0000000008000e78                LPTIM1_IRQHandler
 *fill*         0x0000000008000e7a        0x2 
 .text.SystemInit
                0x0000000008000e7c       0x5c ./system/src/cmsis/system_stm32l0xx.o
                0x0000000008000e7c                SystemInit
 .text.SystemCoreClockUpdate
                0x0000000008000ed8       0xc8 ./system/src/cmsis/system_stm32l0xx.o
                0x0000000008000ed8                SystemCoreClockUpdate
 .text.SVC_Handler
                0x0000000008000fa0        0x2 ./system/src/FreeRTOS/port.o
                0x0000000008000fa0                SVC_Handler
 *fill*         0x0000000008000fa2        0xe 
 .text.PendSV_Handler
                0x0000000008000fb0       0x44 ./system/src/FreeRTOS/port.o
                0x0000000008000fb0                PendSV_Handler
 .text.vTaskSwitchContext
                0x0000000008000ff4       0x8c ./system/src/FreeRTOS/tasks.o
                0x0000000008000ff4                vTaskSwitchContext
 .text.MX_GPIO_Init
                0x0000000008001080       0x94 ./src/main.o
 .text.StartDefaultTask
                0x0000000008001114       0x16 ./src/main.o
                0x0000000008001114                StartDefaultTask
 .text.StartTASK1
                0x000000000800112a       0x16 ./src/main.o
                0x000000000800112a                StartTASK1
 .text.StartTASK2
                0x0000000008001140       0x18 ./src/main.o
                0x0000000008001140                StartTASK2
 .text.Error_Handler
                0x0000000008001158        0x2 ./src/main.o
                0x0000000008001158                Error_Handler
 *fill*         0x000000000800115a        0x2 
 .text.SystemClock_Config
                0x000000000800115c       0x84 ./src/main.o
                0x000000000800115c                SystemClock_Config
 .text.main     0x00000000080011e0       0x78 ./src/main.o
                0x00000000080011e0                main
 .text.HAL_MspInit
                0x0000000008001258       0x40 ./src/stm32l0xx_hal_msp.o
                0x0000000008001258                HAL_MspInit
 .text.SysTick_Handler
                0x0000000008001298        0xc ./src/stm32l0xx_it.o
                0x0000000008001298                SysTick_Handler
 .text          0x00000000080012a4      0x114 /home/project-mar/opt/gcc-arm-none-eabi-6-2017-q1-update/bin/../lib/gcc/arm-none-eabi/6.3.1/thumb/v6-m/libgcc.a(_udivsi3.o)
                0x00000000080012a4                __udivsi3
                0x00000000080012a4                __aeabi_uidiv
                0x00000000080013b0                __aeabi_uidivmod
 .text          0x00000000080013b8        0x4 /home/project-mar/opt/gcc-arm-none-eabi-6-2017-q1-update/bin/../lib/gcc/arm-none-eabi/6.3.1/thumb/v6-m/libgcc.a(_dvmd_tls.o)
                0x00000000080013b8                __aeabi_ldiv0
                0x00000000080013b8                __aeabi_idiv0
 .text.__errno  0x00000000080013bc        0xc /home/project-mar/opt/gcc-arm-none-eabi-6-2017-q1-update/bin/../lib/gcc/arm-none-eabi/6.3.1/../../../../arm-none-eabi/lib/thumb/v6-m/libg_nano.a(lib_a-errno.o)
                0x00000000080013bc                __errno
 .text.memcpy   0x00000000080013c8       0x12 /home/project-mar/opt/gcc-arm-none-eabi-6-2017-q1-update/bin/../lib/gcc/arm-none-eabi/6.3.1/../../../../arm-none-eabi/lib/thumb/v6-m/libg_nano.a(lib_a-memcpy-stub.o)
                0x00000000080013c8                memcpy
 .text._vsnprintf_r
                0x00000000080013da       0x56 /home/project-mar/opt/gcc-arm-none-eabi-6-2017-q1-update/bin/../lib/gcc/arm-none-eabi/6.3.1/../../../../arm-none-eabi/lib/thumb/v6-m/libg_nano.a(lib_a-vsnprintf.o)
                0x00000000080013da                _vsnprintf_r
                0x00000000080013da                _vsniprintf_r
 .text.vsnprintf
                0x0000000008001430       0x18 /home/project-mar/opt/gcc-arm-none-eabi-6-2017-q1-update/bin/../lib/gcc/arm-none-eabi/6.3.1/../../../../arm-none-eabi/lib/thumb/v6-m/libg_nano.a(lib_a-vsnprintf.o)
                0x0000000008001430                vsnprintf
                0x0000000008001430                vsniprintf
 .text.__ssputs_r
                0x0000000008001448       0xc4 /home/project-mar/opt/gcc-arm-none-eabi-6-2017-q1-update/bin/../lib/gcc/arm-none-eabi/6.3.1/../../../../arm-none-eabi/lib/thumb/v6-m/libg_nano.a(lib_a-nano-svfprintf.o)
                0x0000000008001448                __ssputs_r
 .text._svfprintf_r
                0x000000000800150c      0x208 /home/project-mar/opt/gcc-arm-none-eabi-6-2017-q1-update/bin/../lib/gcc/arm-none-eabi/6.3.1/../../../../arm-none-eabi/lib/thumb/v6-m/libg_nano.a(lib_a-nano-svfprintf.o)
                0x000000000800150c                _svfprintf_r
                0x000000000800150c                _svfiprintf_r
 .text._printf_common
                0x0000000008001714       0xda /home/project-mar/opt/gcc-arm-none-eabi-6-2017-q1-update/bin/../lib/gcc/arm-none-eabi/6.3.1/../../../../arm-none-eabi/lib/thumb/v6-m/libg_nano.a(lib_a-nano-vfprintf_i.o)
                0x0000000008001714                _printf_common
 *fill*         0x00000000080017ee        0x2 
 .text._printf_i
                0x00000000080017f0      0x234 /home/project-mar/opt/gcc-arm-none-eabi-6-2017-q1-update/bin/../lib/gcc/arm-none-eabi/6.3.1/../../../../arm-none-eabi/lib/thumb/v6-m/libg_nano.a(lib_a-nano-vfprintf_i.o)
                0x00000000080017f0                _printf_i
 .text.memchr   0x0000000008001a24       0x16 /home/project-mar/opt/gcc-arm-none-eabi-6-2017-q1-update/bin/../lib/gcc/arm-none-eabi/6.3.1/../../../../arm-none-eabi/lib/thumb/v6-m/libg_nano.a(lib_a-memchr-stub.o)
                0x0000000008001a24                memchr
 .text.memmove  0x0000000008001a3a       0x24 /home/project-mar/opt/gcc-arm-none-eabi-6-2017-q1-update/bin/../lib/gcc/arm-none-eabi/6.3.1/../../../../arm-none-eabi/lib/thumb/v6-m/libg_nano.a(lib_a-memmove.o)
                0x0000000008001a3a                memmove
 *fill*         0x0000000008001a5e        0x2 
 .text._free_r  0x0000000008001a60       0x94 /home/project-mar/opt/gcc-arm-none-eabi-6-2017-q1-update/bin/../lib/gcc/arm-none-eabi/6.3.1/../../../../arm-none-eabi/lib/thumb/v6-m/libg_nano.a(lib_a-nano-freer.o)
                0x0000000008001a60                _free_r
 .text._malloc_r
                0x0000000008001af4       0xbc /home/project-mar/opt/gcc-arm-none-eabi-6-2017-q1-update/bin/../lib/gcc/arm-none-eabi/6.3.1/../../../../arm-none-eabi/lib/thumb/v6-m/libg_nano.a(lib_a-nano-mallocr.o)
                0x0000000008001af4                _malloc_r
 .text._realloc_r
                0x0000000008001bb0       0x4c /home/project-mar/opt/gcc-arm-none-eabi-6-2017-q1-update/bin/../lib/gcc/arm-none-eabi/6.3.1/../../../../arm-none-eabi/lib/thumb/v6-m/libg_nano.a(lib_a-nano-reallocr.o)
                0x0000000008001bb0                _realloc_r
 .text._sbrk_r  0x0000000008001bfc       0x24 /home/project-mar/opt/gcc-arm-none-eabi-6-2017-q1-update/bin/../lib/gcc/arm-none-eabi/6.3.1/../../../../arm-none-eabi/lib/thumb/v6-m/libg_nano.a(lib_a-sbrkr.o)
                0x0000000008001bfc                _sbrk_r
 .text.__malloc_lock
                0x0000000008001c20        0x2 /home/project-mar/opt/gcc-arm-none-eabi-6-2017-q1-update/bin/../lib/gcc/arm-none-eabi/6.3.1/../../../../arm-none-eabi/lib/thumb/v6-m/libg_nano.a(lib_a-mlock.o)
                0x0000000008001c20                __malloc_lock
 .text.__malloc_unlock
                0x0000000008001c22        0x2 /home/project-mar/opt/gcc-arm-none-eabi-6-2017-q1-update/bin/../lib/gcc/arm-none-eabi/6.3.1/../../../../arm-none-eabi/lib/thumb/v6-m/libg_nano.a(lib_a-mlock.o)
                0x0000000008001c22                __malloc_unlock
 .text._malloc_usable_size_r
                0x0000000008001c24       0x10 /home/project-mar/opt/gcc-arm-none-eabi-6-2017-q1-update/bin/../lib/gcc/arm-none-eabi/6.3.1/../../../../arm-none-eabi/lib/thumb/v6-m/libg_nano.a(lib_a-nano-msizer.o)
                0x0000000008001c24                _malloc_usable_size_r
 *(.rodata .rodata.* .constdata .constdata.*)
 .rodata.dumpExceptionStack.str1.4
                0x0000000008001c34       0xae ./system/src/cortexm/exception_handlers.o
 *fill*         0x0000000008001ce2        0x2 
 .rodata.str1.4
                0x0000000008001ce4        0xd ./system/src/cortexm/exception_handlers.o
 *fill*         0x0000000008001cf1        0x3 
 .rodata.AHBPrescTable
                0x0000000008001cf4       0x10 ./system/src/cmsis/system_stm32l0xx.o
                0x0000000008001cf4                AHBPrescTable
 .rodata.PLLMulTable
                0x0000000008001d04        0x9 ./system/src/cmsis/system_stm32l0xx.o
                0x0000000008001d04                PLLMulTable
 *fill*         0x0000000008001d0d        0x3 
 .rodata        0x0000000008001d10       0x3c ./src/main.o
 .rodata.str1.4
                0x0000000008001d4c       0x1c ./src/main.o
 .rodata._svfprintf_r.str1.1
                0x0000000008001d68       0x11 /home/project-mar/opt/gcc-arm-none-eabi-6-2017-q1-update/bin/../lib/gcc/arm-none-eabi/6.3.1/../../../../arm-none-eabi/lib/thumb/v6-m/libg_nano.a(lib_a-nano-svfprintf.o)
 .rodata._printf_i.str1.1
                0x0000000008001d79       0x22 /home/project-mar/opt/gcc-arm-none-eabi-6-2017-q1-update/bin/../lib/gcc/arm-none-eabi/6.3.1/../../../../arm-none-eabi/lib/thumb/v6-m/libg_nano.a(lib_a-nano-vfprintf_i.o)
 *(vtable)
 *(.eh_frame*)
 *(.glue_7)
 .glue_7        0x0000000008001d9b        0x0 linker stubs
 *(.glue_7t)
 .glue_7t       0x0000000008001d9b        0x0 linker stubs

.vfp11_veneer   0x0000000008001d9c        0x0
 .vfp11_veneer  0x0000000008001d9c        0x0 linker stubs

.v4_bx          0x0000000008001d9c        0x0
 .v4_bx         0x0000000008001d9c        0x0 linker stubs

.iplt           0x0000000008001d9c        0x0
 .iplt          0x0000000008001d9c        0x0 ./system/src/stm32l0xx/stm32l0xx_hal.o

.rel.dyn        0x0000000008001d9c        0x0
 .rel.iplt      0x0000000008001d9c        0x0 ./system/src/stm32l0xx/stm32l0xx_hal.o

.ARM.extab
 *(.ARM.extab* .gnu.linkonce.armextab.*)
                0x0000000008001d9c                . = ALIGN (0x4)
                0x0000000008001d9c                __exidx_start = .

.ARM.exidx
 *(.ARM.exidx* .gnu.linkonce.armexidx.*)
                0x0000000008001d9c                __exidx_end = .
                0x0000000008001d9c                . = ALIGN (0x4)
                0x0000000008001d9c                _etext = .
                0x0000000008001d9c                __etext = .

.data_CCMRAM    0x0000000010000000        0x0 load address 0x0000000008001d9c
 FILL mask 0xff
 *(.data.CCMRAM .data.CCMRAM.*)
                0x0000000010000000                . = ALIGN (0x4)
                0x0000000008001d9c                _sidata = LOADADDR (.data)

.data           0x0000000020000000       0x78 load address 0x0000000008001d9c
 FILL mask 0xff
                0x0000000020000000                _sdata = .
                0x0000000020000000                __data_start__ = .
 *(.data_begin .data_begin.*)
 .data_begin    0x0000000020000000        0x4 ./system/src/newlib/_startup.o
 *(.data .data.*)
 .data.argv.4263
                0x0000000020000004        0x8 ./system/src/newlib/_syscalls.o
 .data.SystemCoreClock
                0x000000002000000c        0x4 ./system/src/cmsis/system_stm32l0xx.o
                0x000000002000000c                SystemCoreClock
 .data._impure_ptr
                0x0000000020000010        0x4 /home/project-mar/opt/gcc-arm-none-eabi-6-2017-q1-update/bin/../lib/gcc/arm-none-eabi/6.3.1/../../../../arm-none-eabi/lib/thumb/v6-m/libg_nano.a(lib_a-impure.o)
                0x0000000020000010                _impure_ptr
 .data.impure_data
                0x0000000020000014       0x60 /home/project-mar/opt/gcc-arm-none-eabi-6-2017-q1-update/bin/../lib/gcc/arm-none-eabi/6.3.1/../../../../arm-none-eabi/lib/thumb/v6-m/libg_nano.a(lib_a-impure.o)
 *(.data_end .data_end.*)
 .data_end      0x0000000020000074        0x4 ./system/src/newlib/_startup.o
                0x0000000020000078                . = ALIGN (0x4)
                0x0000000020000078                _edata = .
                0x0000000020000078                __data_end__ = .

.igot.plt       0x0000000020000078        0x0 load address 0x0000000008001e14
 .igot.plt      0x0000000020000078        0x0 ./system/src/stm32l0xx/stm32l0xx_hal.o

.bss_CCMRAM     0x0000000010000000        0x0
 *(.bss.CCMRAM .bss.CCMRAM.*)

.bss            0x0000000020000078      0x148
                0x0000000020000078                __bss_start__ = .
                0x0000000020000078                _sbss = .
 *(.bss_begin .bss_begin.*)
 .bss_begin     0x0000000020000078        0x4 ./system/src/newlib/_startup.o
 *(.bss .bss.*)
 .bss.current_heap_end.3947
                0x000000002000007c        0x4 ./system/src/newlib/_sbrk.o
 .bss.name.4262
                0x0000000020000080        0x1 ./system/src/newlib/_syscalls.o
 *fill*         0x0000000020000081        0x3 
 .bss.buf.5152  0x0000000020000084       0x80 ./system/src/diag/Trace.o
 .bss.pxCurrentTCB
                0x0000000020000104        0x4 ./system/src/FreeRTOS/tasks.o
                0x0000000020000104                pxCurrentTCB
 .bss.pxReadyTasksLists
                0x0000000020000108       0x8c ./system/src/FreeRTOS/tasks.o
 .bss.uxSchedulerSuspended
                0x0000000020000194        0x4 ./system/src/FreeRTOS/tasks.o
 .bss.uxTopReadyPriority
                0x0000000020000198        0x4 ./system/src/FreeRTOS/tasks.o
 .bss.xYieldPending
                0x000000002000019c        0x4 ./system/src/FreeRTOS/tasks.o
 .bss.__malloc_free_list
                0x00000000200001a0        0x4 /home/project-mar/opt/gcc-arm-none-eabi-6-2017-q1-update/bin/../lib/gcc/arm-none-eabi/6.3.1/../../../../arm-none-eabi/lib/thumb/v6-m/libg_nano.a(lib_a-nano-mallocr.o)
                0x00000000200001a0                __malloc_free_list
 .bss.__malloc_sbrk_start
                0x00000000200001a4        0x4 /home/project-mar/opt/gcc-arm-none-eabi-6-2017-q1-update/bin/../lib/gcc/arm-none-eabi/6.3.1/../../../../arm-none-eabi/lib/thumb/v6-m/libg_nano.a(lib_a-nano-mallocr.o)
                0x00000000200001a4                __malloc_sbrk_start
 *(COMMON)
 COMMON         0x00000000200001a8        0x4 ./system/src/stm32l0xx/stm32l0xx_hal.o
                0x00000000200001a8                uwTick
 COMMON         0x00000000200001ac        0x4 ./system/src/newlib/_syscalls.o
                0x00000000200001ac                errno
 COMMON         0x00000000200001b0        0xc ./src/main.o
                0x00000000200001b0                defaultTaskHandle
                0x00000000200001b4                task1Handle
                0x00000000200001b8                task2Handle
 *(.bss_end .bss_end.*)
 .bss_end       0x00000000200001bc        0x4 ./system/src/newlib/_startup.o
                0x00000000200001c0                . = ALIGN (0x4)
                0x00000000200001c0                __bss_end__ = .
                0x00000000200001c0                _ebss = .

.noinit_CCMRAM
 *(.noinit.CCMRAM .noinit.CCMRAM.*)

.noinit         0x00000000200001c0        0x0
                0x00000000200001c0                _noinit = .
 *(.noinit .noinit.*)
                0x00000000200001c0                . = ALIGN (0x4)
                0x00000000200001c0                _end_noinit = .
                [!provide]                        PROVIDE (end, _end_noinit)
                [!provide]                        PROVIDE (_end, _end_noinit)
                [!provide]                        PROVIDE (__end, _end_noinit)
                [!provide]                        PROVIDE (__end__, _end_noinit)

._check_stack   0x00000000200001c0      0x100
                0x00000000200002c0                . = (. + _Minimum_Stack_Size)
 *fill*         0x00000000200001c0      0x100 

.b1text
 *(.b1text)
 *(.b1rodata)
 *(.b1rodata.*)

.eb0text
 *(.eb0text)
 *(.eb0rodata)
 *(.eb0rodata.*)

.eb1text
 *(.eb1text)
 *(.eb1rodata)
 *(.eb1rodata.*)

.eb2text
 *(.eb2text)
 *(.eb2rodata)
 *(.eb2rodata.*)

.eb3text
 *(.eb3text)
 *(.eb3rodata)
 *(.eb3rodata.*)

.stab
 *(.stab)

.stabstr
 *(.stabstr)

.stab.excl
 *(.stab.excl)

.stab.exclstr
 *(.stab.exclstr)

.stab.index
 *(.stab.index)

.stab.indexstr
 *(.stab.indexstr)

.comment        0x0000000000000000       0x7f
 *(.comment)
 .comment       0x0000000000000000       0x7f ./system/src/stm32l0xx/stm32l0xx_hal.o
                                         0x80 (size before relaxing)
 .comment       0x000000000000007f       0x80 ./system/src/stm32l0xx/stm32l0xx_hal_cortex.o
 .comment       0x000000000000007f       0x80 ./system/src/stm32l0xx/stm32l0xx_hal_gpio.o
 .comment       0x000000000000007f       0x80 ./system/src/stm32l0xx/stm32l0xx_hal_rcc.o
 .comment       0x000000000000007f       0x80 ./system/src/newlib/_exit.o
 .comment       0x000000000000007f       0x80 ./system/src/newlib/_sbrk.o
 .comment       0x000000000000007f       0x80 ./system/src/newlib/_startup.o
 .comment       0x000000000000007f       0x80 ./system/src/newlib/_syscalls.o
 .comment       0x000000000000007f       0x80 ./system/src/diag/Trace.o
 .comment       0x000000000000007f       0x80 ./system/src/diag/trace_impl.o
 .comment       0x000000000000007f       0x80 ./system/src/cortexm/_initialize_hardware.o
 .comment       0x000000000000007f       0x80 ./system/src/cortexm/exception_handlers.o
 .comment       0x000000000000007f       0x80 ./system/src/cmsis/system_stm32l0xx.o
 .comment       0x000000000000007f       0x80 ./system/src/FreeRTOS/port.o
 .comment       0x000000000000007f       0x80 ./system/src/FreeRTOS/tasks.o
 .comment       0x000000000000007f       0x80 ./src/main.o
 .comment       0x000000000000007f       0x80 ./src/stm32l0xx_hal_msp.o
 .comment       0x000000000000007f       0x80 ./src/stm32l0xx_it.o

.ARM.attributes
                0x0000000000000000       0x30
 .ARM.attributes
                0x0000000000000000       0x32 ./system/src/stm32l0xx/stm32l0xx_hal.o
 .ARM.attributes
                0x0000000000000032       0x32 ./system/src/stm32l0xx/stm32l0xx_hal_cortex.o
 .ARM.attributes
                0x0000000000000064       0x32 ./system/src/stm32l0xx/stm32l0xx_hal_gpio.o
 .ARM.attributes
                0x0000000000000096       0x32 ./system/src/stm32l0xx/stm32l0xx_hal_rcc.o
 .ARM.attributes
                0x00000000000000c8       0x32 ./system/src/newlib/_exit.o
 .ARM.attributes
                0x00000000000000fa       0x32 ./system/src/newlib/_sbrk.o
 .ARM.attributes
                0x000000000000012c       0x32 ./system/src/newlib/_startup.o
 .ARM.attributes
                0x000000000000015e       0x32 ./system/src/newlib/_syscalls.o
 .ARM.attributes
                0x0000000000000190       0x32 ./system/src/diag/Trace.o
 .ARM.attributes
                0x00000000000001c2       0x32 ./system/src/diag/trace_impl.o
 .ARM.attributes
                0x00000000000001f4       0x32 ./system/src/cortexm/_initialize_hardware.o
 .ARM.attributes
                0x0000000000000226       0x32 ./system/src/cortexm/exception_handlers.o
 .ARM.attributes
                0x0000000000000258       0x22 ./system/src/cmsis/startup_stm32l053xx.o
 .ARM.attributes
                0x000000000000027a       0x32 ./system/src/cmsis/system_stm32l0xx.o
 .ARM.attributes
                0x00000000000002ac       0x32 ./system/src/FreeRTOS/port.o
 .ARM.attributes
                0x00000000000002de       0x32 ./system/src/FreeRTOS/tasks.o
 .ARM.attributes
                0x0000000000000310       0x32 ./src/main.o
 .ARM.attributes
                0x0000000000000342       0x32 ./src/stm32l0xx_hal_msp.o
 .ARM.attributes
                0x0000000000000374       0x32 ./src/stm32l0xx_it.o
 .ARM.attributes
                0x00000000000003a6       0x1e /home/project-mar/opt/gcc-arm-none-eabi-6-2017-q1-update/bin/../lib/gcc/arm-none-eabi/6.3.1/thumb/v6-m/libgcc.a(_udivsi3.o)
 .ARM.attributes
                0x00000000000003c4       0x1e /home/project-mar/opt/gcc-arm-none-eabi-6-2017-q1-update/bin/../lib/gcc/arm-none-eabi/6.3.1/thumb/v6-m/libgcc.a(_dvmd_tls.o)
 .ARM.attributes
                0x00000000000003e2       0x2c /home/project-mar/opt/gcc-arm-none-eabi-6-2017-q1-update/bin/../lib/gcc/arm-none-eabi/6.3.1/../../../../arm-none-eabi/lib/thumb/v6-m/libg_nano.a(lib_a-errno.o)
 .ARM.attributes
                0x000000000000040e       0x2c /home/project-mar/opt/gcc-arm-none-eabi-6-2017-q1-update/bin/../lib/gcc/arm-none-eabi/6.3.1/../../../../arm-none-eabi/lib/thumb/v6-m/libg_nano.a(lib_a-impure.o)
 .ARM.attributes
                0x000000000000043a       0x2c /home/project-mar/opt/gcc-arm-none-eabi-6-2017-q1-update/bin/../lib/gcc/arm-none-eabi/6.3.1/../../../../arm-none-eabi/lib/thumb/v6-m/libg_nano.a(lib_a-memcpy-stub.o)
 .ARM.attributes
                0x0000000000000466       0x2c /home/project-mar/opt/gcc-arm-none-eabi-6-2017-q1-update/bin/../lib/gcc/arm-none-eabi/6.3.1/../../../../arm-none-eabi/lib/thumb/v6-m/libg_nano.a(lib_a-vsnprintf.o)
 .ARM.attributes
                0x0000000000000492       0x2c /home/project-mar/opt/gcc-arm-none-eabi-6-2017-q1-update/bin/../lib/gcc/arm-none-eabi/6.3.1/../../../../arm-none-eabi/lib/thumb/v6-m/libg_nano.a(lib_a-nano-svfprintf.o)
 .ARM.attributes
                0x00000000000004be       0x2c /home/project-mar/opt/gcc-arm-none-eabi-6-2017-q1-update/bin/../lib/gcc/arm-none-eabi/6.3.1/../../../../arm-none-eabi/lib/thumb/v6-m/libg_nano.a(lib_a-nano-vfprintf_i.o)
 .ARM.attributes
                0x00000000000004ea       0x2c /home/project-mar/opt/gcc-arm-none-eabi-6-2017-q1-update/bin/../lib/gcc/arm-none-eabi/6.3.1/../../../../arm-none-eabi/lib/thumb/v6-m/libg_nano.a(lib_a-memchr-stub.o)
 .ARM.attributes
                0x0000000000000516       0x2c /home/project-mar/opt/gcc-arm-none-eabi-6-2017-q1-update/bin/../lib/gcc/arm-none-eabi/6.3.1/../../../../arm-none-eabi/lib/thumb/v6-m/libg_nano.a(lib_a-memmove.o)
 .ARM.attributes
                0x0000000000000542       0x2c /home/project-mar/opt/gcc-arm-none-eabi-6-2017-q1-update/bin/../lib/gcc/arm-none-eabi/6.3.1/../../../../arm-none-eabi/lib/thumb/v6-m/libg_nano.a(lib_a-nano-freer.o)
 .ARM.attributes
                0x000000000000056e       0x2c /home/project-mar/opt/gcc-arm-none-eabi-6-2017-q1-update/bin/../lib/gcc/arm-none-eabi/6.3.1/../../../../arm-none-eabi/lib/thumb/v6-m/libg_nano.a(lib_a-nano-mallocr.o)
 .ARM.attributes
                0x000000000000059a       0x2c /home/project-mar/opt/gcc-arm-none-eabi-6-2017-q1-update/bin/../lib/gcc/arm-none-eabi/6.3.1/../../../../arm-none-eabi/lib/thumb/v6-m/libg_nano.a(lib_a-nano-reallocr.o)
 .ARM.attributes
                0x00000000000005c6       0x2c /home/project-mar/opt/gcc-arm-none-eabi-6-2017-q1-update/bin/../lib/gcc/arm-none-eabi/6.3.1/../../../../arm-none-eabi/lib/thumb/v6-m/libg_nano.a(lib_a-sbrkr.o)
 .ARM.attributes
                0x00000000000005f2       0x2c /home/project-mar/opt/gcc-arm-none-eabi-6-2017-q1-update/bin/../lib/gcc/arm-none-eabi/6.3.1/../../../../arm-none-eabi/lib/thumb/v6-m/libg_nano.a(lib_a-mlock.o)
 .ARM.attributes
                0x000000000000061e       0x2c /home/project-mar/opt/gcc-arm-none-eabi-6-2017-q1-update/bin/../lib/gcc/arm-none-eabi/6.3.1/../../../../arm-none-eabi/lib/thumb/v6-m/libg_nano.a(lib_a-nano-msizer.o)

.debug
 *(.debug)

.line
 *(.line)

.debug_srcinfo
 *(.debug_srcinfo)

.debug_sfnames
 *(.debug_sfnames)

.debug_aranges  0x0000000000000000      0x708
 *(.debug_aranges)
 .debug_aranges
                0x0000000000000000       0xe0 ./system/src/stm32l0xx/stm32l0xx_hal.o
 .debug_aranges
                0x00000000000000e0       0x80 ./system/src/stm32l0xx/stm32l0xx_hal_cortex.o
 .debug_aranges
                0x0000000000000160       0x58 ./system/src/stm32l0xx/stm32l0xx_hal_gpio.o
 .debug_aranges
                0x00000000000001b8       0x88 ./system/src/stm32l0xx/stm32l0xx_hal_rcc.o
 .debug_aranges
                0x0000000000000240       0x28 ./system/src/newlib/_exit.o
 .debug_aranges
                0x0000000000000268       0x20 ./system/src/newlib/_sbrk.o
 .debug_aranges
                0x0000000000000288       0x40 ./system/src/newlib/_startup.o
 .debug_aranges
                0x00000000000002c8       0x30 ./system/src/newlib/_syscalls.o
 .debug_aranges
                0x00000000000002f8       0x38 ./system/src/diag/Trace.o
 .debug_aranges
                0x0000000000000330       0x28 ./system/src/diag/trace_impl.o
 .debug_aranges
                0x0000000000000358       0x28 ./system/src/cortexm/_initialize_hardware.o
 .debug_aranges
                0x0000000000000380       0x58 ./system/src/cortexm/exception_handlers.o
 .debug_aranges
                0x00000000000003d8       0x28 ./system/src/cmsis/startup_stm32l053xx.o
 .debug_aranges
                0x0000000000000400       0x28 ./system/src/cmsis/system_stm32l0xx.o
 .debug_aranges
                0x0000000000000428       0x88 ./system/src/FreeRTOS/port.o
 .debug_aranges
                0x00000000000004b0      0x1c8 ./system/src/FreeRTOS/tasks.o
 .debug_aranges
                0x0000000000000678       0x50 ./src/main.o
 .debug_aranges
                0x00000000000006c8       0x20 ./src/stm32l0xx_hal_msp.o
 .debug_aranges
                0x00000000000006e8       0x20 ./src/stm32l0xx_it.o

.debug_pubnames
 *(.debug_pubnames)

.debug_info     0x0000000000000000     0xd5c7
 *(.debug_info .gnu.linkonce.wi.*)
 .debug_info    0x0000000000000000      0xfc9 ./system/src/stm32l0xx/stm32l0xx_hal.o
 .debug_info    0x0000000000000fc9     0x10fc ./system/src/stm32l0xx/stm32l0xx_hal_cortex.o
 .debug_info    0x00000000000020c5      0xecd ./system/src/stm32l0xx/stm32l0xx_hal_gpio.o
 .debug_info    0x0000000000002f92     0x136a ./system/src/stm32l0xx/stm32l0xx_hal_rcc.o
 .debug_info    0x00000000000042fc      0x95d ./system/src/newlib/_exit.o
 .debug_info    0x0000000000004c59      0x949 ./system/src/newlib/_sbrk.o
 .debug_info    0x00000000000055a2      0x434 ./system/src/newlib/_startup.o
 .debug_info    0x00000000000059d6      0xa20 ./system/src/newlib/_syscalls.o
 .debug_info    0x00000000000063f6      0xb31 ./system/src/diag/Trace.o
 .debug_info    0x0000000000006f27      0x1cc ./system/src/diag/trace_impl.o
 .debug_info    0x00000000000070f3      0x15c ./system/src/cortexm/_initialize_hardware.o
 .debug_info    0x000000000000724f      0xc05 ./system/src/cortexm/exception_handlers.o
 .debug_info    0x0000000000007e54       0xa6 ./system/src/cmsis/startup_stm32l053xx.o
 .debug_info    0x0000000000007efa      0x373 ./system/src/cmsis/system_stm32l0xx.o
 .debug_info    0x000000000000826d      0x2a2 ./system/src/FreeRTOS/port.o
 .debug_info    0x000000000000850f     0x28e5 ./system/src/FreeRTOS/tasks.o
 .debug_info    0x000000000000adf4     0x12d7 ./src/main.o
 .debug_info    0x000000000000c0cb      0xb96 ./src/stm32l0xx_hal_msp.o
 .debug_info    0x000000000000cc61      0x966 ./src/stm32l0xx_it.o

.debug_abbrev   0x0000000000000000     0x2668
 *(.debug_abbrev)
 .debug_abbrev  0x0000000000000000      0x2e3 ./system/src/stm32l0xx/stm32l0xx_hal.o
 .debug_abbrev  0x00000000000002e3      0x326 ./system/src/stm32l0xx/stm32l0xx_hal_cortex.o
 .debug_abbrev  0x0000000000000609      0x28d ./system/src/stm32l0xx/stm32l0xx_hal_gpio.o
 .debug_abbrev  0x0000000000000896      0x313 ./system/src/stm32l0xx/stm32l0xx_hal_rcc.o
 .debug_abbrev  0x0000000000000ba9      0x1f3 ./system/src/newlib/_exit.o
 .debug_abbrev  0x0000000000000d9c      0x1fc ./system/src/newlib/_sbrk.o
 .debug_abbrev  0x0000000000000f98      0x1c4 ./system/src/newlib/_startup.o
 .debug_abbrev  0x000000000000115c      0x234 ./system/src/newlib/_syscalls.o
 .debug_abbrev  0x0000000000001390      0x276 ./system/src/diag/Trace.o
 .debug_abbrev  0x0000000000001606       0xbf ./system/src/diag/trace_impl.o
 .debug_abbrev  0x00000000000016c5       0x9a ./system/src/cortexm/_initialize_hardware.o
 .debug_abbrev  0x000000000000175f      0x28f ./system/src/cortexm/exception_handlers.o
 .debug_abbrev  0x00000000000019ee       0x12 ./system/src/cmsis/startup_stm32l053xx.o
 .debug_abbrev  0x0000000000001a00      0x100 ./system/src/cmsis/system_stm32l0xx.o
 .debug_abbrev  0x0000000000001b00      0x195 ./system/src/FreeRTOS/port.o
 .debug_abbrev  0x0000000000001c95      0x32b ./system/src/FreeRTOS/tasks.o
 .debug_abbrev  0x0000000000001fc0      0x2c8 ./src/main.o
 .debug_abbrev  0x0000000000002288      0x218 ./src/stm32l0xx_hal_msp.o
 .debug_abbrev  0x00000000000024a0      0x1c8 ./src/stm32l0xx_it.o

.debug_line     0x0000000000000000     0x605f
 *(.debug_line)
 .debug_line    0x0000000000000000      0x776 ./system/src/stm32l0xx/stm32l0xx_hal.o
 .debug_line    0x0000000000000776      0x73f ./system/src/stm32l0xx/stm32l0xx_hal_cortex.o
 .debug_line    0x0000000000000eb5      0x703 ./system/src/stm32l0xx/stm32l0xx_hal_gpio.o
 .debug_line    0x00000000000015b8      0x890 ./system/src/stm32l0xx/stm32l0xx_hal_rcc.o
 .debug_line    0x0000000000001e48      0x34f ./system/src/newlib/_exit.o
 .debug_line    0x0000000000002197      0x304 ./system/src/newlib/_sbrk.o
 .debug_line    0x000000000000249b      0x3be ./system/src/newlib/_startup.o
 .debug_line    0x0000000000002859      0x41d ./system/src/newlib/_syscalls.o
 .debug_line    0x0000000000002c76      0x3bc ./system/src/diag/Trace.o
 .debug_line    0x0000000000003032      0x3e5 ./system/src/diag/trace_impl.o
 .debug_line    0x0000000000003417      0x18f ./system/src/cortexm/_initialize_hardware.o
 .debug_line    0x00000000000035a6      0x49e ./system/src/cortexm/exception_handlers.o
 .debug_line    0x0000000000003a44       0x8c ./system/src/cmsis/startup_stm32l053xx.o
 .debug_line    0x0000000000003ad0      0x19c ./system/src/cmsis/system_stm32l0xx.o
 .debug_line    0x0000000000003c6c      0x2a9 ./system/src/FreeRTOS/port.o
 .debug_line    0x0000000000003f15      0xdbd ./system/src/FreeRTOS/tasks.o
 .debug_line    0x0000000000004cd2      0x73e ./src/main.o
 .debug_line    0x0000000000005410      0x5ac ./src/stm32l0xx_hal_msp.o
 .debug_line    0x00000000000059bc      0x6a3 ./src/stm32l0xx_it.o

.debug_frame    0x0000000000000000     0x1204
 *(.debug_frame)
 .debug_frame   0x0000000000000000      0x1c4 ./system/src/stm32l0xx/stm32l0xx_hal.o
 .debug_frame   0x00000000000001c4       0xf4 ./system/src/stm32l0xx/stm32l0xx_hal_cortex.o
 .debug_frame   0x00000000000002b8       0xc8 ./system/src/stm32l0xx/stm32l0xx_hal_gpio.o
 .debug_frame   0x0000000000000380      0x158 ./system/src/stm32l0xx/stm32l0xx_hal_rcc.o
 .debug_frame   0x00000000000004d8       0x38 ./system/src/newlib/_exit.o
 .debug_frame   0x0000000000000510       0x28 ./system/src/newlib/_sbrk.o
 .debug_frame   0x0000000000000538       0x80 ./system/src/newlib/_startup.o
 .debug_frame   0x00000000000005b8       0x50 ./system/src/newlib/_syscalls.o
 .debug_frame   0x0000000000000608       0x78 ./system/src/diag/Trace.o
 .debug_frame   0x0000000000000680       0x30 ./system/src/diag/trace_impl.o
 .debug_frame   0x00000000000006b0       0x40 ./system/src/cortexm/_initialize_hardware.o
 .debug_frame   0x00000000000006f0       0xb0 ./system/src/cortexm/exception_handlers.o
 .debug_frame   0x00000000000007a0       0x38 ./system/src/cmsis/system_stm32l0xx.o
 .debug_frame   0x00000000000007d8      0x110 ./system/src/FreeRTOS/port.o
 .debug_frame   0x00000000000008e8      0x548 ./system/src/FreeRTOS/tasks.o
 .debug_frame   0x0000000000000e30       0xc0 ./src/main.o
 .debug_frame   0x0000000000000ef0       0x28 ./src/stm32l0xx_hal_msp.o
 .debug_frame   0x0000000000000f18       0x28 ./src/stm32l0xx_it.o
 .debug_frame   0x0000000000000f40       0x20 /home/project-mar/opt/gcc-arm-none-eabi-6-2017-q1-update/bin/../lib/gcc/arm-none-eabi/6.3.1/thumb/v6-m/libgcc.a(_udivsi3.o)
 .debug_frame   0x0000000000000f60       0x20 /home/project-mar/opt/gcc-arm-none-eabi-6-2017-q1-update/bin/../lib/gcc/arm-none-eabi/6.3.1/../../../../arm-none-eabi/lib/thumb/v6-m/libg_nano.a(lib_a-errno.o)
 .debug_frame   0x0000000000000f80       0x28 /home/project-mar/opt/gcc-arm-none-eabi-6-2017-q1-update/bin/../lib/gcc/arm-none-eabi/6.3.1/../../../../arm-none-eabi/lib/thumb/v6-m/libg_nano.a(lib_a-memcpy-stub.o)
 .debug_frame   0x0000000000000fa8       0x48 /home/project-mar/opt/gcc-arm-none-eabi-6-2017-q1-update/bin/../lib/gcc/arm-none-eabi/6.3.1/../../../../arm-none-eabi/lib/thumb/v6-m/libg_nano.a(lib_a-vsnprintf.o)
 .debug_frame   0x0000000000000ff0       0x74 /home/project-mar/opt/gcc-arm-none-eabi-6-2017-q1-update/bin/../lib/gcc/arm-none-eabi/6.3.1/../../../../arm-none-eabi/lib/thumb/v6-m/libg_nano.a(lib_a-nano-svfprintf.o)
 .debug_frame   0x0000000000001064       0x54 /home/project-mar/opt/gcc-arm-none-eabi-6-2017-q1-update/bin/../lib/gcc/arm-none-eabi/6.3.1/../../../../arm-none-eabi/lib/thumb/v6-m/libg_nano.a(lib_a-nano-vfprintf_i.o)
 .debug_frame   0x00000000000010b8       0x20 /home/project-mar/opt/gcc-arm-none-eabi-6-2017-q1-update/bin/../lib/gcc/arm-none-eabi/6.3.1/../../../../arm-none-eabi/lib/thumb/v6-m/libg_nano.a(lib_a-memchr-stub.o)
 .debug_frame   0x00000000000010d8       0x28 /home/project-mar/opt/gcc-arm-none-eabi-6-2017-q1-update/bin/../lib/gcc/arm-none-eabi/6.3.1/../../../../arm-none-eabi/lib/thumb/v6-m/libg_nano.a(lib_a-memmove.o)
 .debug_frame   0x0000000000001100       0x2c /home/project-mar/opt/gcc-arm-none-eabi-6-2017-q1-update/bin/../lib/gcc/arm-none-eabi/6.3.1/../../../../arm-none-eabi/lib/thumb/v6-m/libg_nano.a(lib_a-nano-freer.o)
 .debug_frame   0x000000000000112c       0x2c /home/project-mar/opt/gcc-arm-none-eabi-6-2017-q1-update/bin/../lib/gcc/arm-none-eabi/6.3.1/../../../../arm-none-eabi/lib/thumb/v6-m/libg_nano.a(lib_a-nano-mallocr.o)
 .debug_frame   0x0000000000001158       0x30 /home/project-mar/opt/gcc-arm-none-eabi-6-2017-q1-update/bin/../lib/gcc/arm-none-eabi/6.3.1/../../../../arm-none-eabi/lib/thumb/v6-m/libg_nano.a(lib_a-nano-reallocr.o)
 .debug_frame   0x0000000000001188       0x2c /home/project-mar/opt/gcc-arm-none-eabi-6-2017-q1-update/bin/../lib/gcc/arm-none-eabi/6.3.1/../../../../arm-none-eabi/lib/thumb/v6-m/libg_nano.a(lib_a-sbrkr.o)
 .debug_frame   0x00000000000011b4       0x30 /home/project-mar/opt/gcc-arm-none-eabi-6-2017-q1-update/bin/../lib/gcc/arm-none-eabi/6.3.1/../../../../arm-none-eabi/lib/thumb/v6-m/libg_nano.a(lib_a-mlock.o)
 .debug_frame   0x00000000000011e4       0x20 /home/project-mar/opt/gcc-arm-none-eabi-6-2017-q1-update/bin/../lib/gcc/arm-none-eabi/6.3.1/../../../../arm-none-eabi/lib/thumb/v6-m/libg_nano.a(lib_a-nano-msizer.o)

.debug_str      0x0000000000000000    0x784f2
 *(.debug_str)
 .debug_str     0x0000000000000000    0x6e947 ./system/src/stm32l0xx/stm32l0xx_hal.o
                                      0x6ee0b (size before relaxing)
 .debug_str     0x000000000006e947      0x276 ./system/src/stm32l0xx/stm32l0xx_hal_cortex.o
                                      0x6ec11 (size before relaxing)
 .debug_str     0x000000000006ebbd      0x2b8 ./system/src/stm32l0xx/stm32l0xx_hal_gpio.o
                                      0x6eab5 (size before relaxing)
 .debug_str     0x000000000006ee75      0x50f ./system/src/stm32l0xx/stm32l0xx_hal_rcc.o
                                      0x6ede3 (size before relaxing)
 .debug_str     0x000000000006f384     0x10ff ./system/src/newlib/_exit.o
                                       0x7444 (size before relaxing)
 .debug_str     0x0000000000070483      0x375 ./system/src/newlib/_sbrk.o
                                       0x67f6 (size before relaxing)
 .debug_str     0x00000000000707f8      0x260 ./system/src/newlib/_startup.o
                                       0x5fb8 (size before relaxing)
 .debug_str     0x0000000000070a58      0xe2c ./system/src/newlib/_syscalls.o
                                       0x7672 (size before relaxing)
 .debug_str     0x0000000000071884      0x176 ./system/src/diag/Trace.o
                                       0x7c2a (size before relaxing)
 .debug_str     0x00000000000719fa       0x5c ./system/src/diag/trace_impl.o
                                      0x3e3b7 (size before relaxing)
 .debug_str     0x0000000000071a56       0x5e ./system/src/cortexm/_initialize_hardware.o
                                      0x3a63b (size before relaxing)
 .debug_str     0x0000000000071ab4      0x14b ./system/src/cortexm/exception_handlers.o
                                      0x3f4f5 (size before relaxing)
 .debug_str     0x0000000000071bff       0x7d ./system/src/cmsis/system_stm32l0xx.o
                                      0x3a744 (size before relaxing)
 .debug_str     0x0000000000071c7c     0x369d ./system/src/FreeRTOS/port.o
                                       0x6ad3 (size before relaxing)
 .debug_str     0x0000000000075319     0x1b9d ./system/src/FreeRTOS/tasks.o
                                       0xb440 (size before relaxing)
 .debug_str     0x0000000000076eb6     0x15e8 ./src/main.o
                                      0x73c48 (size before relaxing)
 .debug_str     0x000000000007849e       0x1b ./src/stm32l0xx_hal_msp.o
                                      0x6e949 (size before relaxing)
 .debug_str     0x00000000000784b9       0x39 ./src/stm32l0xx_it.o
                                      0x735a8 (size before relaxing)

.debug_loc      0x0000000000000000     0x3099
 *(.debug_loc)
 .debug_loc     0x0000000000000000       0xac ./system/src/stm32l0xx/stm32l0xx_hal.o
 .debug_loc     0x00000000000000ac      0x393 ./system/src/stm32l0xx/stm32l0xx_hal_cortex.o
 .debug_loc     0x000000000000043f      0x2a5 ./system/src/stm32l0xx/stm32l0xx_hal_gpio.o
 .debug_loc     0x00000000000006e4      0x5c1 ./system/src/stm32l0xx/stm32l0xx_hal_rcc.o
 .debug_loc     0x0000000000000ca5       0x99 ./system/src/newlib/_sbrk.o
 .debug_loc     0x0000000000000d3e      0x19e ./system/src/newlib/_startup.o
 .debug_loc     0x0000000000000edc       0x63 ./system/src/newlib/_syscalls.o
 .debug_loc     0x0000000000000f3f       0xf6 ./system/src/diag/Trace.o
 .debug_loc     0x0000000000001035       0x21 ./system/src/diag/trace_impl.o
 .debug_loc     0x0000000000001056       0x94 ./system/src/cortexm/exception_handlers.o
 .debug_loc     0x00000000000010ea      0x1cf ./system/src/cmsis/system_stm32l0xx.o
 .debug_loc     0x00000000000012b9       0xa6 ./system/src/FreeRTOS/port.o
 .debug_loc     0x000000000000135f     0x1cd7 ./system/src/FreeRTOS/tasks.o
 .debug_loc     0x0000000000003036       0x63 ./src/main.o

.debug_macinfo
 *(.debug_macinfo)

.debug_weaknames
 *(.debug_weaknames)

.debug_funcnames
 *(.debug_funcnames)

.debug_typenames
 *(.debug_typenames)

.debug_varnames
 *(.debug_varnames)
OUTPUT(STM32L053-FreeRTOS.elf elf32-littlearm)

.debug_ranges   0x0000000000000000      0x770
 .debug_ranges  0x0000000000000000       0xd0 ./system/src/stm32l0xx/stm32l0xx_hal.o
 .debug_ranges  0x00000000000000d0       0xb8 ./system/src/stm32l0xx/stm32l0xx_hal_cortex.o
 .debug_ranges  0x0000000000000188       0x48 ./system/src/stm32l0xx/stm32l0xx_hal_gpio.o
 .debug_ranges  0x00000000000001d0       0xa8 ./system/src/stm32l0xx/stm32l0xx_hal_rcc.o
 .debug_ranges  0x0000000000000278       0x18 ./system/src/newlib/_exit.o
 .debug_ranges  0x0000000000000290       0x10 ./system/src/newlib/_sbrk.o
 .debug_ranges  0x00000000000002a0       0x78 ./system/src/newlib/_startup.o
 .debug_ranges  0x0000000000000318       0x20 ./system/src/newlib/_syscalls.o
 .debug_ranges  0x0000000000000338       0x28 ./system/src/diag/Trace.o
 .debug_ranges  0x0000000000000360       0x18 ./system/src/diag/trace_impl.o
 .debug_ranges  0x0000000000000378       0x18 ./system/src/cortexm/_initialize_hardware.o
 .debug_ranges  0x0000000000000390       0x48 ./system/src/cortexm/exception_handlers.o
 .debug_ranges  0x00000000000003d8       0x20 ./system/src/cmsis/startup_stm32l053xx.o
 .debug_ranges  0x00000000000003f8       0x18 ./system/src/cmsis/system_stm32l0xx.o
 .debug_ranges  0x0000000000000410       0x78 ./system/src/FreeRTOS/port.o
 .debug_ranges  0x0000000000000488      0x288 ./system/src/FreeRTOS/tasks.o
 .debug_ranges  0x0000000000000710       0x40 ./src/main.o
 .debug_ranges  0x0000000000000750       0x10 ./src/stm32l0xx_hal_msp.o
 .debug_ranges  0x0000000000000760       0x10 ./src/stm32l0xx_it.o

.debug_macro    0x0000000000000000    0x14adb
 .debug_macro   0x0000000000000000      0x2f0 ./system/src/stm32l0xx/stm32l0xx_hal.o
 .debug_macro   0x00000000000002f0      0x898 ./system/src/stm32l0xx/stm32l0xx_hal.o
 .debug_macro   0x0000000000000b88       0x52 ./system/src/stm32l0xx/stm32l0xx_hal.o
 .debug_macro   0x0000000000000bda       0x91 ./system/src/stm32l0xx/stm32l0xx_hal.o
 .debug_macro   0x0000000000000c6b       0x34 ./system/src/stm32l0xx/stm32l0xx_hal.o
 .debug_macro   0x0000000000000c9f       0x28 ./system/src/stm32l0xx/stm32l0xx_hal.o
 .debug_macro   0x0000000000000cc7      0x34e ./system/src/stm32l0xx/stm32l0xx_hal.o
 .debug_macro   0x0000000000001015       0x35 ./system/src/stm32l0xx/stm32l0xx_hal.o
 .debug_macro   0x000000000000104a       0x26 ./system/src/stm32l0xx/stm32l0xx_hal.o
 .debug_macro   0x0000000000001070      0x44f ./system/src/stm32l0xx/stm32l0xx_hal.o
 .debug_macro   0x00000000000014bf     0x9cc0 ./system/src/stm32l0xx/stm32l0xx_hal.o
 .debug_macro   0x000000000000b17f       0x3c ./system/src/stm32l0xx/stm32l0xx_hal.o
 .debug_macro   0x000000000000b1bb     0x34a2 ./system/src/stm32l0xx/stm32l0xx_hal.o
 .debug_macro   0x000000000000e65d       0x22 ./system/src/stm32l0xx/stm32l0xx_hal.o
 .debug_macro   0x000000000000e67f       0x52 ./system/src/stm32l0xx/stm32l0xx_hal.o
 .debug_macro   0x000000000000e6d1       0x8d ./system/src/stm32l0xx/stm32l0xx_hal.o
 .debug_macro   0x000000000000e75e       0x35 ./system/src/stm32l0xx/stm32l0xx_hal.o
 .debug_macro   0x000000000000e793       0x9c ./system/src/stm32l0xx/stm32l0xx_hal.o
 .debug_macro   0x000000000000e82f       0x16 ./system/src/stm32l0xx/stm32l0xx_hal.o
 .debug_macro   0x000000000000e845       0x57 ./system/src/stm32l0xx/stm32l0xx_hal.o
 .debug_macro   0x000000000000e89c       0x97 ./system/src/stm32l0xx/stm32l0xx_hal.o
 .debug_macro   0x000000000000e933      0x30d ./system/src/stm32l0xx/stm32l0xx_hal.o
 .debug_macro   0x000000000000ec40       0xfd ./system/src/stm32l0xx/stm32l0xx_hal.o
 .debug_macro   0x000000000000ed3d       0x10 ./system/src/stm32l0xx/stm32l0xx_hal.o
 .debug_macro   0x000000000000ed4d       0x58 ./system/src/stm32l0xx/stm32l0xx_hal.o
 .debug_macro   0x000000000000eda5       0x1f ./system/src/stm32l0xx/stm32l0xx_hal.o
 .debug_macro   0x000000000000edc4       0x43 ./system/src/stm32l0xx/stm32l0xx_hal.o
 .debug_macro   0x000000000000ee07       0x20 ./system/src/stm32l0xx/stm32l0xx_hal.o
 .debug_macro   0x000000000000ee27      0x187 ./system/src/stm32l0xx/stm32l0xx_hal.o
 .debug_macro   0x000000000000efae       0x10 ./system/src/stm32l0xx/stm32l0xx_hal.o
 .debug_macro   0x000000000000efbe       0x6a ./system/src/stm32l0xx/stm32l0xx_hal.o
 .debug_macro   0x000000000000f028       0x1c ./system/src/stm32l0xx/stm32l0xx_hal.o
 .debug_macro   0x000000000000f044       0x52 ./system/src/stm32l0xx/stm32l0xx_hal.o
 .debug_macro   0x000000000000f096       0x40 ./system/src/stm32l0xx/stm32l0xx_hal.o
 .debug_macro   0x000000000000f0d6       0x10 ./system/src/stm32l0xx/stm32l0xx_hal.o
 .debug_macro   0x000000000000f0e6       0x40 ./system/src/stm32l0xx/stm32l0xx_hal.o
 .debug_macro   0x000000000000f126       0xd7 ./system/src/stm32l0xx/stm32l0xx_hal.o
 .debug_macro   0x000000000000f1fd       0x16 ./system/src/stm32l0xx/stm32l0xx_hal.o
 .debug_macro   0x000000000000f213      0x18b ./system/src/stm32l0xx/stm32l0xx_hal.o
 .debug_macro   0x000000000000f39e       0x57 ./system/src/stm32l0xx/stm32l0xx_hal.o
 .debug_macro   0x000000000000f3f5      0x8e0 ./system/src/stm32l0xx/stm32l0xx_hal.o
 .debug_macro   0x000000000000fcd5      0x9d4 ./system/src/stm32l0xx/stm32l0xx_hal.o
 .debug_macro   0x00000000000106a9      0x14d ./system/src/stm32l0xx/stm32l0xx_hal.o
 .debug_macro   0x00000000000107f6      0x184 ./system/src/stm32l0xx/stm32l0xx_hal.o
 .debug_macro   0x000000000001097a      0x279 ./system/src/stm32l0xx/stm32l0xx_hal.o
 .debug_macro   0x0000000000010bf3      0x1ef ./system/src/stm32l0xx/stm32l0xx_hal.o
 .debug_macro   0x0000000000010de2      0x12a ./system/src/stm32l0xx/stm32l0xx_hal.o
 .debug_macro   0x0000000000010f0c      0x2b6 ./system/src/stm32l0xx/stm32l0xx_hal.o
 .debug_macro   0x00000000000111c2      0x202 ./system/src/stm32l0xx/stm32l0xx_hal.o
 .debug_macro   0x00000000000113c4       0x5b ./system/src/stm32l0xx/stm32l0xx_hal.o
 .debug_macro   0x000000000001141f       0x90 ./system/src/stm32l0xx/stm32l0xx_hal.o
 .debug_macro   0x00000000000114af      0x189 ./system/src/stm32l0xx/stm32l0xx_hal.o
 .debug_macro   0x0000000000011638       0x16 ./system/src/stm32l0xx/stm32l0xx_hal.o
 .debug_macro   0x000000000001164e      0x165 ./system/src/stm32l0xx/stm32l0xx_hal.o
 .debug_macro   0x00000000000117b3      0x2cc ./system/src/stm32l0xx/stm32l0xx_hal_cortex.o
 .debug_macro   0x0000000000011a7f      0x305 ./system/src/stm32l0xx/stm32l0xx_hal_gpio.o
 .debug_macro   0x0000000000011d84      0x31a ./system/src/stm32l0xx/stm32l0xx_hal_rcc.o
 .debug_macro   0x000000000001209e      0x1a7 ./system/src/newlib/_exit.o
 .debug_macro   0x0000000000012245      0x10e ./system/src/newlib/_exit.o
 .debug_macro   0x0000000000012353       0x8d ./system/src/newlib/_exit.o
 .debug_macro   0x00000000000123e0       0x35 ./system/src/newlib/_exit.o
 .debug_macro   0x0000000000012415      0x15c ./system/src/newlib/_sbrk.o
 .debug_macro   0x0000000000012571      0x174 ./system/src/newlib/_sbrk.o
 .debug_macro   0x00000000000126e5       0x10 ./system/src/newlib/_sbrk.o
 .debug_macro   0x00000000000126f5      0x23b ./system/src/newlib/_sbrk.o
 .debug_macro   0x0000000000012930      0x166 ./system/src/newlib/_startup.o
 .debug_macro   0x0000000000012a96      0x20a ./system/src/newlib/_syscalls.o
 .debug_macro   0x0000000000012ca0       0x1c ./system/src/newlib/_syscalls.o
 .debug_macro   0x0000000000012cbc       0x10 ./system/src/newlib/_syscalls.o
 .debug_macro   0x0000000000012ccc       0x10 ./system/src/newlib/_syscalls.o
 .debug_macro   0x0000000000012cdc       0x10 ./system/src/newlib/_syscalls.o
 .debug_macro   0x0000000000012cec       0x35 ./system/src/newlib/_syscalls.o
 .debug_macro   0x0000000000012d21      0x122 ./system/src/newlib/_syscalls.o
 .debug_macro   0x0000000000012e43       0x88 ./system/src/newlib/_syscalls.o
 .debug_macro   0x0000000000012ecb       0x2b ./system/src/newlib/_syscalls.o
 .debug_macro   0x0000000000012ef6      0x118 ./system/src/newlib/_syscalls.o
 .debug_macro   0x000000000001300e      0x159 ./system/src/newlib/_syscalls.o
 .debug_macro   0x0000000000013167       0x16 ./system/src/newlib/_syscalls.o
 .debug_macro   0x000000000001317d      0x1e4 ./system/src/diag/Trace.o
 .debug_macro   0x0000000000013361       0x4c ./system/src/diag/Trace.o
 .debug_macro   0x00000000000133ad       0x16 ./system/src/diag/Trace.o
 .debug_macro   0x00000000000133c3      0x1e1 ./system/src/diag/trace_impl.o
 .debug_macro   0x00000000000135a4       0x10 ./system/src/diag/trace_impl.o
 .debug_macro   0x00000000000135b4       0xcf ./system/src/diag/trace_impl.o
 .debug_macro   0x0000000000013683       0xbe ./system/src/diag/trace_impl.o
 .debug_macro   0x0000000000013741       0x8a ./system/src/cortexm/_initialize_hardware.o
 .debug_macro   0x00000000000137cb      0x22c ./system/src/cortexm/exception_handlers.o
 .debug_macro   0x00000000000139f7       0x3b ./system/src/cortexm/exception_handlers.o
 .debug_macro   0x0000000000013a32       0x22 ./system/src/cortexm/exception_handlers.o
 .debug_macro   0x0000000000013a54       0x10 ./system/src/cortexm/exception_handlers.o
 .debug_macro   0x0000000000013a64       0x98 ./system/src/cmsis/system_stm32l0xx.o
 .debug_macro   0x0000000000013afc       0xef ./system/src/FreeRTOS/port.o
 .debug_macro   0x0000000000013beb      0x259 ./system/src/FreeRTOS/tasks.o
 .debug_macro   0x0000000000013e44       0x11 ./system/src/FreeRTOS/tasks.o
 .debug_macro   0x0000000000013e55      0x373 ./src/main.o
 .debug_macro   0x00000000000141c8       0x16 ./src/main.o
 .debug_macro   0x00000000000141de       0xd8 ./src/main.o
 .debug_macro   0x00000000000142b6       0x97 ./src/main.o
 .debug_macro   0x000000000001434d       0x69 ./src/main.o
 .debug_macro   0x00000000000143b6       0x11 ./src/main.o
 .debug_macro   0x00000000000143c7       0xcf ./src/main.o
 .debug_macro   0x0000000000014496      0x2cc ./src/stm32l0xx_hal_msp.o
 .debug_macro   0x0000000000014762      0x379 ./src/stm32l0xx_it.o
